            Xorg-553     [000] d...  3713.412712: sched_switch: prev_comm=Xorg prev_pid=553 prev_prio=120 prev_state=S ==> next_comm=swapper/0 next_pid=0 next_prio=120
          <idle>-0       [002] dnh.  3713.413049: sched_wakeup: comm=gdbus pid=1030 prio=120 target_cpu=002
          <idle>-0       [002] d...  3713.413069: sched_switch: prev_comm=swapper/2 prev_pid=0 prev_prio=120 prev_state=R ==> next_comm=gdbus next_pid=1030 next_prio=120
      lxterminal-1024    [003] d...  3713.413119: sched_switch: prev_comm=lxterminal prev_pid=1024 prev_prio=120 prev_state=S ==> next_comm=swapper/3 next_pid=0 next_prio=120
          <idle>-0       [001] dnh.  3713.413169: sched_wakeup: comm=dbus-daemon pid=676 prio=120 target_cpu=001
          <idle>-0       [001] d...  3713.413185: sched_switch: prev_comm=swapper/1 prev_pid=0 prev_prio=120 prev_state=R ==> next_comm=dbus-daemon next_pid=676 next_prio=120
           gdbus-1030    [002] d...  3713.413252: sched_switch: prev_comm=gdbus prev_pid=1030 prev_prio=120 prev_state=S ==> next_comm=swapper/2 next_pid=0 next_prio=120
     dbus-daemon-676     [001] d...  3713.413455: sched_wakeup: comm=fcitx pid=666 prio=120 target_cpu=001
     dbus-daemon-676     [001] d...  3713.413499: sched_switch: prev_comm=dbus-daemon prev_pid=676 prev_prio=120 prev_state=S ==> next_comm=fcitx next_pid=666 next_prio=120
           fcitx-666     [001] dn..  3713.413716: sched_wakeup: comm=dbus-daemon pid=676 prio=120 target_cpu=001
           fcitx-666     [001] d...  3713.413730: sched_switch: prev_comm=fcitx prev_pid=666 prev_prio=120 prev_state=R ==> next_comm=dbus-daemon next_pid=676 next_prio=120
          <idle>-0       [002] dnh.  3713.413881: sched_wakeup: comm=gdbus pid=1030 prio=120 target_cpu=002
          <idle>-0       [002] d...  3713.413900: sched_switch: prev_comm=swapper/2 prev_pid=0 prev_prio=120 prev_state=R ==> next_comm=gdbus next_pid=1030 next_prio=120
     dbus-daemon-676     [001] d...  3713.413906: sched_switch: prev_comm=dbus-daemon prev_pid=676 prev_prio=120 prev_state=S ==> next_comm=fcitx next_pid=666 next_prio=120
          <idle>-0       [000] dnh.  3713.414074: sched_wakeup: comm=Xorg pid=553 prio=120 target_cpu=000
          <idle>-0       [000] d...  3713.414094: sched_switch: prev_comm=swapper/0 prev_pid=0 prev_prio=120 prev_state=R ==> next_comm=Xorg next_pid=553 next_prio=120
           fcitx-666     [001] d...  3713.414177: sched_switch: prev_comm=fcitx prev_pid=666 prev_prio=120 prev_state=S ==> next_comm=swapper/1 next_pid=0 next_prio=120
            Xorg-553     [000] dn..  3713.414204: sched_wakeup: comm=lxpanel pid=704 prio=120 target_cpu=000
            Xorg-553     [000] d...  3713.414217: sched_switch: prev_comm=Xorg prev_pid=553 prev_prio=120 prev_state=R ==> next_comm=lxpanel next_pid=704 next_prio=120
           gdbus-1030    [002] d...  3713.414323: sched_switch: prev_comm=gdbus prev_pid=1030 prev_prio=120 prev_state=S ==> next_comm=swapper/2 next_pid=0 next_prio=120
         lxpanel-704     [000] d...  3713.414402: sched_switch: prev_comm=lxpanel prev_pid=704 prev_prio=120 prev_state=S ==> next_comm=Xorg next_pid=553 next_prio=120
            Xorg-553     [000] dn..  3713.414448: sched_wakeup: comm=lxsession pid=606 prio=120 target_cpu=000
            Xorg-553     [000] d...  3713.414460: sched_switch: prev_comm=Xorg prev_pid=553 prev_prio=120 prev_state=R ==> next_comm=lxsession next_pid=606 next_prio=120
       lxsession-606     [000] d...  3713.414594: sched_switch: prev_comm=lxsession prev_pid=606 prev_prio=120 prev_state=S ==> next_comm=Xorg next_pid=553 next_prio=120
            Xorg-553     [000] d...  3713.414674: sched_switch: prev_comm=Xorg prev_pid=553 prev_prio=120 prev_state=S ==> next_comm=swapper/0 next_pid=0 next_prio=120
          <idle>-0       [001] dns.  3713.425998: sched_wakeup: comm=rcu_sched pid=12 prio=120 target_cpu=001
          <idle>-0       [001] d...  3713.426030: sched_switch: prev_comm=swapper/1 prev_pid=0 prev_prio=120 prev_state=R ==> next_comm=rcu_sched next_pid=12 next_prio=120
       rcu_sched-12      [001] d...  3713.426080: sched_switch: prev_comm=rcu_sched prev_pid=12 prev_prio=120 prev_state=I ==> next_comm=swapper/1 next_pid=0 next_prio=120
          <idle>-0       [003] dnh.  3713.428145: sched_wakeup: comm=lxterminal pid=1024 prio=120 target_cpu=003
          <idle>-0       [003] d...  3713.428169: sched_switch: prev_comm=swapper/3 prev_pid=0 prev_prio=120 prev_state=R ==> next_comm=lxterminal next_pid=1024 next_prio=120
          <idle>-0       [000] dnh.  3713.428464: sched_wakeup: comm=Xorg pid=553 prio=120 target_cpu=000
      lxterminal-1024    [003] d...  3713.428480: sched_switch: prev_comm=lxterminal prev_pid=1024 prev_prio=120 prev_state=S ==> next_comm=swapper/3 next_pid=0 next_prio=120
          <idle>-0       [000] d...  3713.428484: sched_switch: prev_comm=swapper/0 prev_pid=0 prev_prio=120 prev_state=R ==> next_comm=Xorg next_pid=553 next_prio=120
          <idle>-0       [003] dnh.  3713.428556: sched_wakeup: comm=lxterminal pid=1024 prio=120 target_cpu=003
          <idle>-0       [003] d...  3713.428575: sched_switch: prev_comm=swapper/3 prev_pid=0 prev_prio=120 prev_state=R ==> next_comm=lxterminal next_pid=1024 next_prio=120
            Xorg-553     [000] d...  3713.428584: sched_switch: prev_comm=Xorg prev_pid=553 prev_prio=120 prev_state=S ==> next_comm=swapper/0 next_pid=0 next_prio=120
          <idle>-0       [000] dnh.  3713.429487: sched_wakeup: comm=Xorg pid=553 prio=120 target_cpu=000
          <idle>-0       [000] d...  3713.429506: sched_switch: prev_comm=swapper/0 prev_pid=0 prev_prio=120 prev_state=R ==> next_comm=Xorg next_pid=553 next_prio=120
      lxterminal-1024    [003] d...  3713.429545: sched_switch: prev_comm=lxterminal prev_pid=1024 prev_prio=120 prev_state=S ==> next_comm=swapper/3 next_pid=0 next_prio=120
            Xorg-553     [000] d...  3713.430686: sched_switch: prev_comm=Xorg prev_pid=553 prev_prio=120 prev_state=D ==> next_comm=swapper/0 next_pid=0 next_prio=120
          <idle>-0       [000] dnh.  3713.433870: sched_wakeup: comm=Xorg pid=553 prio=120 target_cpu=000
          <idle>-0       [000] d...  3713.433892: sched_switch: prev_comm=swapper/0 prev_pid=0 prev_prio=120 prev_state=R ==> next_comm=Xorg next_pid=553 next_prio=120
            Xorg-553     [000] d...  3713.433948: sched_switch: prev_comm=Xorg prev_pid=553 prev_prio=120 prev_state=D ==> next_comm=swapper/0 next_pid=0 next_prio=120
          <idle>-0       [000] dnh.  3713.433972: sched_wakeup: comm=Xorg pid=553 prio=120 target_cpu=000
          <idle>-0       [000] d...  3713.433990: sched_switch: prev_comm=swapper/0 prev_pid=0 prev_prio=120 prev_state=R ==> next_comm=Xorg next_pid=553 next_prio=120
          <idle>-0       [002] dnh.  3713.434067: sched_wakeup: comm=v3d_bin pid=230 prio=98 target_cpu=002
          <idle>-0       [001] dnh.  3713.434076: sched_wakeup: comm=v3d_render pid=235 prio=98 target_cpu=001
          <idle>-0       [002] d...  3713.434091: sched_switch: prev_comm=swapper/2 prev_pid=0 prev_prio=120 prev_state=R ==> next_comm=v3d_bin next_pid=230 next_prio=98
          <idle>-0       [001] d...  3713.434093: sched_switch: prev_comm=swapper/1 prev_pid=0 prev_prio=120 prev_state=R ==> next_comm=v3d_render next_pid=235 next_prio=98
      v3d_render-235     [001] d...  3713.434138: sched_switch: prev_comm=v3d_render prev_pid=235 prev_prio=98 prev_state=S ==> next_comm=swapper/1 next_pid=0 next_prio=120
            Xorg-553     [000] d...  3713.434146: sched_switch: prev_comm=Xorg prev_pid=553 prev_prio=120 prev_state=S ==> next_comm=swapper/0 next_pid=0 next_prio=120
         v3d_bin-230     [002] d...  3713.434166: sched_switch: prev_comm=v3d_bin prev_pid=230 prev_prio=98 prev_state=R ==> next_comm=swapper/2 next_pid=0 next_prio=120
          <idle>-0       [001] dnh.  3713.434166: sched_wakeup: comm=v3d_render pid=235 prio=98 target_cpu=001
          <idle>-0       [002] dnh.  3713.434175: sched_wakeup: comm=v3d_bin pid=230 prio=98 target_cpu=002
          <idle>-0       [001] d...  3713.434180: sched_switch: prev_comm=swapper/1 prev_pid=0 prev_prio=120 prev_state=R ==> next_comm=v3d_render next_pid=235 next_prio=98
          <idle>-0       [002] d...  3713.434181: sched_switch: prev_comm=swapper/2 prev_pid=0 prev_prio=120 prev_state=R ==> next_comm=v3d_bin next_pid=230 next_prio=98
         v3d_bin-230     [002] d...  3713.434215: sched_switch: prev_comm=v3d_bin prev_pid=230 prev_prio=98 prev_state=S ==> next_comm=swapper/2 next_pid=0 next_prio=120
          <idle>-0       [000] dnh.  3713.434222: sched_wakeup: comm=Xorg pid=553 prio=120 target_cpu=000
          <idle>-0       [000] d...  3713.434240: sched_switch: prev_comm=swapper/0 prev_pid=0 prev_prio=120 prev_state=R ==> next_comm=Xorg next_pid=553 next_prio=120
      v3d_render-235     [001] d...  3713.434254: sched_switch: prev_comm=v3d_render prev_pid=235 prev_prio=98 prev_state=S ==> next_comm=swapper/1 next_pid=0 next_prio=120
          <idle>-0       [002] dnh.  3713.434598: sched_wakeup: comm=v3d_bin pid=230 prio=98 target_cpu=002
          <idle>-0       [001] dnh.  3713.434607: sched_wakeup: comm=v3d_render pid=235 prio=98 target_cpu=001
          <idle>-0       [002] d...  3713.434612: sched_switch: prev_comm=swapper/2 prev_pid=0 prev_prio=120 prev_state=R ==> next_comm=v3d_bin next_pid=230 next_prio=98
          <idle>-0       [001] d...  3713.434621: sched_switch: prev_comm=swapper/1 prev_pid=0 prev_prio=120 prev_state=R ==> next_comm=v3d_render next_pid=235 next_prio=98
      v3d_render-235     [001] d...  3713.434656: sched_switch: prev_comm=v3d_render prev_pid=235 prev_prio=98 prev_state=S ==> next_comm=swapper/1 next_pid=0 next_prio=120
            Xorg-553     [000] d...  3713.434670: sched_switch: prev_comm=Xorg prev_pid=553 prev_prio=120 prev_state=S ==> next_comm=swapper/0 next_pid=0 next_prio=120
         v3d_bin-230     [002] d...  3713.434671: sched_switch: prev_comm=v3d_bin prev_pid=230 prev_prio=98 prev_state=S ==> next_comm=swapper/2 next_pid=0 next_prio=120
          <idle>-0       [001] dnh.  3713.434759: sched_wakeup: comm=v3d_render pid=235 prio=98 target_cpu=001
          <idle>-0       [002] dnh.  3713.434762: sched_wakeup: comm=v3d_bin pid=230 prio=98 target_cpu=002
          <idle>-0       [001] d...  3713.434772: sched_switch: prev_comm=swapper/1 prev_pid=0 prev_prio=120 prev_state=R ==> next_comm=v3d_render next_pid=235 next_prio=98
          <idle>-0       [002] d...  3713.434775: sched_switch: prev_comm=swapper/2 prev_pid=0 prev_prio=120 prev_state=R ==> next_comm=v3d_bin next_pid=230 next_prio=98
         v3d_bin-230     [002] d...  3713.434809: sched_switch: prev_comm=v3d_bin prev_pid=230 prev_prio=98 prev_state=S ==> next_comm=swapper/2 next_pid=0 next_prio=120
      v3d_render-235     [001] d...  3713.434820: sched_switch: prev_comm=v3d_render prev_pid=235 prev_prio=98 prev_state=S ==> next_comm=swapper/1 next_pid=0 next_prio=120
          <idle>-0       [000] dnh.  3713.434863: sched_wakeup: comm=Xorg pid=553 prio=120 target_cpu=000
          <idle>-0       [001] dnh.  3713.434873: sched_wakeup: comm=v3d_render pid=235 prio=98 target_cpu=001
          <idle>-0       [000] d...  3713.434883: sched_switch: prev_comm=swapper/0 prev_pid=0 prev_prio=120 prev_state=R ==> next_comm=Xorg next_pid=553 next_prio=120
          <idle>-0       [001] d...  3713.434887: sched_switch: prev_comm=swapper/1 prev_pid=0 prev_prio=120 prev_state=R ==> next_comm=v3d_render next_pid=235 next_prio=98
      v3d_render-235     [001] d...  3713.434926: sched_switch: prev_comm=v3d_render prev_pid=235 prev_prio=98 prev_state=S ==> next_comm=swapper/1 next_pid=0 next_prio=120
          <idle>-0       [002] dnh.  3713.435056: sched_wakeup: comm=v3d_bin pid=230 prio=98 target_cpu=002
          <idle>-0       [001] dnh.  3713.435065: sched_wakeup: comm=v3d_render pid=235 prio=98 target_cpu=001
          <idle>-0       [002] d...  3713.435069: sched_switch: prev_comm=swapper/2 prev_pid=0 prev_prio=120 prev_state=R ==> next_comm=v3d_bin next_pid=230 next_prio=98
          <idle>-0       [001] d...  3713.435079: sched_switch: prev_comm=swapper/1 prev_pid=0 prev_prio=120 prev_state=R ==> next_comm=v3d_render next_pid=235 next_prio=98
            Xorg-553     [000] d...  3713.435114: sched_switch: prev_comm=Xorg prev_pid=553 prev_prio=120 prev_state=S ==> next_comm=swapper/0 next_pid=0 next_prio=120
      v3d_render-235     [001] d...  3713.435114: sched_switch: prev_comm=v3d_render prev_pid=235 prev_prio=98 prev_state=S ==> next_comm=swapper/1 next_pid=0 next_prio=120
         v3d_bin-230     [002] d...  3713.435127: sched_switch: prev_comm=v3d_bin prev_pid=230 prev_prio=98 prev_state=S ==> next_comm=swapper/2 next_pid=0 next_prio=120
          <idle>-0       [001] dnh.  3713.435217: sched_wakeup: comm=v3d_render pid=235 prio=98 target_cpu=001
          <idle>-0       [002] dnh.  3713.435220: sched_wakeup: comm=v3d_bin pid=230 prio=98 target_cpu=002
          <idle>-0       [001] d...  3713.435230: sched_switch: prev_comm=swapper/1 prev_pid=0 prev_prio=120 prev_state=R ==> next_comm=v3d_render next_pid=235 next_prio=98
          <idle>-0       [002] d...  3713.435233: sched_switch: prev_comm=swapper/2 prev_pid=0 prev_prio=120 prev_state=R ==> next_comm=v3d_bin next_pid=230 next_prio=98
         v3d_bin-230     [002] d...  3713.435265: sched_switch: prev_comm=v3d_bin prev_pid=230 prev_prio=98 prev_state=S ==> next_comm=swapper/2 next_pid=0 next_prio=120
      v3d_render-235     [001] d...  3713.435279: sched_switch: prev_comm=v3d_render prev_pid=235 prev_prio=98 prev_state=S ==> next_comm=swapper/1 next_pid=0 next_prio=120
          <idle>-0       [001] dnh.  3713.435321: sched_wakeup: comm=v3d_render pid=235 prio=98 target_cpu=001
          <idle>-0       [001] d...  3713.435335: sched_switch: prev_comm=swapper/1 prev_pid=0 prev_prio=120 prev_state=R ==> next_comm=v3d_render next_pid=235 next_prio=98
      v3d_render-235     [001] d...  3713.435377: sched_switch: prev_comm=v3d_render prev_pid=235 prev_prio=98 prev_state=S ==> next_comm=swapper/1 next_pid=0 next_prio=120
          <idle>-0       [002] dns.  3713.436009: sched_wakeup: comm=kworker/2:1 pid=34 prio=120 target_cpu=002
          <idle>-0       [000] dns.  3713.436010: sched_wakeup: comm=kworker/0:1 pid=1079 prio=120 target_cpu=000
          <idle>-0       [000] d...  3713.436046: sched_switch: prev_comm=swapper/0 prev_pid=0 prev_prio=120 prev_state=R ==> next_comm=kworker/0:1 next_pid=1079 next_prio=120
          <idle>-0       [002] d...  3713.436047: sched_switch: prev_comm=swapper/2 prev_pid=0 prev_prio=120 prev_state=R ==> next_comm=kworker/2:1 next_pid=34 next_prio=120
     kworker/2:1-34      [002] d...  3713.436082: sched_switch: prev_comm=kworker/2:1 prev_pid=34 prev_prio=120 prev_state=I ==> next_comm=swapper/2 next_pid=0 next_prio=120
     kworker/0:1-1079    [000] d...  3713.436103: sched_switch: prev_comm=kworker/0:1 prev_pid=1079 prev_prio=120 prev_state=I ==> next_comm=swapper/0 next_pid=0 next_prio=120
          <idle>-0       [001] dns.  3713.446000: sched_wakeup: comm=rcu_sched pid=12 prio=120 target_cpu=001
          <idle>-0       [001] d...  3713.446029: sched_switch: prev_comm=swapper/1 prev_pid=0 prev_prio=120 prev_state=R ==> next_comm=rcu_sched next_pid=12 next_prio=120
       rcu_sched-12      [001] d...  3713.446087: sched_switch: prev_comm=rcu_sched prev_pid=12 prev_prio=120 prev_state=I ==> next_comm=swapper/1 next_pid=0 next_prio=120
          <idle>-0       [003] dnh.  3713.458562: sched_wakeup: comm=lxterminal pid=1024 prio=120 target_cpu=003
          <idle>-0       [003] d...  3713.458586: sched_switch: prev_comm=swapper/3 prev_pid=0 prev_prio=120 prev_state=R ==> next_comm=lxterminal next_pid=1024 next_prio=120
      lxterminal-1024    [003] d...  3713.458718: sched_switch: prev_comm=lxterminal prev_pid=1024 prev_prio=120 prev_state=S ==> next_comm=swapper/3 next_pid=0 next_prio=120
          <idle>-0       [000] dns.  3713.465996: sched_wakeup: comm=kworker/0:1 pid=1079 prio=120 target_cpu=000
          <idle>-0       [002] dns.  3713.465999: sched_wakeup: comm=kworker/2:1 pid=34 prio=120 target_cpu=002
          <idle>-0       [001] dns.  3713.466001: sched_wakeup: comm=rcu_sched pid=12 prio=120 target_cpu=001
          <idle>-0       [001] d...  3713.466030: sched_switch: prev_comm=swapper/1 prev_pid=0 prev_prio=120 prev_state=R ==> next_comm=rcu_sched next_pid=12 next_prio=120
          <idle>-0       [002] d...  3713.466033: sched_switch: prev_comm=swapper/2 prev_pid=0 prev_prio=120 prev_state=R ==> next_comm=kworker/2:1 next_pid=34 next_prio=120
          <idle>-0       [000] d...  3713.466033: sched_switch: prev_comm=swapper/0 prev_pid=0 prev_prio=120 prev_state=R ==> next_comm=kworker/0:1 next_pid=1079 next_prio=120
     kworker/0:1-1079    [000] d...  3713.466055: sched_switch: prev_comm=kworker/0:1 prev_pid=1079 prev_prio=120 prev_state=I ==> next_comm=swapper/0 next_pid=0 next_prio=120
     kworker/2:1-34      [002] d...  3713.466055: sched_switch: prev_comm=kworker/2:1 prev_pid=34 prev_prio=120 prev_state=I ==> next_comm=swapper/2 next_pid=0 next_prio=120
       rcu_sched-12      [001] d...  3713.466065: sched_switch: prev_comm=rcu_sched prev_pid=12 prev_prio=120 prev_state=I ==> next_comm=swapper/1 next_pid=0 next_prio=120
          <idle>-0       [002] dns.  3713.476013: sched_wakeup: comm=rcu_sched pid=12 prio=120 target_cpu=002
          <idle>-0       [002] d...  3713.476046: sched_switch: prev_comm=swapper/2 prev_pid=0 prev_prio=120 prev_state=R ==> next_comm=rcu_sched next_pid=12 next_prio=120
       rcu_sched-12      [002] d...  3713.476072: sched_switch: prev_comm=rcu_sched prev_pid=12 prev_prio=120 prev_state=I ==> next_comm=swapper/2 next_pid=0 next_prio=120
          <idle>-0       [002] dnH.  3713.496008: sched_wakeup: comm=kworker/2:1 pid=34 prio=120 target_cpu=002
          <idle>-0       [002] d...  3713.496029: sched_switch: prev_comm=swapper/2 prev_pid=0 prev_prio=120 prev_state=R ==> next_comm=kworker/2:1 next_pid=34 next_prio=120
     kworker/2:1-34      [002] d...  3713.496069: sched_switch: prev_comm=kworker/2:1 prev_pid=34 prev_prio=120 prev_state=I ==> next_comm=swapper/2 next_pid=0 next_prio=120
          <idle>-0       [002] dns.  3713.506003: sched_wakeup: comm=rcu_sched pid=12 prio=120 target_cpu=002
          <idle>-0       [002] d...  3713.506032: sched_switch: prev_comm=swapper/2 prev_pid=0 prev_prio=120 prev_state=R ==> next_comm=rcu_sched next_pid=12 next_prio=120
       rcu_sched-12      [002] d...  3713.506063: sched_switch: prev_comm=rcu_sched prev_pid=12 prev_prio=120 prev_state=I ==> next_comm=swapper/2 next_pid=0 next_prio=120
          <idle>-0       [002] dns.  3713.516015: sched_wakeup: comm=kworker/2:1 pid=34 prio=120 target_cpu=002
          <idle>-0       [000] dns.  3713.516018: sched_wakeup: comm=kworker/0:1 pid=1079 prio=120 target_cpu=000
          <idle>-0       [002] d...  3713.516035: sched_switch: prev_comm=swapper/2 prev_pid=0 prev_prio=120 prev_state=R ==> next_comm=kworker/2:1 next_pid=34 next_prio=120
          <idle>-0       [000] d...  3713.516039: sched_switch: prev_comm=swapper/0 prev_pid=0 prev_prio=120 prev_state=R ==> next_comm=kworker/0:1 next_pid=1079 next_prio=120
     kworker/2:1-34      [002] d...  3713.516057: sched_switch: prev_comm=kworker/2:1 prev_pid=34 prev_prio=120 prev_state=I ==> next_comm=swapper/2 next_pid=0 next_prio=120
     kworker/0:1-1079    [000] d...  3713.516062: sched_switch: prev_comm=kworker/0:1 prev_pid=1079 prev_prio=120 prev_state=I ==> next_comm=swapper/0 next_pid=0 next_prio=120
          <idle>-0       [001] dns.  3713.536007: sched_wakeup: comm=kworker/1:2 pid=89 prio=120 target_cpu=001
          <idle>-0       [001] d...  3713.536045: sched_switch: prev_comm=swapper/1 prev_pid=0 prev_prio=120 prev_state=R ==> next_comm=kworker/1:2 next_pid=89 next_prio=120
     kworker/1:2-89      [001] d...  3713.536120: sched_switch: prev_comm=kworker/1:2 prev_pid=89 prev_prio=120 prev_state=D ==> next_comm=swapper/1 next_pid=0 next_prio=120
          <idle>-0       [001] dnh.  3713.539216: sched_wakeup: comm=kworker/1:2 pid=89 prio=120 target_cpu=001
          <idle>-0       [001] d...  3713.539234: sched_switch: prev_comm=swapper/1 prev_pid=0 prev_prio=120 prev_state=R ==> next_comm=kworker/1:2 next_pid=89 next_prio=120
     kworker/1:2-89      [001] d...  3713.539290: sched_switch: prev_comm=kworker/1:2 prev_pid=89 prev_prio=120 prev_state=D ==> next_comm=swapper/1 next_pid=0 next_prio=120
          <idle>-0       [001] dnh.  3713.539317: sched_wakeup: comm=kworker/1:2 pid=89 prio=120 target_cpu=001
          <idle>-0       [001] d...  3713.539334: sched_switch: prev_comm=swapper/1 prev_pid=0 prev_prio=120 prev_state=R ==> next_comm=kworker/1:2 next_pid=89 next_prio=120
     kworker/1:2-89      [001] d...  3713.539355: sched_switch: prev_comm=kworker/1:2 prev_pid=89 prev_prio=120 prev_state=I ==> next_comm=swapper/1 next_pid=0 next_prio=120
          <idle>-0       [000] dnh.  3713.576560: sched_wakeup: comm=lxpanel pid=704 prio=120 target_cpu=000
          <idle>-0       [000] d...  3713.576582: sched_switch: prev_comm=swapper/0 prev_pid=0 prev_prio=120 prev_state=R ==> next_comm=lxpanel next_pid=704 next_prio=120
         lxpanel-704     [000] d...  3713.576713: sched_switch: prev_comm=lxpanel prev_pid=704 prev_prio=120 prev_state=S ==> next_comm=swapper/0 next_pid=0 next_prio=120
          <idle>-0       [000] dns.  3713.614872: sched_wakeup: comm=kworker/0:1 pid=1079 prio=120 target_cpu=000
          <idle>-0       [000] dns.  3713.614893: sched_wakeup: comm=InputThread pid=571 prio=120 target_cpu=000
          <idle>-0       [000] dns.  3713.614932: sched_wakeup: comm=ksoftirqd/0 pid=11 prio=120 target_cpu=000
          <idle>-0       [000] d...  3713.614954: sched_switch: prev_comm=swapper/0 prev_pid=0 prev_prio=120 prev_state=R ==> next_comm=ksoftirqd/0 next_pid=11 next_prio=120
     ksoftirqd/0-11      [000] d...  3713.614976: sched_switch: prev_comm=ksoftirqd/0 prev_pid=11 prev_prio=120 prev_state=S ==> next_comm=kworker/0:1 next_pid=1079 next_prio=120
     kworker/0:1-1079    [000] d...  3713.615016: sched_switch: prev_comm=kworker/0:1 prev_pid=1079 prev_prio=120 prev_state=I ==> next_comm=InputThread next_pid=571 next_prio=120
     InputThread-571     [000] d...  3713.615161: sched_wakeup: comm=Xorg pid=553 prio=120 target_cpu=000
     InputThread-571     [000] d...  3713.615198: sched_switch: prev_comm=InputThread prev_pid=571 prev_prio=120 prev_state=S ==> next_comm=Xorg next_pid=553 next_prio=120
          <idle>-0       [003] dnh.  3713.615355: sched_wakeup: comm=lxterminal pid=1024 prio=120 target_cpu=003
          <idle>-0       [003] d...  3713.615376: sched_switch: prev_comm=swapper/3 prev_pid=0 prev_prio=120 prev_state=R ==> next_comm=lxterminal next_pid=1024 next_prio=120
            Xorg-553     [000] d...  3713.615421: sched_switch: prev_comm=Xorg prev_pid=553 prev_prio=120 prev_state=S ==> next_comm=swapper/0 next_pid=0 next_prio=120
          <idle>-0       [002] dnh.  3713.616012: sched_wakeup: comm=gdbus pid=1030 prio=120 target_cpu=002
          <idle>-0       [002] d...  3713.616036: sched_switch: prev_comm=swapper/2 prev_pid=0 prev_prio=120 prev_state=R ==> next_comm=gdbus next_pid=1030 next_prio=120
      lxterminal-1024    [003] d...  3713.616136: sched_switch: prev_comm=lxterminal prev_pid=1024 prev_prio=120 prev_state=S ==> next_comm=swapper/3 next_pid=0 next_prio=120
          <idle>-0       [001] dnh.  3713.616143: sched_wakeup: comm=dbus-daemon pid=676 prio=120 target_cpu=001
          <idle>-0       [001] d...  3713.616164: sched_switch: prev_comm=swapper/1 prev_pid=0 prev_prio=120 prev_state=R ==> next_comm=dbus-daemon next_pid=676 next_prio=120
           gdbus-1030    [002] d...  3713.616233: sched_switch: prev_comm=gdbus prev_pid=1030 prev_prio=120 prev_state=S ==> next_comm=swapper/2 next_pid=0 next_prio=120
     dbus-daemon-676     [001] d...  3713.616445: sched_wakeup: comm=fcitx pid=666 prio=120 target_cpu=001
     dbus-daemon-676     [001] d...  3713.616499: sched_switch: prev_comm=dbus-daemon prev_pid=676 prev_prio=120 prev_state=S ==> next_comm=fcitx next_pid=666 next_prio=120
           fcitx-666     [001] dn..  3713.616767: sched_wakeup: comm=dbus-daemon pid=676 prio=120 target_cpu=001
           fcitx-666     [001] d...  3713.616780: sched_switch: prev_comm=fcitx prev_pid=666 prev_prio=120 prev_state=R ==> next_comm=dbus-daemon next_pid=676 next_prio=120
          <idle>-0       [002] dnh.  3713.616941: sched_wakeup: comm=gdbus pid=1030 prio=120 target_cpu=002
          <idle>-0       [002] d...  3713.616960: sched_switch: prev_comm=swapper/2 prev_pid=0 prev_prio=120 prev_state=R ==> next_comm=gdbus next_pid=1030 next_prio=120
     dbus-daemon-676     [001] d...  3713.616965: sched_switch: prev_comm=dbus-daemon prev_pid=676 prev_prio=120 prev_state=S ==> next_comm=fcitx next_pid=666 next_prio=120
           fcitx-666     [001] d...  3713.617128: sched_switch: prev_comm=fcitx prev_pid=666 prev_prio=120 prev_state=S ==> next_comm=swapper/1 next_pid=0 next_prio=120
          <idle>-0       [003] dnh.  3713.617321: sched_wakeup: comm=lxterminal pid=1024 prio=120 target_cpu=003
          <idle>-0       [003] d...  3713.617342: sched_switch: prev_comm=swapper/3 prev_pid=0 prev_prio=120 prev_state=R ==> next_comm=lxterminal next_pid=1024 next_prio=120
           gdbus-1030    [002] d...  3713.617422: sched_switch: prev_comm=gdbus prev_pid=1030 prev_prio=120 prev_state=S ==> next_comm=swapper/2 next_pid=0 next_prio=120
      lxterminal-1024    [003] d...  3713.617809: sched_switch: prev_comm=lxterminal prev_pid=1024 prev_prio=120 prev_state=S ==> next_comm=swapper/3 next_pid=0 next_prio=120
          <idle>-0       [002] dnh.  3713.626053: sched_wakeup: comm=rcu_sched pid=12 prio=120 target_cpu=002
          <idle>-0       [002] d...  3713.626072: sched_switch: prev_comm=swapper/2 prev_pid=0 prev_prio=120 prev_state=R ==> next_comm=rcu_sched next_pid=12 next_prio=120
       rcu_sched-12      [002] d...  3713.626104: sched_switch: prev_comm=rcu_sched prev_pid=12 prev_prio=120 prev_state=I ==> next_comm=swapper/2 next_pid=0 next_prio=120
          <idle>-0       [000] dns.  3713.636025: sched_wakeup: comm=kworker/0:1 pid=1079 prio=120 target_cpu=000
          <idle>-0       [000] d...  3713.636066: sched_switch: prev_comm=swapper/0 prev_pid=0 prev_prio=120 prev_state=R ==> next_comm=kworker/0:1 next_pid=1079 next_prio=120
     kworker/0:1-1079    [000] d.h.  3713.636097: sched_wakeup: comm=kworker/0:1 pid=1079 prio=120 target_cpu=000
     kworker/0:1-1079    [000] d...  3713.636128: sched_wakeup: comm=kworker/0:3 pid=1101 prio=120 target_cpu=000
     kworker/0:1-1079    [000] d.h.  3713.636135: sched_wakeup: comm=kworker/0:1 pid=1079 prio=120 target_cpu=000
     kworker/0:1-1079    [000] d...  3713.636145: sched_switch: prev_comm=kworker/0:1 prev_pid=1079 prev_prio=120 prev_state=R ==> next_comm=kworker/0:3 next_pid=1101 next_prio=120
     kworker/0:3-1101    [000] d.h.  3713.636218: sched_wakeup: comm=kworker/0:3 pid=1101 prio=120 target_cpu=000
     kworker/0:3-1101    [000] d...  3713.636266: sched_switch: prev_comm=kworker/0:3 prev_pid=1101 prev_prio=120 prev_state=I ==> next_comm=kworker/0:1 next_pid=1079 next_prio=120
     kworker/0:1-1079    [000] d.h.  3713.636291: sched_wakeup: comm=kworker/0:1 pid=1079 prio=120 target_cpu=000
     kworker/0:1-1079    [000] d.h.  3713.636319: sched_wakeup: comm=kworker/0:1 pid=1079 prio=120 target_cpu=000
     kworker/0:1-1079    [000] d.h.  3713.636348: sched_wakeup: comm=kworker/0:1 pid=1079 prio=120 target_cpu=000
     kworker/0:1-1079    [000] d...  3713.636392: sched_switch: prev_comm=kworker/0:1 prev_pid=1079 prev_prio=120 prev_state=I ==> next_comm=swapper/0 next_pid=0 next_prio=120
          <idle>-0       [002] dns.  3713.646024: sched_wakeup: comm=rcu_sched pid=12 prio=120 target_cpu=002
          <idle>-0       [002] d...  3713.646064: sched_switch: prev_comm=swapper/2 prev_pid=0 prev_prio=120 prev_state=R ==> next_comm=rcu_sched next_pid=12 next_prio=120
       rcu_sched-12      [002] d...  3713.646095: sched_switch: prev_comm=rcu_sched prev_pid=12 prev_prio=120 prev_state=I ==> next_comm=swapper/2 next_pid=0 next_prio=120
          <idle>-0       [002] dnh.  3713.798438: sched_wakeup: comm=nmbd pid=494 prio=120 target_cpu=002
          <idle>-0       [002] dnh.  3713.798452: sched_wakeup: comm=kworker/2:1 pid=34 prio=120 target_cpu=002
          <idle>-0       [002] d...  3713.798474: sched_switch: prev_comm=swapper/2 prev_pid=0 prev_prio=120 prev_state=R ==> next_comm=nmbd next_pid=494 next_prio=120
            nmbd-494     [002] d...  3713.798791: sched_switch: prev_comm=nmbd prev_pid=494 prev_prio=120 prev_state=S ==> next_comm=kworker/2:1 next_pid=34 next_prio=120
     kworker/2:1-34      [002] d...  3713.798840: sched_switch: prev_comm=kworker/2:1 prev_pid=34 prev_prio=120 prev_state=I ==> next_comm=swapper/2 next_pid=0 next_prio=120
          <idle>-0       [002] dns.  3713.806049: sched_wakeup: comm=rcu_sched pid=12 prio=120 target_cpu=002
          <idle>-0       [002] d...  3713.806067: sched_switch: prev_comm=swapper/2 prev_pid=0 prev_prio=120 prev_state=R ==> next_comm=rcu_sched next_pid=12 next_prio=120
       rcu_sched-12      [002] d...  3713.806097: sched_switch: prev_comm=rcu_sched prev_pid=12 prev_prio=120 prev_state=I ==> next_comm=swapper/2 next_pid=0 next_prio=120
          <idle>-0       [002] dns.  3713.826039: sched_wakeup: comm=rcu_sched pid=12 prio=120 target_cpu=002
          <idle>-0       [002] d...  3713.826067: sched_switch: prev_comm=swapper/2 prev_pid=0 prev_prio=120 prev_state=R ==> next_comm=rcu_sched next_pid=12 next_prio=120
       rcu_sched-12      [002] d...  3713.826097: sched_switch: prev_comm=rcu_sched prev_pid=12 prev_prio=120 prev_state=I ==> next_comm=swapper/2 next_pid=0 next_prio=120
          <idle>-0       [000] dns.  3713.872932: sched_wakeup: comm=kworker/0:1 pid=1079 prio=120 target_cpu=000
          <idle>-0       [000] dns.  3713.872952: sched_wakeup: comm=InputThread pid=571 prio=120 target_cpu=000
          <idle>-0       [000] dns.  3713.872983: sched_wakeup: comm=ksoftirqd/0 pid=11 prio=120 target_cpu=000
          <idle>-0       [000] d...  3713.873002: sched_switch: prev_comm=swapper/0 prev_pid=0 prev_prio=120 prev_state=R ==> next_comm=ksoftirqd/0 next_pid=11 next_prio=120
     ksoftirqd/0-11      [000] d...  3713.873025: sched_switch: prev_comm=ksoftirqd/0 prev_pid=11 prev_prio=120 prev_state=S ==> next_comm=kworker/0:1 next_pid=1079 next_prio=120
     kworker/0:1-1079    [000] d...  3713.873056: sched_switch: prev_comm=kworker/0:1 prev_pid=1079 prev_prio=120 prev_state=I ==> next_comm=InputThread next_pid=571 next_prio=120
     InputThread-571     [000] d...  3713.873185: sched_wakeup: comm=Xorg pid=553 prio=120 target_cpu=000
     InputThread-571     [000] d...  3713.873218: sched_switch: prev_comm=InputThread prev_pid=571 prev_prio=120 prev_state=S ==> next_comm=Xorg next_pid=553 next_prio=120
          <idle>-0       [003] dnh.  3713.873506: sched_wakeup: comm=lxterminal pid=1024 prio=120 target_cpu=003
          <idle>-0       [003] d...  3713.873528: sched_switch: prev_comm=swapper/3 prev_pid=0 prev_prio=120 prev_state=R ==> next_comm=lxterminal next_pid=1024 next_prio=120
            Xorg-553     [000] d...  3713.873562: sched_switch: prev_comm=Xorg prev_pid=553 prev_prio=120 prev_state=S ==> next_comm=swapper/0 next_pid=0 next_prio=120
          <idle>-0       [002] dnh.  3713.874062: sched_wakeup: comm=gdbus pid=1030 prio=120 target_cpu=002
          <idle>-0       [002] d...  3713.874083: sched_switch: prev_comm=swapper/2 prev_pid=0 prev_prio=120 prev_state=R ==> next_comm=gdbus next_pid=1030 next_prio=120
          <idle>-0       [000] dnh.  3713.874164: sched_wakeup: comm=Xorg pid=553 prio=120 target_cpu=000
          <idle>-0       [001] dnh.  3713.874183: sched_wakeup: comm=dbus-daemon pid=676 prio=120 target_cpu=001
          <idle>-0       [000] d...  3713.874184: sched_switch: prev_comm=swapper/0 prev_pid=0 prev_prio=120 prev_state=R ==> next_comm=Xorg next_pid=553 next_prio=120
          <idle>-0       [001] d...  3713.874205: sched_switch: prev_comm=swapper/1 prev_pid=0 prev_prio=120 prev_state=R ==> next_comm=dbus-daemon next_pid=676 next_prio=120
      lxterminal-1024    [003] d...  3713.874212: sched_switch: prev_comm=lxterminal prev_pid=1024 prev_prio=120 prev_state=S ==> next_comm=swapper/3 next_pid=0 next_prio=120
           gdbus-1030    [002] d...  3713.874269: sched_switch: prev_comm=gdbus prev_pid=1030 prev_prio=120 prev_state=S ==> next_comm=swapper/2 next_pid=0 next_prio=120
          <idle>-0       [003] dnh.  3713.874302: sched_wakeup: comm=lxterminal pid=1024 prio=120 target_cpu=003
            Xorg-553     [000] dn..  3713.874319: sched_wakeup: comm=lxpanel pid=704 prio=120 target_cpu=000
          <idle>-0       [003] d...  3713.874322: sched_switch: prev_comm=swapper/3 prev_pid=0 prev_prio=120 prev_state=R ==> next_comm=lxterminal next_pid=1024 next_prio=120
            Xorg-553     [000] d...  3713.874331: sched_switch: prev_comm=Xorg prev_pid=553 prev_prio=120 prev_state=R ==> next_comm=lxpanel next_pid=704 next_prio=120
     dbus-daemon-676     [001] d...  3713.874461: sched_wakeup: comm=fcitx pid=666 prio=120 target_cpu=001
      lxterminal-1024    [003] d...  3713.874490: sched_switch: prev_comm=lxterminal prev_pid=1024 prev_prio=120 prev_state=S ==> next_comm=swapper/3 next_pid=0 next_prio=120
         lxpanel-704     [000] d...  3713.874505: sched_switch: prev_comm=lxpanel prev_pid=704 prev_prio=120 prev_state=S ==> next_comm=Xorg next_pid=553 next_prio=120
     dbus-daemon-676     [001] d...  3713.874514: sched_switch: prev_comm=dbus-daemon prev_pid=676 prev_prio=120 prev_state=S ==> next_comm=fcitx next_pid=666 next_prio=120
            Xorg-553     [000] dn..  3713.874542: sched_wakeup: comm=openbox pid=696 prio=120 target_cpu=000
            Xorg-553     [000] d...  3713.874554: sched_switch: prev_comm=Xorg prev_pid=553 prev_prio=120 prev_state=R ==> next_comm=openbox next_pid=696 next_prio=120
         openbox-696     [000] d...  3713.874682: sched_switch: prev_comm=openbox prev_pid=696 prev_prio=120 prev_state=S ==> next_comm=Xorg next_pid=553 next_prio=120
            Xorg-553     [000] dn..  3713.874788: sched_wakeup: comm=openbox pid=696 prio=120 target_cpu=000
            Xorg-553     [000] d...  3713.874801: sched_switch: prev_comm=Xorg prev_pid=553 prev_prio=120 prev_state=R ==> next_comm=openbox next_pid=696 next_prio=120
           fcitx-666     [001] dn..  3713.874821: sched_wakeup: comm=dbus-daemon pid=676 prio=120 target_cpu=001
           fcitx-666     [001] d...  3713.874835: sched_switch: prev_comm=fcitx prev_pid=666 prev_prio=120 prev_state=R ==> next_comm=dbus-daemon next_pid=676 next_prio=120
         openbox-696     [000] d...  3713.874899: sched_switch: prev_comm=openbox prev_pid=696 prev_prio=120 prev_state=S ==> next_comm=Xorg next_pid=553 next_prio=120
            Xorg-553     [000] dn..  3713.874947: sched_wakeup: comm=openbox pid=696 prio=120 target_cpu=000
            Xorg-553     [000] d...  3713.874959: sched_switch: prev_comm=Xorg prev_pid=553 prev_prio=120 prev_state=R ==> next_comm=openbox next_pid=696 next_prio=120
         openbox-696     [000] d...  3713.875000: sched_switch: prev_comm=openbox prev_pid=696 prev_prio=120 prev_state=S ==> next_comm=Xorg next_pid=553 next_prio=120
          <idle>-0       [002] dnh.  3713.875017: sched_wakeup: comm=gdbus pid=1030 prio=120 target_cpu=002
            Xorg-553     [000] dn..  3713.875025: sched_wakeup: comm=openbox pid=696 prio=120 target_cpu=000
            Xorg-553     [000] d...  3713.875036: sched_switch: prev_comm=Xorg prev_pid=553 prev_prio=120 prev_state=R ==> next_comm=openbox next_pid=696 next_prio=120
          <idle>-0       [002] d...  3713.875038: sched_switch: prev_comm=swapper/2 prev_pid=0 prev_prio=120 prev_state=R ==> next_comm=gdbus next_pid=1030 next_prio=120
     dbus-daemon-676     [001] d...  3713.875041: sched_switch: prev_comm=dbus-daemon prev_pid=676 prev_prio=120 prev_state=S ==> next_comm=fcitx next_pid=666 next_prio=120
         openbox-696     [000] d...  3713.875157: sched_switch: prev_comm=openbox prev_pid=696 prev_prio=120 prev_state=S ==> next_comm=Xorg next_pid=553 next_prio=120
            Xorg-553     [000] d...  3713.875227: sched_switch: prev_comm=Xorg prev_pid=553 prev_prio=120 prev_state=R ==> next_comm=swapper/0 next_pid=0 next_prio=120
          <idle>-0       [000] dnh.  3713.875245: sched_wakeup: comm=Xorg pid=553 prio=120 target_cpu=000
          <idle>-0       [000] d...  3713.875253: sched_switch: prev_comm=swapper/0 prev_pid=0 prev_prio=120 prev_state=R ==> next_comm=Xorg next_pid=553 next_prio=120
           fcitx-666     [001] d...  3713.875307: sched_switch: prev_comm=fcitx prev_pid=666 prev_prio=120 prev_state=S ==> next_comm=swapper/1 next_pid=0 next_prio=120
            Xorg-553     [000] d...  3713.875326: sched_switch: prev_comm=Xorg prev_pid=553 prev_prio=120 prev_state=S ==> next_comm=swapper/0 next_pid=0 next_prio=120
          <idle>-0       [003] dnh.  3713.875441: sched_wakeup: comm=lxterminal pid=1024 prio=120 target_cpu=003
          <idle>-0       [003] d...  3713.875463: sched_switch: prev_comm=swapper/3 prev_pid=0 prev_prio=120 prev_state=R ==> next_comm=lxterminal next_pid=1024 next_prio=120
           gdbus-1030    [002] d...  3713.875554: sched_switch: prev_comm=gdbus prev_pid=1030 prev_prio=120 prev_state=S ==> next_comm=swapper/2 next_pid=0 next_prio=120
          <idle>-0       [002] dnh.  3713.875931: sched_wakeup: comm=kworker/u8:1 pid=1103 prio=120 target_cpu=002
          <idle>-0       [002] d...  3713.875953: sched_switch: prev_comm=swapper/2 prev_pid=0 prev_prio=120 prev_state=R ==> next_comm=kworker/u8:1 next_pid=1103 next_prio=120
    kworker/u8:1-1103    [002] d...  3713.875981: sched_wakeup: comm=bash pid=1041 prio=120 target_cpu=002
    kworker/u8:1-1103    [002] d...  3713.875997: sched_switch: prev_comm=kworker/u8:1 prev_pid=1103 prev_prio=120 prev_state=I ==> next_comm=bash next_pid=1041 next_prio=120
          <idle>-0       [001] dns.  3713.876089: sched_wakeup: comm=rcu_sched pid=12 prio=120 target_cpu=001
          <idle>-0       [001] d...  3713.876109: sched_switch: prev_comm=swapper/1 prev_pid=0 prev_prio=120 prev_state=R ==> next_comm=rcu_sched next_pid=12 next_prio=120
      lxterminal-1024    [003] d...  3713.876111: sched_switch: prev_comm=lxterminal prev_pid=1024 prev_prio=120 prev_state=S ==> next_comm=swapper/3 next_pid=0 next_prio=120
       rcu_sched-12      [001] d...  3713.876143: sched_switch: prev_comm=rcu_sched prev_pid=12 prev_prio=120 prev_state=I ==> next_comm=swapper/1 next_pid=0 next_prio=120
            bash-1041    [002] dn..  3713.876165: sched_wakeup: comm=kworker/u8:1 pid=1103 prio=120 target_cpu=002
            bash-1041    [002] d...  3713.876181: sched_switch: prev_comm=bash prev_pid=1041 prev_prio=120 prev_state=R ==> next_comm=kworker/u8:1 next_pid=1103 next_prio=120
          <idle>-0       [003] dnh.  3713.876206: sched_wakeup: comm=lxterminal pid=1024 prio=120 target_cpu=003
    kworker/u8:1-1103    [002] d...  3713.876206: sched_switch: prev_comm=kworker/u8:1 prev_pid=1103 prev_prio=120 prev_state=I ==> next_comm=bash next_pid=1041 next_prio=120
          <idle>-0       [003] d...  3713.876227: sched_switch: prev_comm=swapper/3 prev_pid=0 prev_prio=120 prev_state=R ==> next_comm=lxterminal next_pid=1024 next_prio=120
            bash-1041    [002] d...  3713.876255: sched_switch: prev_comm=bash prev_pid=1041 prev_prio=120 prev_state=S ==> next_comm=swapper/2 next_pid=0 next_prio=120
      lxterminal-1024    [003] d...  3713.876405: sched_switch: prev_comm=lxterminal prev_pid=1024 prev_prio=120 prev_state=S ==> next_comm=swapper/3 next_pid=0 next_prio=120
          <idle>-0       [003] dnh.  3713.886436: sched_wakeup: comm=lxterminal pid=1024 prio=120 target_cpu=003
          <idle>-0       [003] d...  3713.886457: sched_switch: prev_comm=swapper/3 prev_pid=0 prev_prio=120 prev_state=R ==> next_comm=lxterminal next_pid=1024 next_prio=120
          <idle>-0       [000] dnh.  3713.887569: sched_wakeup: comm=Xorg pid=553 prio=120 target_cpu=000
      lxterminal-1024    [003] d...  3713.887587: sched_switch: prev_comm=lxterminal prev_pid=1024 prev_prio=120 prev_state=S ==> next_comm=swapper/3 next_pid=0 next_prio=120
          <idle>-0       [000] d...  3713.887591: sched_switch: prev_comm=swapper/0 prev_pid=0 prev_prio=120 prev_state=R ==> next_comm=Xorg next_pid=553 next_prio=120
          <idle>-0       [003] dnh.  3713.887711: sched_wakeup: comm=lxterminal pid=1024 prio=120 target_cpu=003
          <idle>-0       [003] d...  3713.887731: sched_switch: prev_comm=swapper/3 prev_pid=0 prev_prio=120 prev_state=R ==> next_comm=lxterminal next_pid=1024 next_prio=120
            Xorg-553     [000] d...  3713.887744: sched_switch: prev_comm=Xorg prev_pid=553 prev_prio=120 prev_state=S ==> next_comm=swapper/0 next_pid=0 next_prio=120
          <idle>-0       [002] dnh.  3713.888071: sched_wakeup: comm=gdbus pid=1030 prio=120 target_cpu=002
          <idle>-0       [002] d...  3713.888092: sched_switch: prev_comm=swapper/2 prev_pid=0 prev_prio=120 prev_state=R ==> next_comm=gdbus next_pid=1030 next_prio=120
      lxterminal-1024    [003] d...  3713.888145: sched_switch: prev_comm=lxterminal prev_pid=1024 prev_prio=120 prev_state=S ==> next_comm=swapper/3 next_pid=0 next_prio=120
          <idle>-0       [001] dnh.  3713.888188: sched_wakeup: comm=dbus-daemon pid=676 prio=120 target_cpu=001
          <idle>-0       [001] d...  3713.888204: sched_switch: prev_comm=swapper/1 prev_pid=0 prev_prio=120 prev_state=R ==> next_comm=dbus-daemon next_pid=676 next_prio=120
           gdbus-1030    [002] d...  3713.888277: sched_switch: prev_comm=gdbus prev_pid=1030 prev_prio=120 prev_state=S ==> next_comm=swapper/2 next_pid=0 next_prio=120
     dbus-daemon-676     [001] d...  3713.888477: sched_wakeup: comm=fcitx pid=666 prio=120 target_cpu=001
     dbus-daemon-676     [001] d...  3713.888522: sched_switch: prev_comm=dbus-daemon prev_pid=676 prev_prio=120 prev_state=S ==> next_comm=fcitx next_pid=666 next_prio=120
           fcitx-666     [001] dn..  3713.888742: sched_wakeup: comm=dbus-daemon pid=676 prio=120 target_cpu=001
           fcitx-666     [001] d...  3713.888756: sched_switch: prev_comm=fcitx prev_pid=666 prev_prio=120 prev_state=R ==> next_comm=dbus-daemon next_pid=676 next_prio=120
          <idle>-0       [002] dnh.  3713.888906: sched_wakeup: comm=gdbus pid=1030 prio=120 target_cpu=002
          <idle>-0       [002] d...  3713.888926: sched_switch: prev_comm=swapper/2 prev_pid=0 prev_prio=120 prev_state=R ==> next_comm=gdbus next_pid=1030 next_prio=120
     dbus-daemon-676     [001] d...  3713.888931: sched_switch: prev_comm=dbus-daemon prev_pid=676 prev_prio=120 prev_state=S ==> next_comm=fcitx next_pid=666 next_prio=120
          <idle>-0       [000] dnh.  3713.889100: sched_wakeup: comm=Xorg pid=553 prio=120 target_cpu=000
          <idle>-0       [000] d...  3713.889122: sched_switch: prev_comm=swapper/0 prev_pid=0 prev_prio=120 prev_state=R ==> next_comm=Xorg next_pid=553 next_prio=120
           fcitx-666     [001] d...  3713.889206: sched_switch: prev_comm=fcitx prev_pid=666 prev_prio=120 prev_state=S ==> next_comm=swapper/1 next_pid=0 next_prio=120
            Xorg-553     [000] dn..  3713.889227: sched_wakeup: comm=lxpanel pid=704 prio=120 target_cpu=000
            Xorg-553     [000] d...  3713.889242: sched_switch: prev_comm=Xorg prev_pid=553 prev_prio=120 prev_state=R ==> next_comm=lxpanel next_pid=704 next_prio=120
           gdbus-1030    [002] d...  3713.889344: sched_switch: prev_comm=gdbus prev_pid=1030 prev_prio=120 prev_state=S ==> next_comm=swapper/2 next_pid=0 next_prio=120
         lxpanel-704     [000] d...  3713.889421: sched_switch: prev_comm=lxpanel prev_pid=704 prev_prio=120 prev_state=S ==> next_comm=Xorg next_pid=553 next_prio=120
            Xorg-553     [000] dn..  3713.889462: sched_wakeup: comm=lxsession pid=606 prio=120 target_cpu=000
            Xorg-553     [000] d...  3713.889474: sched_switch: prev_comm=Xorg prev_pid=553 prev_prio=120 prev_state=R ==> next_comm=lxsession next_pid=606 next_prio=120
       lxsession-606     [000] d...  3713.889599: sched_switch: prev_comm=lxsession prev_pid=606 prev_prio=120 prev_state=S ==> next_comm=Xorg next_pid=553 next_prio=120
            Xorg-553     [000] d...  3713.889675: sched_switch: prev_comm=Xorg prev_pid=553 prev_prio=120 prev_state=S ==> next_comm=swapper/0 next_pid=0 next_prio=120
          <idle>-0       [001] dns.  3713.896067: sched_wakeup: comm=rcu_sched pid=12 prio=120 target_cpu=001
          <idle>-0       [001] d...  3713.896100: sched_switch: prev_comm=swapper/1 prev_pid=0 prev_prio=120 prev_state=R ==> next_comm=rcu_sched next_pid=12 next_prio=120
       rcu_sched-12      [001] d...  3713.896150: sched_switch: prev_comm=rcu_sched prev_pid=12 prev_prio=120 prev_state=I ==> next_comm=swapper/1 next_pid=0 next_prio=120
          <idle>-0       [003] dnh.  3713.903175: sched_wakeup: comm=lxterminal pid=1024 prio=120 target_cpu=003
          <idle>-0       [003] dnh.  3713.903191: sched_wakeup: comm=kworker/3:1 pid=1175 prio=120 target_cpu=003
          <idle>-0       [003] d...  3713.903214: sched_switch: prev_comm=swapper/3 prev_pid=0 prev_prio=120 prev_state=R ==> next_comm=kworker/3:1 next_pid=1175 next_prio=120
     kworker/3:1-1175    [003] d...  3713.903243: sched_switch: prev_comm=kworker/3:1 prev_pid=1175 prev_prio=120 prev_state=I ==> next_comm=lxterminal next_pid=1024 next_prio=120
          <idle>-0       [000] dnh.  3713.904208: sched_wakeup: comm=Xorg pid=553 prio=120 target_cpu=000
          <idle>-0       [000] d...  3713.904231: sched_switch: prev_comm=swapper/0 prev_pid=0 prev_prio=120 prev_state=R ==> next_comm=Xorg next_pid=553 next_prio=120
      lxterminal-1024    [003] d...  3713.904291: sched_switch: prev_comm=lxterminal prev_pid=1024 prev_prio=120 prev_state=S ==> next_comm=swapper/3 next_pid=0 next_prio=120
            Xorg-553     [000] d...  3713.905492: sched_switch: prev_comm=Xorg prev_pid=553 prev_prio=120 prev_state=D ==> next_comm=swapper/0 next_pid=0 next_prio=120
          <idle>-0       [003] dns.  3713.906059: sched_wakeup: comm=kcompactd0 pid=39 prio=120 target_cpu=003
          <idle>-0       [003] d...  3713.906094: sched_switch: prev_comm=swapper/3 prev_pid=0 prev_prio=120 prev_state=R ==> next_comm=kcompactd0 next_pid=39 next_prio=120
      kcompactd0-39      [003] d...  3713.906121: sched_switch: prev_comm=kcompactd0 prev_pid=39 prev_prio=120 prev_state=S ==> next_comm=swapper/3 next_pid=0 next_prio=120
          <idle>-0       [000] dnh.  3713.908711: sched_wakeup: comm=Xorg pid=553 prio=120 target_cpu=000
          <idle>-0       [000] d...  3713.908733: sched_switch: prev_comm=swapper/0 prev_pid=0 prev_prio=120 prev_state=R ==> next_comm=Xorg next_pid=553 next_prio=120
            Xorg-553     [000] d...  3713.908789: sched_switch: prev_comm=Xorg prev_pid=553 prev_prio=120 prev_state=D ==> next_comm=swapper/0 next_pid=0 next_prio=120
          <idle>-0       [000] dnh.  3713.908813: sched_wakeup: comm=Xorg pid=553 prio=120 target_cpu=000
          <idle>-0       [000] d...  3713.908832: sched_switch: prev_comm=swapper/0 prev_pid=0 prev_prio=120 prev_state=R ==> next_comm=Xorg next_pid=553 next_prio=120
          <idle>-0       [002] dnh.  3713.908908: sched_wakeup: comm=v3d_bin pid=230 prio=98 target_cpu=002
          <idle>-0       [001] dnh.  3713.908915: sched_wakeup: comm=v3d_render pid=235 prio=98 target_cpu=001
          <idle>-0       [001] d...  3713.908930: sched_switch: prev_comm=swapper/1 prev_pid=0 prev_prio=120 prev_state=R ==> next_comm=v3d_render next_pid=235 next_prio=98
          <idle>-0       [002] d...  3713.908931: sched_switch: prev_comm=swapper/2 prev_pid=0 prev_prio=120 prev_state=R ==> next_comm=v3d_bin next_pid=230 next_prio=98
      v3d_render-235     [001] d...  3713.908979: sched_switch: prev_comm=v3d_render prev_pid=235 prev_prio=98 prev_state=S ==> next_comm=swapper/1 next_pid=0 next_prio=120
          <idle>-0       [001] dnh.  3713.908996: sched_wakeup: comm=v3d_render pid=235 prio=98 target_cpu=001
            Xorg-553     [000] d...  3713.909000: sched_switch: prev_comm=Xorg prev_pid=553 prev_prio=120 prev_state=S ==> next_comm=swapper/0 next_pid=0 next_prio=120
          <idle>-0       [001] d...  3713.909009: sched_switch: prev_comm=swapper/1 prev_pid=0 prev_prio=120 prev_state=R ==> next_comm=v3d_render next_pid=235 next_prio=98
         v3d_bin-230     [002] d...  3713.909010: sched_switch: prev_comm=v3d_bin prev_pid=230 prev_prio=98 prev_state=S ==> next_comm=swapper/2 next_pid=0 next_prio=120
          <idle>-0       [000] dnh.  3713.909051: sched_wakeup: comm=Xorg pid=553 prio=120 target_cpu=000
          <idle>-0       [000] d...  3713.909069: sched_switch: prev_comm=swapper/0 prev_pid=0 prev_prio=120 prev_state=R ==> next_comm=Xorg next_pid=553 next_prio=120
      v3d_render-235     [001] d...  3713.909082: sched_switch: prev_comm=v3d_render prev_pid=235 prev_prio=98 prev_state=S ==> next_comm=swapper/1 next_pid=0 next_prio=120
          <idle>-0       [002] dnh.  3713.909446: sched_wakeup: comm=v3d_bin pid=230 prio=98 target_cpu=002
          <idle>-0       [001] dnh.  3713.909455: sched_wakeup: comm=v3d_render pid=235 prio=98 target_cpu=001
          <idle>-0       [002] d...  3713.909461: sched_switch: prev_comm=swapper/2 prev_pid=0 prev_prio=120 prev_state=R ==> next_comm=v3d_bin next_pid=230 next_prio=98
