            Xorg-549     [000] d...  4913.468917: sched_switch: prev_comm=Xorg prev_pid=549 prev_prio=120 prev_state=R ==> next_comm=pcmanfm next_pid=701 next_prio=120
         pcmanfm-701     [000] d...  4913.469151: sched_switch: prev_comm=pcmanfm prev_pid=701 prev_prio=120 prev_state=S ==> next_comm=Xorg next_pid=549 next_prio=120
            Xorg-549     [000] dn..  4913.469243: sched_wakeup: comm=pcmanfm pid=701 prio=120 target_cpu=000
            Xorg-549     [000] d...  4913.469255: sched_switch: prev_comm=Xorg prev_pid=549 prev_prio=120 prev_state=R ==> next_comm=pcmanfm next_pid=701 next_prio=120
         pcmanfm-701     [000] d...  4913.469483: sched_switch: prev_comm=pcmanfm prev_pid=701 prev_prio=120 prev_state=S ==> next_comm=Xorg next_pid=549 next_prio=120
            Xorg-549     [000] d...  4913.469544: sched_switch: prev_comm=Xorg prev_pid=549 prev_prio=120 prev_state=S ==> next_comm=swapper/0 next_pid=0 next_prio=120
          <idle>-0       [002] dnh.  4913.472319: sched_wakeup: comm=lxpanel pid=700 prio=120 target_cpu=002
          <idle>-0       [002] d...  4913.472340: sched_switch: prev_comm=swapper/2 prev_pid=0 prev_prio=120 prev_state=R ==> next_comm=lxpanel next_pid=700 next_prio=120
         lxpanel-700     [002] d...  4913.472448: sched_switch: prev_comm=lxpanel prev_pid=700 prev_prio=120 prev_state=S ==> next_comm=swapper/2 next_pid=0 next_prio=120
          <idle>-0       [002] dnh.  4913.484424: sched_wakeup: comm=thd pid=373 prio=120 target_cpu=002
          <idle>-0       [000] dns.  4913.484426: sched_wakeup: comm=InputThread pid=565 prio=120 target_cpu=000
          <idle>-0       [002] d...  4913.484443: sched_switch: prev_comm=swapper/2 prev_pid=0 prev_prio=120 prev_state=R ==> next_comm=thd next_pid=373 next_prio=120
          <idle>-0       [000] d...  4913.484468: sched_switch: prev_comm=swapper/0 prev_pid=0 prev_prio=120 prev_state=R ==> next_comm=InputThread next_pid=565 next_prio=120
             thd-373     [002] d...  4913.484524: sched_switch: prev_comm=thd prev_pid=373 prev_prio=120 prev_state=S ==> next_comm=swapper/2 next_pid=0 next_prio=120
     InputThread-565     [000] d...  4913.484673: sched_switch: prev_comm=InputThread prev_pid=565 prev_prio=120 prev_state=D ==> next_comm=swapper/0 next_pid=0 next_prio=120
          <idle>-0       [000] dnh.  4913.484691: sched_wakeup: comm=InputThread pid=565 prio=120 target_cpu=000
          <idle>-0       [000] d...  4913.484703: sched_switch: prev_comm=swapper/0 prev_pid=0 prev_prio=120 prev_state=R ==> next_comm=InputThread next_pid=565 next_prio=120
     InputThread-565     [000] d...  4913.484781: sched_wakeup: comm=Xorg pid=549 prio=120 target_cpu=000
     InputThread-565     [000] d...  4913.484814: sched_switch: prev_comm=InputThread prev_pid=565 prev_prio=120 prev_state=S ==> next_comm=Xorg next_pid=549 next_prio=120
            Xorg-549     [000] dn..  4913.484919: sched_wakeup: comm=pcmanfm pid=701 prio=120 target_cpu=000
            Xorg-549     [000] d...  4913.484933: sched_switch: prev_comm=Xorg prev_pid=549 prev_prio=120 prev_state=R ==> next_comm=pcmanfm next_pid=701 next_prio=120
         pcmanfm-701     [000] d...  4913.485169: sched_switch: prev_comm=pcmanfm prev_pid=701 prev_prio=120 prev_state=S ==> next_comm=Xorg next_pid=549 next_prio=120
            Xorg-549     [000] dn..  4913.485268: sched_wakeup: comm=pcmanfm pid=701 prio=120 target_cpu=000
            Xorg-549     [000] d...  4913.485330: sched_switch: prev_comm=Xorg prev_pid=549 prev_prio=120 prev_state=R ==> next_comm=pcmanfm next_pid=701 next_prio=120
         pcmanfm-701     [000] d...  4913.485579: sched_switch: prev_comm=pcmanfm prev_pid=701 prev_prio=120 prev_state=S ==> next_comm=Xorg next_pid=549 next_prio=120
            Xorg-549     [000] d...  4913.485633: sched_switch: prev_comm=Xorg prev_pid=549 prev_prio=120 prev_state=S ==> next_comm=swapper/0 next_pid=0 next_prio=120
          <idle>-0       [002] dnh.  4913.516462: sched_wakeup: comm=thd pid=373 prio=120 target_cpu=002
          <idle>-0       [000] dns.  4913.516464: sched_wakeup: comm=InputThread pid=565 prio=120 target_cpu=000
          <idle>-0       [002] d...  4913.516482: sched_switch: prev_comm=swapper/2 prev_pid=0 prev_prio=120 prev_state=R ==> next_comm=thd next_pid=373 next_prio=120
          <idle>-0       [000] d...  4913.516508: sched_switch: prev_comm=swapper/0 prev_pid=0 prev_prio=120 prev_state=R ==> next_comm=InputThread next_pid=565 next_prio=120
             thd-373     [002] d...  4913.516539: sched_switch: prev_comm=thd prev_pid=373 prev_prio=120 prev_state=S ==> next_comm=swapper/2 next_pid=0 next_prio=120
     InputThread-565     [000] d...  4913.516761: sched_switch: prev_comm=InputThread prev_pid=565 prev_prio=120 prev_state=D ==> next_comm=swapper/0 next_pid=0 next_prio=120
          <idle>-0       [000] dnh.  4913.516782: sched_wakeup: comm=InputThread pid=565 prio=120 target_cpu=000
          <idle>-0       [000] d...  4913.516793: sched_switch: prev_comm=swapper/0 prev_pid=0 prev_prio=120 prev_state=R ==> next_comm=InputThread next_pid=565 next_prio=120
     InputThread-565     [000] d...  4913.516872: sched_wakeup: comm=Xorg pid=549 prio=120 target_cpu=000
     InputThread-565     [000] d...  4913.516904: sched_switch: prev_comm=InputThread prev_pid=565 prev_prio=120 prev_state=S ==> next_comm=Xorg next_pid=549 next_prio=120
            Xorg-549     [000] dn..  4913.517009: sched_wakeup: comm=pcmanfm pid=701 prio=120 target_cpu=000
            Xorg-549     [000] d...  4913.517022: sched_switch: prev_comm=Xorg prev_pid=549 prev_prio=120 prev_state=R ==> next_comm=pcmanfm next_pid=701 next_prio=120
         pcmanfm-701     [000] d...  4913.517258: sched_switch: prev_comm=pcmanfm prev_pid=701 prev_prio=120 prev_state=S ==> next_comm=Xorg next_pid=549 next_prio=120
            Xorg-549     [000] dn..  4913.517352: sched_wakeup: comm=pcmanfm pid=701 prio=120 target_cpu=000
            Xorg-549     [000] d...  4913.517364: sched_switch: prev_comm=Xorg prev_pid=549 prev_prio=120 prev_state=R ==> next_comm=pcmanfm next_pid=701 next_prio=120
         pcmanfm-701     [000] d...  4913.517594: sched_switch: prev_comm=pcmanfm prev_pid=701 prev_prio=120 prev_state=S ==> next_comm=Xorg next_pid=549 next_prio=120
            Xorg-549     [000] d...  4913.517655: sched_switch: prev_comm=Xorg prev_pid=549 prev_prio=120 prev_state=S ==> next_comm=swapper/0 next_pid=0 next_prio=120
          <idle>-0       [002] dnh.  4913.532394: sched_wakeup: comm=thd pid=373 prio=120 target_cpu=002
          <idle>-0       [000] dns.  4913.532396: sched_wakeup: comm=InputThread pid=565 prio=120 target_cpu=000
          <idle>-0       [002] d...  4913.532412: sched_switch: prev_comm=swapper/2 prev_pid=0 prev_prio=120 prev_state=R ==> next_comm=thd next_pid=373 next_prio=120
          <idle>-0       [000] d...  4913.532437: sched_switch: prev_comm=swapper/0 prev_pid=0 prev_prio=120 prev_state=R ==> next_comm=InputThread next_pid=565 next_prio=120
             thd-373     [002] d...  4913.532484: sched_switch: prev_comm=thd prev_pid=373 prev_prio=120 prev_state=S ==> next_comm=swapper/2 next_pid=0 next_prio=120
     InputThread-565     [000] d...  4913.532628: sched_switch: prev_comm=InputThread prev_pid=565 prev_prio=120 prev_state=D ==> next_comm=swapper/0 next_pid=0 next_prio=120
          <idle>-0       [000] dnh.  4913.533631: sched_wakeup: comm=InputThread pid=565 prio=120 target_cpu=000
          <idle>-0       [000] d...  4913.533651: sched_switch: prev_comm=swapper/0 prev_pid=0 prev_prio=120 prev_state=R ==> next_comm=InputThread next_pid=565 next_prio=120
     InputThread-565     [000] d...  4913.533729: sched_wakeup: comm=Xorg pid=549 prio=120 target_cpu=000
     InputThread-565     [000] d...  4913.533764: sched_switch: prev_comm=InputThread prev_pid=565 prev_prio=120 prev_state=S ==> next_comm=Xorg next_pid=549 next_prio=120
            Xorg-549     [000] dn..  4913.533862: sched_wakeup: comm=pcmanfm pid=701 prio=120 target_cpu=000
            Xorg-549     [000] d...  4913.533876: sched_switch: prev_comm=Xorg prev_pid=549 prev_prio=120 prev_state=R ==> next_comm=pcmanfm next_pid=701 next_prio=120
         pcmanfm-701     [000] d...  4913.534103: sched_switch: prev_comm=pcmanfm prev_pid=701 prev_prio=120 prev_state=S ==> next_comm=Xorg next_pid=549 next_prio=120
            Xorg-549     [000] dn..  4913.534198: sched_wakeup: comm=pcmanfm pid=701 prio=120 target_cpu=000
            Xorg-549     [000] d...  4913.534210: sched_switch: prev_comm=Xorg prev_pid=549 prev_prio=120 prev_state=R ==> next_comm=pcmanfm next_pid=701 next_prio=120
         pcmanfm-701     [000] d...  4913.534431: sched_switch: prev_comm=pcmanfm prev_pid=701 prev_prio=120 prev_state=S ==> next_comm=Xorg next_pid=549 next_prio=120
            Xorg-549     [000] d...  4913.534491: sched_switch: prev_comm=Xorg prev_pid=549 prev_prio=120 prev_state=S ==> next_comm=swapper/0 next_pid=0 next_prio=120
          <idle>-0       [000] dns.  4913.724493: sched_wakeup: comm=InputThread pid=565 prio=120 target_cpu=000
          <idle>-0       [002] dnh.  4913.724494: sched_wakeup: comm=thd pid=373 prio=120 target_cpu=002
          <idle>-0       [002] dnh.  4913.724504: sched_wakeup: comm=kworker/2:0 pid=1292 prio=120 target_cpu=002
          <idle>-0       [002] d...  4913.724524: sched_switch: prev_comm=swapper/2 prev_pid=0 prev_prio=120 prev_state=R ==> next_comm=kworker/2:0 next_pid=1292 next_prio=120
          <idle>-0       [000] d...  4913.724536: sched_switch: prev_comm=swapper/0 prev_pid=0 prev_prio=120 prev_state=R ==> next_comm=InputThread next_pid=565 next_prio=120
     kworker/2:0-1292    [002] d...  4913.724551: sched_switch: prev_comm=kworker/2:0 prev_pid=1292 prev_prio=120 prev_state=I ==> next_comm=thd next_pid=373 next_prio=120
             thd-373     [002] d...  4913.724639: sched_switch: prev_comm=thd prev_pid=373 prev_prio=120 prev_state=S ==> next_comm=swapper/2 next_pid=0 next_prio=120
     InputThread-565     [000] d...  4913.724746: sched_switch: prev_comm=InputThread prev_pid=565 prev_prio=120 prev_state=D ==> next_comm=swapper/0 next_pid=0 next_prio=120
          <idle>-0       [000] dnh.  4913.724773: sched_wakeup: comm=InputThread pid=565 prio=120 target_cpu=000
          <idle>-0       [000] d...  4913.724794: sched_switch: prev_comm=swapper/0 prev_pid=0 prev_prio=120 prev_state=R ==> next_comm=InputThread next_pid=565 next_prio=120
     InputThread-565     [000] d...  4913.724870: sched_wakeup: comm=Xorg pid=549 prio=120 target_cpu=000
     InputThread-565     [000] d...  4913.724903: sched_switch: prev_comm=InputThread prev_pid=565 prev_prio=120 prev_state=S ==> next_comm=Xorg next_pid=549 next_prio=120
            Xorg-549     [000] dn..  4913.725006: sched_wakeup: comm=pcmanfm pid=701 prio=120 target_cpu=000
            Xorg-549     [000] d...  4913.725020: sched_switch: prev_comm=Xorg prev_pid=549 prev_prio=120 prev_state=R ==> next_comm=pcmanfm next_pid=701 next_prio=120
         pcmanfm-701     [000] d...  4913.725324: sched_switch: prev_comm=pcmanfm prev_pid=701 prev_prio=120 prev_state=S ==> next_comm=swapper/0 next_pid=0 next_prio=120
          <idle>-0       [001] d...  4913.725339: sched_switch: prev_comm=swapper/1 prev_pid=0 prev_prio=120 prev_state=R ==> next_comm=Xorg next_pid=549 next_prio=120
            Xorg-549     [001] d...  4913.725469: sched_wakeup: comm=pcmanfm pid=701 prio=120 target_cpu=001
            Xorg-549     [001] d...  4913.725515: sched_switch: prev_comm=Xorg prev_pid=549 prev_prio=120 prev_state=S ==> next_comm=pcmanfm next_pid=701 next_prio=120
         pcmanfm-701     [001] d...  4913.725787: sched_switch: prev_comm=pcmanfm prev_pid=701 prev_prio=120 prev_state=S ==> next_comm=swapper/1 next_pid=0 next_prio=120
          <idle>-0       [002] dnh.  4913.740496: sched_wakeup: comm=thd pid=373 prio=120 target_cpu=002
          <idle>-0       [000] dns.  4913.740499: sched_wakeup: comm=InputThread pid=565 prio=120 target_cpu=000
          <idle>-0       [002] d...  4913.740515: sched_switch: prev_comm=swapper/2 prev_pid=0 prev_prio=120 prev_state=R ==> next_comm=thd next_pid=373 next_prio=120
          <idle>-0       [000] d...  4913.740541: sched_switch: prev_comm=swapper/0 prev_pid=0 prev_prio=120 prev_state=R ==> next_comm=InputThread next_pid=565 next_prio=120
             thd-373     [002] d...  4913.740590: sched_switch: prev_comm=thd prev_pid=373 prev_prio=120 prev_state=S ==> next_comm=swapper/2 next_pid=0 next_prio=120
     InputThread-565     [000] d...  4913.740753: sched_switch: prev_comm=InputThread prev_pid=565 prev_prio=120 prev_state=D ==> next_comm=swapper/0 next_pid=0 next_prio=120
          <idle>-0       [000] dnh.  4913.740781: sched_wakeup: comm=InputThread pid=565 prio=120 target_cpu=000
          <idle>-0       [000] d...  4913.740802: sched_switch: prev_comm=swapper/0 prev_pid=0 prev_prio=120 prev_state=R ==> next_comm=InputThread next_pid=565 next_prio=120
          <idle>-0       [001] dnh.  4913.740893: sched_wakeup: comm=Xorg pid=549 prio=120 target_cpu=001
     InputThread-565     [000] d...  4913.740912: sched_switch: prev_comm=InputThread prev_pid=565 prev_prio=120 prev_state=S ==> next_comm=swapper/0 next_pid=0 next_prio=120
          <idle>-0       [001] d...  4913.740913: sched_switch: prev_comm=swapper/1 prev_pid=0 prev_prio=120 prev_state=R ==> next_comm=Xorg next_pid=549 next_prio=120
            Xorg-549     [001] d...  4913.741030: sched_wakeup: comm=pcmanfm pid=701 prio=120 target_cpu=001
            Xorg-549     [001] d...  4913.741083: sched_switch: prev_comm=Xorg prev_pid=549 prev_prio=120 prev_state=S ==> next_comm=pcmanfm next_pid=701 next_prio=120
         pcmanfm-701     [001] dn..  4913.741316: sched_wakeup: comm=Xorg pid=549 prio=120 target_cpu=001
         pcmanfm-701     [001] d...  4913.741330: sched_switch: prev_comm=pcmanfm prev_pid=701 prev_prio=120 prev_state=R ==> next_comm=Xorg next_pid=549 next_prio=120
            Xorg-549     [001] d...  4913.741426: sched_switch: prev_comm=Xorg prev_pid=549 prev_prio=120 prev_state=S ==> next_comm=pcmanfm next_pid=701 next_prio=120
         pcmanfm-701     [001] d...  4913.741687: sched_switch: prev_comm=pcmanfm prev_pid=701 prev_prio=120 prev_state=S ==> next_comm=swapper/1 next_pid=0 next_prio=120
          <idle>-0       [002] dnh.  4913.756507: sched_wakeup: comm=thd pid=373 prio=120 target_cpu=002
          <idle>-0       [000] dns.  4913.756508: sched_wakeup: comm=InputThread pid=565 prio=120 target_cpu=000
          <idle>-0       [002] d...  4913.756525: sched_switch: prev_comm=swapper/2 prev_pid=0 prev_prio=120 prev_state=R ==> next_comm=thd next_pid=373 next_prio=120
          <idle>-0       [000] d...  4913.756550: sched_switch: prev_comm=swapper/0 prev_pid=0 prev_prio=120 prev_state=R ==> next_comm=InputThread next_pid=565 next_prio=120
             thd-373     [002] d...  4913.756596: sched_switch: prev_comm=thd prev_pid=373 prev_prio=120 prev_state=S ==> next_comm=swapper/2 next_pid=0 next_prio=120
     InputThread-565     [000] d...  4913.756745: sched_switch: prev_comm=InputThread prev_pid=565 prev_prio=120 prev_state=D ==> next_comm=swapper/0 next_pid=0 next_prio=120
          <idle>-0       [000] dnh.  4913.756774: sched_wakeup: comm=InputThread pid=565 prio=120 target_cpu=000
          <idle>-0       [000] d...  4913.756795: sched_switch: prev_comm=swapper/0 prev_pid=0 prev_prio=120 prev_state=R ==> next_comm=InputThread next_pid=565 next_prio=120
     InputThread-565     [000] d...  4913.756873: sched_wakeup: comm=Xorg pid=549 prio=120 target_cpu=000
     InputThread-565     [000] d...  4913.756904: sched_switch: prev_comm=InputThread prev_pid=565 prev_prio=120 prev_state=S ==> next_comm=Xorg next_pid=549 next_prio=120
            Xorg-549     [000] dn..  4913.757011: sched_wakeup: comm=pcmanfm pid=701 prio=120 target_cpu=000
            Xorg-549     [000] d...  4913.757025: sched_switch: prev_comm=Xorg prev_pid=549 prev_prio=120 prev_state=R ==> next_comm=pcmanfm next_pid=701 next_prio=120
         pcmanfm-701     [000] d...  4913.757249: sched_switch: prev_comm=pcmanfm prev_pid=701 prev_prio=120 prev_state=S ==> next_comm=Xorg next_pid=549 next_prio=120
            Xorg-549     [000] dn..  4913.757345: sched_wakeup: comm=pcmanfm pid=701 prio=120 target_cpu=000
            Xorg-549     [000] d...  4913.757358: sched_switch: prev_comm=Xorg prev_pid=549 prev_prio=120 prev_state=R ==> next_comm=pcmanfm next_pid=701 next_prio=120
         pcmanfm-701     [000] d...  4913.757583: sched_switch: prev_comm=pcmanfm prev_pid=701 prev_prio=120 prev_state=S ==> next_comm=Xorg next_pid=549 next_prio=120
            Xorg-549     [000] d...  4913.757650: sched_switch: prev_comm=Xorg prev_pid=549 prev_prio=120 prev_state=S ==> next_comm=swapper/0 next_pid=0 next_prio=120
          <idle>-0       [002] dnh.  4913.772495: sched_wakeup: comm=thd pid=373 prio=120 target_cpu=002
          <idle>-0       [000] dns.  4913.772497: sched_wakeup: comm=InputThread pid=565 prio=120 target_cpu=000
          <idle>-0       [002] d...  4913.772513: sched_switch: prev_comm=swapper/2 prev_pid=0 prev_prio=120 prev_state=R ==> next_comm=thd next_pid=373 next_prio=120
          <idle>-0       [000] d...  4913.772542: sched_switch: prev_comm=swapper/0 prev_pid=0 prev_prio=120 prev_state=R ==> next_comm=InputThread next_pid=565 next_prio=120
             thd-373     [002] d...  4913.772589: sched_switch: prev_comm=thd prev_pid=373 prev_prio=120 prev_state=S ==> next_comm=swapper/2 next_pid=0 next_prio=120
     InputThread-565     [000] d...  4913.772753: sched_switch: prev_comm=InputThread prev_pid=565 prev_prio=120 prev_state=D ==> next_comm=swapper/0 next_pid=0 next_prio=120
          <idle>-0       [000] dnh.  4913.772767: sched_wakeup: comm=InputThread pid=565 prio=120 target_cpu=000
          <idle>-0       [000] d...  4913.772777: sched_switch: prev_comm=swapper/0 prev_pid=0 prev_prio=120 prev_state=R ==> next_comm=InputThread next_pid=565 next_prio=120
     InputThread-565     [000] d...  4913.772855: sched_wakeup: comm=Xorg pid=549 prio=120 target_cpu=000
     InputThread-565     [000] d...  4913.772893: sched_switch: prev_comm=InputThread prev_pid=565 prev_prio=120 prev_state=S ==> next_comm=Xorg next_pid=549 next_prio=120
            Xorg-549     [000] dn..  4913.772998: sched_wakeup: comm=pcmanfm pid=701 prio=120 target_cpu=000
            Xorg-549     [000] d...  4913.773011: sched_switch: prev_comm=Xorg prev_pid=549 prev_prio=120 prev_state=R ==> next_comm=pcmanfm next_pid=701 next_prio=120
         pcmanfm-701     [000] d...  4913.773237: sched_switch: prev_comm=pcmanfm prev_pid=701 prev_prio=120 prev_state=S ==> next_comm=Xorg next_pid=549 next_prio=120
            Xorg-549     [000] dn..  4913.773329: sched_wakeup: comm=pcmanfm pid=701 prio=120 target_cpu=000
            Xorg-549     [000] d...  4913.773341: sched_switch: prev_comm=Xorg prev_pid=549 prev_prio=120 prev_state=R ==> next_comm=pcmanfm next_pid=701 next_prio=120
         pcmanfm-701     [000] d...  4913.773563: sched_switch: prev_comm=pcmanfm prev_pid=701 prev_prio=120 prev_state=S ==> next_comm=Xorg next_pid=549 next_prio=120
            Xorg-549     [000] d...  4913.773629: sched_switch: prev_comm=Xorg prev_pid=549 prev_prio=120 prev_state=S ==> next_comm=swapper/0 next_pid=0 next_prio=120
          <idle>-0       [002] dnh.  4913.788465: sched_wakeup: comm=thd pid=373 prio=120 target_cpu=002
          <idle>-0       [000] dns.  4913.788467: sched_wakeup: comm=InputThread pid=565 prio=120 target_cpu=000
          <idle>-0       [002] d...  4913.788483: sched_switch: prev_comm=swapper/2 prev_pid=0 prev_prio=120 prev_state=R ==> next_comm=thd next_pid=373 next_prio=120
          <idle>-0       [000] d...  4913.788510: sched_switch: prev_comm=swapper/0 prev_pid=0 prev_prio=120 prev_state=R ==> next_comm=InputThread next_pid=565 next_prio=120
             thd-373     [002] d...  4913.788556: sched_switch: prev_comm=thd prev_pid=373 prev_prio=120 prev_state=S ==> next_comm=swapper/2 next_pid=0 next_prio=120
     InputThread-565     [000] d...  4913.788714: sched_switch: prev_comm=InputThread prev_pid=565 prev_prio=120 prev_state=D ==> next_comm=swapper/0 next_pid=0 next_prio=120
          <idle>-0       [000] dnh.  4913.788731: sched_wakeup: comm=InputThread pid=565 prio=120 target_cpu=000
          <idle>-0       [000] d...  4913.788742: sched_switch: prev_comm=swapper/0 prev_pid=0 prev_prio=120 prev_state=R ==> next_comm=InputThread next_pid=565 next_prio=120
     InputThread-565     [000] d...  4913.788818: sched_wakeup: comm=Xorg pid=549 prio=120 target_cpu=000
     InputThread-565     [000] d...  4913.788850: sched_switch: prev_comm=InputThread prev_pid=565 prev_prio=120 prev_state=S ==> next_comm=Xorg next_pid=549 next_prio=120
            Xorg-549     [000] dn..  4913.788955: sched_wakeup: comm=pcmanfm pid=701 prio=120 target_cpu=000
            Xorg-549     [000] d...  4913.788967: sched_switch: prev_comm=Xorg prev_pid=549 prev_prio=120 prev_state=R ==> next_comm=pcmanfm next_pid=701 next_prio=120
         pcmanfm-701     [000] d...  4913.789195: sched_switch: prev_comm=pcmanfm prev_pid=701 prev_prio=120 prev_state=S ==> next_comm=Xorg next_pid=549 next_prio=120
            Xorg-549     [000] dn..  4913.789288: sched_wakeup: comm=pcmanfm pid=701 prio=120 target_cpu=000
            Xorg-549     [000] d...  4913.789300: sched_switch: prev_comm=Xorg prev_pid=549 prev_prio=120 prev_state=R ==> next_comm=pcmanfm next_pid=701 next_prio=120
         pcmanfm-701     [000] d...  4913.789526: sched_switch: prev_comm=pcmanfm prev_pid=701 prev_prio=120 prev_state=S ==> next_comm=Xorg next_pid=549 next_prio=120
            Xorg-549     [000] d...  4913.789593: sched_switch: prev_comm=Xorg prev_pid=549 prev_prio=120 prev_state=S ==> next_comm=swapper/0 next_pid=0 next_prio=120
          <idle>-0       [002] dnh.  4913.804432: sched_wakeup: comm=thd pid=373 prio=120 target_cpu=002
          <idle>-0       [000] dns.  4913.804435: sched_wakeup: comm=InputThread pid=565 prio=120 target_cpu=000
          <idle>-0       [002] d...  4913.804452: sched_switch: prev_comm=swapper/2 prev_pid=0 prev_prio=120 prev_state=R ==> next_comm=thd next_pid=373 next_prio=120
          <idle>-0       [000] d...  4913.804477: sched_switch: prev_comm=swapper/0 prev_pid=0 prev_prio=120 prev_state=R ==> next_comm=InputThread next_pid=565 next_prio=120
             thd-373     [002] d...  4913.804523: sched_switch: prev_comm=thd prev_pid=373 prev_prio=120 prev_state=S ==> next_comm=swapper/2 next_pid=0 next_prio=120
     InputThread-565     [000] d...  4913.804686: sched_switch: prev_comm=InputThread prev_pid=565 prev_prio=120 prev_state=D ==> next_comm=swapper/0 next_pid=0 next_prio=120
          <idle>-0       [000] dnh.  4913.804702: sched_wakeup: comm=InputThread pid=565 prio=120 target_cpu=000
          <idle>-0       [000] d...  4913.804713: sched_switch: prev_comm=swapper/0 prev_pid=0 prev_prio=120 prev_state=R ==> next_comm=InputThread next_pid=565 next_prio=120
     InputThread-565     [000] d...  4913.804791: sched_wakeup: comm=Xorg pid=549 prio=120 target_cpu=000
     InputThread-565     [000] d...  4913.804823: sched_switch: prev_comm=InputThread prev_pid=565 prev_prio=120 prev_state=S ==> next_comm=Xorg next_pid=549 next_prio=120
            Xorg-549     [000] dn..  4913.804924: sched_wakeup: comm=pcmanfm pid=701 prio=120 target_cpu=000
            Xorg-549     [000] d...  4913.804937: sched_switch: prev_comm=Xorg prev_pid=549 prev_prio=120 prev_state=R ==> next_comm=pcmanfm next_pid=701 next_prio=120
         pcmanfm-701     [000] d...  4913.805176: sched_switch: prev_comm=pcmanfm prev_pid=701 prev_prio=120 prev_state=S ==> next_comm=Xorg next_pid=549 next_prio=120
            Xorg-549     [000] dn..  4913.805313: sched_wakeup: comm=pcmanfm pid=701 prio=120 target_cpu=000
            Xorg-549     [000] d...  4913.805325: sched_switch: prev_comm=Xorg prev_pid=549 prev_prio=120 prev_state=R ==> next_comm=pcmanfm next_pid=701 next_prio=120
         pcmanfm-701     [000] d...  4913.805596: sched_switch: prev_comm=pcmanfm prev_pid=701 prev_prio=120 prev_state=S ==> next_comm=Xorg next_pid=549 next_prio=120
            Xorg-549     [000] d...  4913.805660: sched_switch: prev_comm=Xorg prev_pid=549 prev_prio=120 prev_state=S ==> next_comm=swapper/0 next_pid=0 next_prio=120
          <idle>-0       [000] dns.  4913.815254: sched_wakeup: comm=kcompactd0 pid=39 prio=120 target_cpu=000
          <idle>-0       [000] d...  4913.815285: sched_switch: prev_comm=swapper/0 prev_pid=0 prev_prio=120 prev_state=R ==> next_comm=kcompactd0 next_pid=39 next_prio=120
           <...>-39      [000] d...  4913.815311: sched_switch: prev_comm=kcompactd0 prev_pid=39 prev_prio=120 prev_state=S ==> next_comm=swapper/0 next_pid=0 next_prio=120
          <idle>-0       [002] dnh.  4913.820439: sched_wakeup: comm=thd pid=373 prio=120 target_cpu=002
          <idle>-0       [000] dns.  4913.820441: sched_wakeup: comm=InputThread pid=565 prio=120 target_cpu=000
          <idle>-0       [002] d...  4913.820457: sched_switch: prev_comm=swapper/2 prev_pid=0 prev_prio=120 prev_state=R ==> next_comm=thd next_pid=373 next_prio=120
          <idle>-0       [000] d...  4913.820482: sched_switch: prev_comm=swapper/0 prev_pid=0 prev_prio=120 prev_state=R ==> next_comm=InputThread next_pid=565 next_prio=120
             thd-373     [002] d...  4913.820530: sched_switch: prev_comm=thd prev_pid=373 prev_prio=120 prev_state=S ==> next_comm=swapper/2 next_pid=0 next_prio=120
     InputThread-565     [000] d...  4913.820694: sched_switch: prev_comm=InputThread prev_pid=565 prev_prio=120 prev_state=D ==> next_comm=swapper/0 next_pid=0 next_prio=120
          <idle>-0       [000] dnh.  4913.820714: sched_wakeup: comm=InputThread pid=565 prio=120 target_cpu=000
          <idle>-0       [000] d...  4913.820726: sched_switch: prev_comm=swapper/0 prev_pid=0 prev_prio=120 prev_state=R ==> next_comm=InputThread next_pid=565 next_prio=120
     InputThread-565     [000] d...  4913.820807: sched_wakeup: comm=Xorg pid=549 prio=120 target_cpu=000
     InputThread-565     [000] d...  4913.820839: sched_switch: prev_comm=InputThread prev_pid=565 prev_prio=120 prev_state=S ==> next_comm=Xorg next_pid=549 next_prio=120
            Xorg-549     [000] dn..  4913.820943: sched_wakeup: comm=pcmanfm pid=701 prio=120 target_cpu=000
            Xorg-549     [000] d...  4913.820956: sched_switch: prev_comm=Xorg prev_pid=549 prev_prio=120 prev_state=R ==> next_comm=pcmanfm next_pid=701 next_prio=120
         pcmanfm-701     [000] d...  4913.821194: sched_switch: prev_comm=pcmanfm prev_pid=701 prev_prio=120 prev_state=S ==> next_comm=Xorg next_pid=549 next_prio=120
            Xorg-549     [000] dn..  4913.821285: sched_wakeup: comm=pcmanfm pid=701 prio=120 target_cpu=000
            Xorg-549     [000] d...  4913.821297: sched_switch: prev_comm=Xorg prev_pid=549 prev_prio=120 prev_state=R ==> next_comm=pcmanfm next_pid=701 next_prio=120
         pcmanfm-701     [000] d...  4913.821527: sched_switch: prev_comm=pcmanfm prev_pid=701 prev_prio=120 prev_state=S ==> next_comm=Xorg next_pid=549 next_prio=120
            Xorg-549     [000] d...  4913.821586: sched_switch: prev_comm=Xorg prev_pid=549 prev_prio=120 prev_state=S ==> next_comm=swapper/0 next_pid=0 next_prio=120
          <idle>-0       [002] dnh.  4913.836508: sched_wakeup: comm=thd pid=373 prio=120 target_cpu=002
          <idle>-0       [000] dns.  4913.836510: sched_wakeup: comm=InputThread pid=565 prio=120 target_cpu=000
          <idle>-0       [002] dnh.  4913.836519: sched_wakeup: comm=kworker/2:0 pid=1292 prio=120 target_cpu=002
          <idle>-0       [002] d...  4913.836540: sched_switch: prev_comm=swapper/2 prev_pid=0 prev_prio=120 prev_state=R ==> next_comm=kworker/2:0 next_pid=1292 next_prio=120
          <idle>-0       [000] d...  4913.836554: sched_switch: prev_comm=swapper/0 prev_pid=0 prev_prio=120 prev_state=R ==> next_comm=InputThread next_pid=565 next_prio=120
     kworker/2:0-1292    [002] d...  4913.836615: sched_switch: prev_comm=kworker/2:0 prev_pid=1292 prev_prio=120 prev_state=D ==> next_comm=thd next_pid=373 next_prio=120
             thd-373     [002] d.h.  4913.836643: sched_wakeup: comm=kworker/2:0 pid=1292 prio=120 target_cpu=002
             thd-373     [002] d...  4913.836710: sched_switch: prev_comm=thd prev_pid=373 prev_prio=120 prev_state=S ==> next_comm=kworker/2:0 next_pid=1292 next_prio=120
     kworker/2:0-1292    [002] d...  4913.836788: sched_switch: prev_comm=kworker/2:0 prev_pid=1292 prev_prio=120 prev_state=D ==> next_comm=swapper/2 next_pid=0 next_prio=120
     InputThread-565     [000] d...  4913.836800: sched_switch: prev_comm=InputThread prev_pid=565 prev_prio=120 prev_state=D ==> next_comm=swapper/0 next_pid=0 next_prio=120
          <idle>-0       [002] dnh.  4913.840093: sched_wakeup: comm=kworker/2:0 pid=1292 prio=120 target_cpu=002
          <idle>-0       [002] d...  4913.840108: sched_switch: prev_comm=swapper/2 prev_pid=0 prev_prio=120 prev_state=R ==> next_comm=kworker/2:0 next_pid=1292 next_prio=120
     kworker/2:0-1292    [002] d...  4913.840129: sched_wakeup: comm=InputThread pid=565 prio=120 target_cpu=002
     kworker/2:0-1292    [002] d...  4913.840171: sched_switch: prev_comm=kworker/2:0 prev_pid=1292 prev_prio=120 prev_state=D ==> next_comm=InputThread next_pid=565 next_prio=120
     InputThread-565     [002] d...  4913.840190: sched_switch: prev_comm=InputThread prev_pid=565 prev_prio=120 prev_state=D ==> next_comm=swapper/2 next_pid=0 next_prio=120
          <idle>-0       [002] dnh.  4913.842698: sched_wakeup: comm=kworker/2:0 pid=1292 prio=120 target_cpu=002
          <idle>-0       [002] d...  4913.842714: sched_switch: prev_comm=swapper/2 prev_pid=0 prev_prio=120 prev_state=R ==> next_comm=kworker/2:0 next_pid=1292 next_prio=120
     kworker/2:0-1292    [002] d...  4913.842729: sched_wakeup: comm=InputThread pid=565 prio=120 target_cpu=002
     kworker/2:0-1292    [002] d...  4913.842751: sched_switch: prev_comm=kworker/2:0 prev_pid=1292 prev_prio=120 prev_state=I ==> next_comm=InputThread next_pid=565 next_prio=120
     InputThread-565     [002] d...  4913.842790: sched_switch: prev_comm=InputThread prev_pid=565 prev_prio=120 prev_state=D ==> next_comm=swapper/2 next_pid=0 next_prio=120
          <idle>-0       [002] dnh.  4913.842811: sched_wakeup: comm=InputThread pid=565 prio=120 target_cpu=002
          <idle>-0       [002] d...  4913.842826: sched_switch: prev_comm=swapper/2 prev_pid=0 prev_prio=120 prev_state=R ==> next_comm=InputThread next_pid=565 next_prio=120
          <idle>-0       [000] dnh.  4913.842920: sched_wakeup: comm=Xorg pid=549 prio=120 target_cpu=000
          <idle>-0       [000] d...  4913.842937: sched_switch: prev_comm=swapper/0 prev_pid=0 prev_prio=120 prev_state=R ==> next_comm=Xorg next_pid=549 next_prio=120
     InputThread-565     [002] d...  4913.842938: sched_switch: prev_comm=InputThread prev_pid=565 prev_prio=120 prev_state=S ==> next_comm=swapper/2 next_pid=0 next_prio=120
            Xorg-549     [000] dn..  4913.843032: sched_wakeup: comm=pcmanfm pid=701 prio=120 target_cpu=000
            Xorg-549     [000] d...  4913.843043: sched_switch: prev_comm=Xorg prev_pid=549 prev_prio=120 prev_state=R ==> next_comm=pcmanfm next_pid=701 next_prio=120
         pcmanfm-701     [000] d...  4913.843250: sched_switch: prev_comm=pcmanfm prev_pid=701 prev_prio=120 prev_state=S ==> next_comm=Xorg next_pid=549 next_prio=120
            Xorg-549     [000] dn..  4913.843332: sched_wakeup: comm=pcmanfm pid=701 prio=120 target_cpu=000
            Xorg-549     [000] d...  4913.843342: sched_switch: prev_comm=Xorg prev_pid=549 prev_prio=120 prev_state=R ==> next_comm=pcmanfm next_pid=701 next_prio=120
         pcmanfm-701     [000] d...  4913.843541: sched_switch: prev_comm=pcmanfm prev_pid=701 prev_prio=120 prev_state=S ==> next_comm=Xorg next_pid=549 next_prio=120
            Xorg-549     [000] d...  4913.843586: sched_switch: prev_comm=Xorg prev_pid=549 prev_prio=120 prev_state=S ==> next_comm=swapper/0 next_pid=0 next_prio=120
          <idle>-0       [002] dnh.  4913.852436: sched_wakeup: comm=thd pid=373 prio=120 target_cpu=002
          <idle>-0       [002] dnh.  4913.852444: sched_wakeup: comm=InputThread pid=565 prio=120 target_cpu=002
          <idle>-0       [002] d...  4913.852461: sched_switch: prev_comm=swapper/2 prev_pid=0 prev_prio=120 prev_state=R ==> next_comm=InputThread next_pid=565 next_prio=120
     InputThread-565     [002] d...  4913.852655: sched_switch: prev_comm=InputThread prev_pid=565 prev_prio=120 prev_state=D ==> next_comm=thd next_pid=373 next_prio=120
             thd-373     [002] dnh.  4913.852673: sched_wakeup: comm=InputThread pid=565 prio=120 target_cpu=002
             thd-373     [002] d...  4913.852684: sched_switch: prev_comm=thd prev_pid=373 prev_prio=120 prev_state=R+ ==> next_comm=InputThread next_pid=565 next_prio=120
          <idle>-0       [000] dnh.  4913.852765: sched_wakeup: comm=Xorg pid=549 prio=120 target_cpu=000
     InputThread-565     [002] d...  4913.852782: sched_switch: prev_comm=InputThread prev_pid=565 prev_prio=120 prev_state=S ==> next_comm=thd next_pid=373 next_prio=120
          <idle>-0       [000] d...  4913.852783: sched_switch: prev_comm=swapper/0 prev_pid=0 prev_prio=120 prev_state=R ==> next_comm=Xorg next_pid=549 next_prio=120
             thd-373     [002] d...  4913.852864: sched_switch: prev_comm=thd prev_pid=373 prev_prio=120 prev_state=S ==> next_comm=swapper/2 next_pid=0 next_prio=120
            Xorg-549     [000] dn..  4913.852878: sched_wakeup: comm=pcmanfm pid=701 prio=120 target_cpu=000
            Xorg-549     [000] d...  4913.852888: sched_switch: prev_comm=Xorg prev_pid=549 prev_prio=120 prev_state=R ==> next_comm=pcmanfm next_pid=701 next_prio=120
         pcmanfm-701     [000] d...  4913.853089: sched_switch: prev_comm=pcmanfm prev_pid=701 prev_prio=120 prev_state=S ==> next_comm=Xorg next_pid=549 next_prio=120
            Xorg-549     [000] dn..  4913.853168: sched_wakeup: comm=pcmanfm pid=701 prio=120 target_cpu=000
            Xorg-549     [000] d...  4913.853180: sched_switch: prev_comm=Xorg prev_pid=549 prev_prio=120 prev_state=R ==> next_comm=pcmanfm next_pid=701 next_prio=120
         pcmanfm-701     [000] d...  4913.853371: sched_switch: prev_comm=pcmanfm prev_pid=701 prev_prio=120 prev_state=S ==> next_comm=Xorg next_pid=549 next_prio=120
            Xorg-549     [000] d...  4913.853415: sched_switch: prev_comm=Xorg prev_pid=549 prev_prio=120 prev_state=S ==> next_comm=swapper/0 next_pid=0 next_prio=120
          <idle>-0       [002] dnh.  4913.868439: sched_wakeup: comm=thd pid=373 prio=120 target_cpu=002
          <idle>-0       [002] dnh.  4913.868446: sched_wakeup: comm=InputThread pid=565 prio=120 target_cpu=002
          <idle>-0       [002] d...  4913.868463: sched_switch: prev_comm=swapper/2 prev_pid=0 prev_prio=120 prev_state=R ==> next_comm=InputThread next_pid=565 next_prio=120
     InputThread-565     [002] d...  4913.868639: sched_switch: prev_comm=InputThread prev_pid=565 prev_prio=120 prev_state=D ==> next_comm=thd next_pid=373 next_prio=120
             thd-373     [002] d.h.  4913.868656: sched_wakeup: comm=InputThread pid=565 prio=120 target_cpu=002
             thd-373     [002] d...  4913.868719: sched_switch: prev_comm=thd prev_pid=373 prev_prio=120 prev_state=S ==> next_comm=InputThread next_pid=565 next_prio=120
          <idle>-0       [000] dnh.  4913.868795: sched_wakeup: comm=Xorg pid=549 prio=120 target_cpu=000
          <idle>-0       [000] d...  4913.868813: sched_switch: prev_comm=swapper/0 prev_pid=0 prev_prio=120 prev_state=R ==> next_comm=Xorg next_pid=549 next_prio=120
     InputThread-565     [002] d...  4913.868822: sched_switch: prev_comm=InputThread prev_pid=565 prev_prio=120 prev_state=S ==> next_comm=swapper/2 next_pid=0 next_prio=120
            Xorg-549     [000] dn..  4913.868905: sched_wakeup: comm=pcmanfm pid=701 prio=120 target_cpu=000
            Xorg-549     [000] d...  4913.868916: sched_switch: prev_comm=Xorg prev_pid=549 prev_prio=120 prev_state=R ==> next_comm=pcmanfm next_pid=701 next_prio=120
         pcmanfm-701     [000] d...  4913.869157: sched_switch: prev_comm=pcmanfm prev_pid=701 prev_prio=120 prev_state=S ==> next_comm=Xorg next_pid=549 next_prio=120
            Xorg-549     [000] dn..  4913.869238: sched_wakeup: comm=pcmanfm pid=701 prio=120 target_cpu=000
            Xorg-549     [000] d...  4913.869248: sched_switch: prev_comm=Xorg prev_pid=549 prev_prio=120 prev_state=R ==> next_comm=pcmanfm next_pid=701 next_prio=120
         pcmanfm-701     [000] d...  4913.869440: sched_switch: prev_comm=pcmanfm prev_pid=701 prev_prio=120 prev_state=S ==> next_comm=Xorg next_pid=549 next_prio=120
            Xorg-549     [000] d...  4913.869488: sched_switch: prev_comm=Xorg prev_pid=549 prev_prio=120 prev_state=S ==> next_comm=swapper/0 next_pid=0 next_prio=120
          <idle>-0       [002] dnh.  4913.884439: sched_wakeup: comm=thd pid=373 prio=120 target_cpu=002
          <idle>-0       [002] dnh.  4913.884447: sched_wakeup: comm=InputThread pid=565 prio=120 target_cpu=002
          <idle>-0       [002] d...  4913.884463: sched_switch: prev_comm=swapper/2 prev_pid=0 prev_prio=120 prev_state=R ==> next_comm=InputThread next_pid=565 next_prio=120
     InputThread-565     [002] d...  4913.884636: sched_switch: prev_comm=InputThread prev_pid=565 prev_prio=120 prev_state=D ==> next_comm=thd next_pid=373 next_prio=120
             thd-373     [002] d.h.  4913.884654: sched_wakeup: comm=InputThread pid=565 prio=120 target_cpu=002
             thd-373     [002] d...  4913.884720: sched_switch: prev_comm=thd prev_pid=373 prev_prio=120 prev_state=S ==> next_comm=InputThread next_pid=565 next_prio=120
          <idle>-0       [000] dnh.  4913.884794: sched_wakeup: comm=Xorg pid=549 prio=120 target_cpu=000
          <idle>-0       [000] d...  4913.884811: sched_switch: prev_comm=swapper/0 prev_pid=0 prev_prio=120 prev_state=R ==> next_comm=Xorg next_pid=549 next_prio=120
     InputThread-565     [002] d...  4913.884820: sched_switch: prev_comm=InputThread prev_pid=565 prev_prio=120 prev_state=S ==> next_comm=swapper/2 next_pid=0 next_prio=120
            Xorg-549     [000] dn..  4913.884903: sched_wakeup: comm=pcmanfm pid=701 prio=120 target_cpu=000
            Xorg-549     [000] d...  4913.884915: sched_switch: prev_comm=Xorg prev_pid=549 prev_prio=120 prev_state=R ==> next_comm=pcmanfm next_pid=701 next_prio=120
         pcmanfm-701     [000] d...  4913.885102: sched_switch: prev_comm=pcmanfm prev_pid=701 prev_prio=120 prev_state=S ==> next_comm=Xorg next_pid=549 next_prio=120
            Xorg-549     [000] dn..  4913.885180: sched_wakeup: comm=pcmanfm pid=701 prio=120 target_cpu=000
            Xorg-549     [000] d...  4913.885191: sched_switch: prev_comm=Xorg prev_pid=549 prev_prio=120 prev_state=R ==> next_comm=pcmanfm next_pid=701 next_prio=120
          <idle>-0       [003] d...  4913.885302: sched_switch: prev_comm=swapper/3 prev_pid=0 prev_prio=120 prev_state=R ==> next_comm=Xorg next_pid=549 next_prio=120
            Xorg-549     [003] d...  4913.885341: sched_switch: prev_comm=Xorg prev_pid=549 prev_prio=120 prev_state=S ==> next_comm=swapper/3 next_pid=0 next_prio=120
         pcmanfm-701     [000] d...  4913.885425: sched_switch: prev_comm=pcmanfm prev_pid=701 prev_prio=120 prev_state=S ==> next_comm=swapper/0 next_pid=0 next_prio=120
          <idle>-0       [002] dnh.  4913.900444: sched_wakeup: comm=thd pid=373 prio=120 target_cpu=002
          <idle>-0       [002] dnh.  4913.900452: sched_wakeup: comm=InputThread pid=565 prio=120 target_cpu=002
          <idle>-0       [002] d...  4913.900469: sched_switch: prev_comm=swapper/2 prev_pid=0 prev_prio=120 prev_state=R ==> next_comm=InputThread next_pid=565 next_prio=120
     InputThread-565     [002] d...  4913.900640: sched_switch: prev_comm=InputThread prev_pid=565 prev_prio=120 prev_state=D ==> next_comm=thd next_pid=373 next_prio=120
             thd-373     [002] d.h.  4913.900656: sched_wakeup: comm=InputThread pid=565 prio=120 target_cpu=002
             thd-373     [002] d...  4913.900723: sched_switch: prev_comm=thd prev_pid=373 prev_prio=120 prev_state=S ==> next_comm=InputThread next_pid=565 next_prio=120
          <idle>-0       [003] dnh.  4913.900792: sched_wakeup: comm=Xorg pid=549 prio=120 target_cpu=003
          <idle>-0       [003] d...  4913.900808: sched_switch: prev_comm=swapper/3 prev_pid=0 prev_prio=120 prev_state=R ==> next_comm=Xorg next_pid=549 next_prio=120
     InputThread-565     [002] d...  4913.900827: sched_switch: prev_comm=InputThread prev_pid=565 prev_prio=120 prev_state=S ==> next_comm=swapper/2 next_pid=0 next_prio=120
            Xorg-549     [003] dn..  4913.900905: sched_wakeup: comm=pcmanfm pid=701 prio=120 target_cpu=003
            Xorg-549     [003] d...  4913.900915: sched_switch: prev_comm=Xorg prev_pid=549 prev_prio=120 prev_state=R ==> next_comm=pcmanfm next_pid=701 next_prio=120
         pcmanfm-701     [003] d...  4913.901113: sched_switch: prev_comm=pcmanfm prev_pid=701 prev_prio=120 prev_state=S ==> next_comm=Xorg next_pid=549 next_prio=120
            Xorg-549     [003] dn..  4913.901194: sched_wakeup: comm=pcmanfm pid=701 prio=120 target_cpu=003
            Xorg-549     [003] d...  4913.901203: sched_switch: prev_comm=Xorg prev_pid=549 prev_prio=120 prev_state=R ==> next_comm=pcmanfm next_pid=701 next_prio=120
         pcmanfm-701     [003] d...  4913.901387: sched_switch: prev_comm=pcmanfm prev_pid=701 prev_prio=120 prev_state=S ==> next_comm=Xorg next_pid=549 next_prio=120
            Xorg-549     [003] d...  4913.901434: sched_switch: prev_comm=Xorg prev_pid=549 prev_prio=120 prev_state=S ==> next_comm=swapper/3 next_pid=0 next_prio=120
          <idle>-0       [002] dnh.  4913.916439: sched_wakeup: comm=thd pid=373 prio=120 target_cpu=002
          <idle>-0       [002] dnh.  4913.916447: sched_wakeup: comm=InputThread pid=565 prio=120 target_cpu=002
          <idle>-0       [002] d...  4913.916463: sched_switch: prev_comm=swapper/2 prev_pid=0 prev_prio=120 prev_state=R ==> next_comm=InputThread next_pid=565 next_prio=120
     InputThread-565     [002] d...  4913.916634: sched_switch: prev_comm=InputThread prev_pid=565 prev_prio=120 prev_state=D ==> next_comm=thd next_pid=373 next_prio=120
             thd-373     [002] d.h.  4913.916655: sched_wakeup: comm=InputThread pid=565 prio=120 target_cpu=002
             thd-373     [002] d...  4913.916717: sched_switch: prev_comm=thd prev_pid=373 prev_prio=120 prev_state=S ==> next_comm=InputThread next_pid=565 next_prio=120
          <idle>-0       [003] dnh.  4913.916786: sched_wakeup: comm=Xorg pid=549 prio=120 target_cpu=003
          <idle>-0       [003] d...  4913.916804: sched_switch: prev_comm=swapper/3 prev_pid=0 prev_prio=120 prev_state=R ==> next_comm=Xorg next_pid=549 next_prio=120
     InputThread-565     [002] d...  4913.916818: sched_switch: prev_comm=InputThread prev_pid=565 prev_prio=120 prev_state=S ==> next_comm=swapper/2 next_pid=0 next_prio=120
            Xorg-549     [003] dn..  4913.916892: sched_wakeup: comm=pcmanfm pid=701 prio=120 target_cpu=003
            Xorg-549     [003] d...  4913.916902: sched_switch: prev_comm=Xorg prev_pid=549 prev_prio=120 prev_state=R ==> next_comm=pcmanfm next_pid=701 next_prio=120
         pcmanfm-701     [003] d...  4913.917087: sched_switch: prev_comm=pcmanfm prev_pid=701 prev_prio=120 prev_state=S ==> next_comm=Xorg next_pid=549 next_prio=120
            Xorg-549     [003] dn..  4913.917165: sched_wakeup: comm=pcmanfm pid=701 prio=120 target_cpu=003
            Xorg-549     [003] d...  4913.917175: sched_switch: prev_comm=Xorg prev_pid=549 prev_prio=120 prev_state=R ==> next_comm=pcmanfm next_pid=701 next_prio=120
         pcmanfm-701     [003] d...  4913.917356: sched_switch: prev_comm=pcmanfm prev_pid=701 prev_prio=120 prev_state=S ==> next_comm=Xorg next_pid=549 next_prio=120
            Xorg-549     [003] d...  4913.917401: sched_switch: prev_comm=Xorg prev_pid=549 prev_prio=120 prev_state=S ==> next_comm=swapper/3 next_pid=0 next_prio=120
          <idle>-0       [002] dnh.  4913.932437: sched_wakeup: comm=thd pid=373 prio=120 target_cpu=002
          <idle>-0       [000] dns.  4913.932440: sched_wakeup: comm=InputThread pid=565 prio=120 target_cpu=000
          <idle>-0       [002] d...  4913.932454: sched_switch: prev_comm=swapper/2 prev_pid=0 prev_prio=120 prev_state=R ==> next_comm=thd next_pid=373 next_prio=120
          <idle>-0       [000] d...  4913.932474: sched_switch: prev_comm=swapper/0 prev_pid=0 prev_prio=120 prev_state=R ==> next_comm=InputThread next_pid=565 next_prio=120
             thd-373     [002] d...  4913.932522: sched_switch: prev_comm=thd prev_pid=373 prev_prio=120 prev_state=S ==> next_comm=swapper/2 next_pid=0 next_prio=120
     InputThread-565     [000] d...  4913.932693: sched_switch: prev_comm=InputThread prev_pid=565 prev_prio=120 prev_state=D ==> next_comm=swapper/0 next_pid=0 next_prio=120
          <idle>-0       [000] dnh.  4913.932716: sched_wakeup: comm=InputThread pid=565 prio=120 target_cpu=000
          <idle>-0       [000] d...  4913.932734: sched_switch: prev_comm=swapper/0 prev_pid=0 prev_prio=120 prev_state=R ==> next_comm=InputThread next_pid=565 next_prio=120
          <idle>-0       [003] dnh.  4913.932816: sched_wakeup: comm=Xorg pid=549 prio=120 target_cpu=003
     InputThread-565     [000] d...  4913.932832: sched_switch: prev_comm=InputThread prev_pid=565 prev_prio=120 prev_state=S ==> next_comm=swapper/0 next_pid=0 next_prio=120
          <idle>-0       [003] d...  4913.932833: sched_switch: prev_comm=swapper/3 prev_pid=0 prev_prio=120 prev_state=R ==> next_comm=Xorg next_pid=549 next_prio=120
            Xorg-549     [003] dn..  4913.932921: sched_wakeup: comm=pcmanfm pid=701 prio=120 target_cpu=003
            Xorg-549     [003] d...  4913.932930: sched_switch: prev_comm=Xorg prev_pid=549 prev_prio=120 prev_state=R ==> next_comm=pcmanfm next_pid=701 next_prio=120
         pcmanfm-701     [003] d...  4913.933115: sched_switch: prev_comm=pcmanfm prev_pid=701 prev_prio=120 prev_state=S ==> next_comm=Xorg next_pid=549 next_prio=120
            Xorg-549     [003] dn..  4913.933194: sched_wakeup: comm=pcmanfm pid=701 prio=120 target_cpu=003
            Xorg-549     [003] d...  4913.933204: sched_switch: prev_comm=Xorg prev_pid=549 prev_prio=120 prev_state=R ==> next_comm=pcmanfm next_pid=701 next_prio=120
         pcmanfm-701     [003] d...  4913.933383: sched_switch: prev_comm=pcmanfm prev_pid=701 prev_prio=120 prev_state=S ==> next_comm=Xorg next_pid=549 next_prio=120
            Xorg-549     [003] d...  4913.933437: sched_switch: prev_comm=Xorg prev_pid=549 prev_prio=120 prev_state=S ==> next_comm=swapper/3 next_pid=0 next_prio=120
          <idle>-0       [002] dnh.  4913.948448: sched_wakeup: comm=thd pid=373 prio=120 target_cpu=002
          <idle>-0       [000] dns.  4913.948449: sched_wakeup: comm=InputThread pid=565 prio=120 target_cpu=000
          <idle>-0       [002] dnh.  4913.948458: sched_wakeup: comm=kworker/2:0 pid=1292 prio=120 target_cpu=002
          <idle>-0       [002] d...  4913.948475: sched_switch: prev_comm=swapper/2 prev_pid=0 prev_prio=120 prev_state=R ==> next_comm=kworker/2:0 next_pid=1292 next_prio=120
          <idle>-0       [000] d...  4913.948484: sched_switch: prev_comm=swapper/0 prev_pid=0 prev_prio=120 prev_state=R ==> next_comm=InputThread next_pid=565 next_prio=120
     kworker/2:0-1292    [002] d...  4913.948536: sched_switch: prev_comm=kworker/2:0 prev_pid=1292 prev_prio=120 prev_state=D ==> next_comm=thd next_pid=373 next_prio=120
             thd-373     [002] dnh.  4913.948554: sched_wakeup: comm=kworker/2:0 pid=1292 prio=120 target_cpu=002
             thd-373     [002] d...  4913.948564: sched_switch: prev_comm=thd prev_pid=373 prev_prio=120 prev_state=R ==> next_comm=kworker/2:0 next_pid=1292 next_prio=120
     kworker/2:0-1292    [002] d...  4913.948618: sched_switch: prev_comm=kworker/2:0 prev_pid=1292 prev_prio=120 prev_state=D ==> next_comm=thd next_pid=373 next_prio=120
     InputThread-565     [000] d...  4913.948645: sched_switch: prev_comm=InputThread prev_pid=565 prev_prio=120 prev_state=D ==> next_comm=swapper/0 next_pid=0 next_prio=120
             thd-373     [002] d...  4913.948676: sched_switch: prev_comm=thd prev_pid=373 prev_prio=120 prev_state=S ==> next_comm=swapper/2 next_pid=0 next_prio=120
          <idle>-0       [002] dnh.  4913.951465: sched_wakeup: comm=kworker/2:0 pid=1292 prio=120 target_cpu=002
          <idle>-0       [002] d...  4913.951483: sched_switch: prev_comm=swapper/2 prev_pid=0 prev_prio=120 prev_state=R ==> next_comm=kworker/2:0 next_pid=1292 next_prio=120
          <idle>-0       [000] dnh.  4913.951507: sched_wakeup: comm=InputThread pid=565 prio=120 target_cpu=000
          <idle>-0       [000] d...  4913.951527: sched_switch: prev_comm=swapper/0 prev_pid=0 prev_prio=120 prev_state=R ==> next_comm=InputThread next_pid=565 next_prio=120
     kworker/2:0-1292    [002] d...  4913.951544: sched_switch: prev_comm=kworker/2:0 prev_pid=1292 prev_prio=120 prev_state=D ==> next_comm=swapper/2 next_pid=0 next_prio=120
     InputThread-565     [000] d...  4913.951552: sched_switch: prev_comm=InputThread prev_pid=565 prev_prio=120 prev_state=D ==> next_comm=swapper/0 next_pid=0 next_prio=120
          <idle>-0       [002] dnh.  4913.951568: sched_wakeup: comm=kworker/2:0 pid=1292 prio=120 target_cpu=002
          <idle>-0       [002] d...  4913.951585: sched_switch: prev_comm=swapper/2 prev_pid=0 prev_prio=120 prev_state=R ==> next_comm=kworker/2:0 next_pid=1292 next_prio=120
