            Xorg-549     [003] d...  4912.844997: sched_switch: prev_comm=Xorg prev_pid=549 prev_prio=120 prev_state=R ==> next_comm=pcmanfm next_pid=701 next_prio=120
         pcmanfm-701     [003] d...  4912.845194: sched_switch: prev_comm=pcmanfm prev_pid=701 prev_prio=120 prev_state=S ==> next_comm=Xorg next_pid=549 next_prio=120
            Xorg-549     [003] d...  4912.845254: sched_switch: prev_comm=Xorg prev_pid=549 prev_prio=120 prev_state=S ==> next_comm=swapper/3 next_pid=0 next_prio=120
          <idle>-0       [001] dnh.  4912.855378: sched_wakeup: comm=rtkit-daemon pid=748 prio=120 target_cpu=001
          <idle>-0       [001] dns.  4912.855391: sched_wakeup: comm=kworker/1:1 pid=1310 prio=120 target_cpu=001
          <idle>-0       [001] d...  4912.855427: sched_switch: prev_comm=swapper/1 prev_pid=0 prev_prio=120 prev_state=R ==> next_comm=rtkit-daemon next_pid=748 next_prio=120
          <idle>-0       [003] dnh.  4912.855462: sched_wakeup: comm=rtkit-daemon pid=749 prio=0 target_cpu=003
    rtkit-daemon-748     [001] d...  4912.855474: sched_switch: prev_comm=rtkit-daemon prev_pid=748 prev_prio=120 prev_state=S ==> next_comm=kworker/1:1 next_pid=1310 next_prio=120
          <idle>-0       [003] d...  4912.855480: sched_switch: prev_comm=swapper/3 prev_pid=0 prev_prio=120 prev_state=R ==> next_comm=rtkit-daemon next_pid=749 next_prio=0
    rtkit-daemon-749     [003] d...  4912.855540: sched_switch: prev_comm=rtkit-daemon prev_pid=749 prev_prio=0 prev_state=S ==> next_comm=swapper/3 next_pid=0 next_prio=120
     kworker/1:1-1310    [001] d...  4912.855543: sched_switch: prev_comm=kworker/1:1 prev_pid=1310 prev_prio=120 prev_state=D ==> next_comm=swapper/1 next_pid=0 next_prio=120
          <idle>-0       [001] dnh.  4912.858343: sched_wakeup: comm=kworker/1:1 pid=1310 prio=120 target_cpu=001
          <idle>-0       [001] d...  4912.858360: sched_switch: prev_comm=swapper/1 prev_pid=0 prev_prio=120 prev_state=R ==> next_comm=kworker/1:1 next_pid=1310 next_prio=120
     kworker/1:1-1310    [001] d...  4912.858408: sched_switch: prev_comm=kworker/1:1 prev_pid=1310 prev_prio=120 prev_state=D ==> next_comm=swapper/1 next_pid=0 next_prio=120
          <idle>-0       [001] dnh.  4912.858430: sched_wakeup: comm=kworker/1:1 pid=1310 prio=120 target_cpu=001
          <idle>-0       [001] d...  4912.858446: sched_switch: prev_comm=swapper/1 prev_pid=0 prev_prio=120 prev_state=R ==> next_comm=kworker/1:1 next_pid=1310 next_prio=120
     kworker/1:1-1310    [001] d...  4912.858464: sched_switch: prev_comm=kworker/1:1 prev_pid=1310 prev_prio=120 prev_state=I ==> next_comm=swapper/1 next_pid=0 next_prio=120
          <idle>-0       [002] dnh.  4912.860283: sched_wakeup: comm=thd pid=373 prio=120 target_cpu=002
          <idle>-0       [000] dns.  4912.860284: sched_wakeup: comm=InputThread pid=565 prio=120 target_cpu=000
          <idle>-0       [002] d...  4912.860299: sched_switch: prev_comm=swapper/2 prev_pid=0 prev_prio=120 prev_state=R ==> next_comm=thd next_pid=373 next_prio=120
          <idle>-0       [000] d...  4912.860322: sched_switch: prev_comm=swapper/0 prev_pid=0 prev_prio=120 prev_state=R ==> next_comm=InputThread next_pid=565 next_prio=120
             thd-373     [002] d...  4912.860362: sched_switch: prev_comm=thd prev_pid=373 prev_prio=120 prev_state=S ==> next_comm=swapper/2 next_pid=0 next_prio=120
     InputThread-565     [000] d...  4912.860499: sched_switch: prev_comm=InputThread prev_pid=565 prev_prio=120 prev_state=D ==> next_comm=swapper/0 next_pid=0 next_prio=120
          <idle>-0       [000] dnh.  4912.860511: sched_wakeup: comm=InputThread pid=565 prio=120 target_cpu=000
          <idle>-0       [000] d...  4912.860519: sched_switch: prev_comm=swapper/0 prev_pid=0 prev_prio=120 prev_state=R ==> next_comm=InputThread next_pid=565 next_prio=120
          <idle>-0       [003] dnh.  4912.860586: sched_wakeup: comm=Xorg pid=549 prio=120 target_cpu=003
          <idle>-0       [003] d...  4912.860603: sched_switch: prev_comm=swapper/3 prev_pid=0 prev_prio=120 prev_state=R ==> next_comm=Xorg next_pid=549 next_prio=120
     InputThread-565     [000] d...  4912.860605: sched_switch: prev_comm=InputThread prev_pid=565 prev_prio=120 prev_state=S ==> next_comm=swapper/0 next_pid=0 next_prio=120
            Xorg-549     [003] dn..  4912.860704: sched_wakeup: comm=pcmanfm pid=701 prio=120 target_cpu=003
            Xorg-549     [003] d...  4912.860715: sched_switch: prev_comm=Xorg prev_pid=549 prev_prio=120 prev_state=R ==> next_comm=pcmanfm next_pid=701 next_prio=120
         pcmanfm-701     [003] d...  4912.860924: sched_switch: prev_comm=pcmanfm prev_pid=701 prev_prio=120 prev_state=S ==> next_comm=Xorg next_pid=549 next_prio=120
            Xorg-549     [003] dn..  4912.861049: sched_wakeup: comm=pcmanfm pid=701 prio=120 target_cpu=003
            Xorg-549     [003] d...  4912.861059: sched_switch: prev_comm=Xorg prev_pid=549 prev_prio=120 prev_state=R ==> next_comm=pcmanfm next_pid=701 next_prio=120
         pcmanfm-701     [003] d...  4912.861267: sched_switch: prev_comm=pcmanfm prev_pid=701 prev_prio=120 prev_state=S ==> next_comm=Xorg next_pid=549 next_prio=120
            Xorg-549     [003] d...  4912.861313: sched_switch: prev_comm=Xorg prev_pid=549 prev_prio=120 prev_state=S ==> next_comm=swapper/3 next_pid=0 next_prio=120
          <idle>-0       [002] dnh.  4912.871685: sched_wakeup: comm=lxpanel pid=700 prio=120 target_cpu=002
          <idle>-0       [002] d...  4912.871703: sched_switch: prev_comm=swapper/2 prev_pid=0 prev_prio=120 prev_state=R ==> next_comm=lxpanel next_pid=700 next_prio=120
         lxpanel-700     [002] d...  4912.871803: sched_switch: prev_comm=lxpanel prev_pid=700 prev_prio=120 prev_state=S ==> next_comm=swapper/2 next_pid=0 next_prio=120
          <idle>-0       [002] dnh.  4912.876323: sched_wakeup: comm=thd pid=373 prio=120 target_cpu=002
          <idle>-0       [000] dns.  4912.876324: sched_wakeup: comm=InputThread pid=565 prio=120 target_cpu=000
          <idle>-0       [002] d...  4912.876339: sched_switch: prev_comm=swapper/2 prev_pid=0 prev_prio=120 prev_state=R ==> next_comm=thd next_pid=373 next_prio=120
          <idle>-0       [000] d...  4912.876359: sched_switch: prev_comm=swapper/0 prev_pid=0 prev_prio=120 prev_state=R ==> next_comm=InputThread next_pid=565 next_prio=120
             thd-373     [002] d...  4912.876408: sched_switch: prev_comm=thd prev_pid=373 prev_prio=120 prev_state=S ==> next_comm=swapper/2 next_pid=0 next_prio=120
     InputThread-565     [000] d...  4912.876535: sched_switch: prev_comm=InputThread prev_pid=565 prev_prio=120 prev_state=D ==> next_comm=swapper/0 next_pid=0 next_prio=120
          <idle>-0       [000] dnh.  4912.876546: sched_wakeup: comm=InputThread pid=565 prio=120 target_cpu=000
          <idle>-0       [000] d...  4912.876558: sched_switch: prev_comm=swapper/0 prev_pid=0 prev_prio=120 prev_state=R ==> next_comm=InputThread next_pid=565 next_prio=120
          <idle>-0       [003] dnh.  4912.876632: sched_wakeup: comm=Xorg pid=549 prio=120 target_cpu=003
     InputThread-565     [000] d...  4912.876646: sched_switch: prev_comm=InputThread prev_pid=565 prev_prio=120 prev_state=S ==> next_comm=swapper/0 next_pid=0 next_prio=120
          <idle>-0       [003] d...  4912.876649: sched_switch: prev_comm=swapper/3 prev_pid=0 prev_prio=120 prev_state=R ==> next_comm=Xorg next_pid=549 next_prio=120
            Xorg-549     [003] dn..  4912.876746: sched_wakeup: comm=pcmanfm pid=701 prio=120 target_cpu=003
            Xorg-549     [003] d...  4912.876757: sched_switch: prev_comm=Xorg prev_pid=549 prev_prio=120 prev_state=R ==> next_comm=pcmanfm next_pid=701 next_prio=120
         pcmanfm-701     [003] d...  4912.876958: sched_switch: prev_comm=pcmanfm prev_pid=701 prev_prio=120 prev_state=S ==> next_comm=Xorg next_pid=549 next_prio=120
            Xorg-549     [003] dn..  4912.877038: sched_wakeup: comm=pcmanfm pid=701 prio=120 target_cpu=003
            Xorg-549     [003] d...  4912.877048: sched_switch: prev_comm=Xorg prev_pid=549 prev_prio=120 prev_state=R ==> next_comm=pcmanfm next_pid=701 next_prio=120
         pcmanfm-701     [003] d...  4912.877250: sched_switch: prev_comm=pcmanfm prev_pid=701 prev_prio=120 prev_state=S ==> next_comm=Xorg next_pid=549 next_prio=120
            Xorg-549     [003] d...  4912.877312: sched_switch: prev_comm=Xorg prev_pid=549 prev_prio=120 prev_state=S ==> next_comm=swapper/3 next_pid=0 next_prio=120
          <idle>-0       [002] dnh.  4912.892323: sched_wakeup: comm=thd pid=373 prio=120 target_cpu=002
          <idle>-0       [000] dns.  4912.892325: sched_wakeup: comm=InputThread pid=565 prio=120 target_cpu=000
          <idle>-0       [002] d...  4912.892339: sched_switch: prev_comm=swapper/2 prev_pid=0 prev_prio=120 prev_state=R ==> next_comm=thd next_pid=373 next_prio=120
          <idle>-0       [000] d...  4912.892360: sched_switch: prev_comm=swapper/0 prev_pid=0 prev_prio=120 prev_state=R ==> next_comm=InputThread next_pid=565 next_prio=120
             thd-373     [002] d...  4912.892401: sched_switch: prev_comm=thd prev_pid=373 prev_prio=120 prev_state=S ==> next_comm=swapper/2 next_pid=0 next_prio=120
     InputThread-565     [000] d...  4912.892529: sched_switch: prev_comm=InputThread prev_pid=565 prev_prio=120 prev_state=D ==> next_comm=swapper/0 next_pid=0 next_prio=120
          <idle>-0       [000] dnh.  4912.892540: sched_wakeup: comm=InputThread pid=565 prio=120 target_cpu=000
          <idle>-0       [000] d...  4912.892548: sched_switch: prev_comm=swapper/0 prev_pid=0 prev_prio=120 prev_state=R ==> next_comm=InputThread next_pid=565 next_prio=120
          <idle>-0       [003] dnh.  4912.892617: sched_wakeup: comm=Xorg pid=549 prio=120 target_cpu=003
     InputThread-565     [000] d...  4912.892632: sched_switch: prev_comm=InputThread prev_pid=565 prev_prio=120 prev_state=S ==> next_comm=swapper/0 next_pid=0 next_prio=120
          <idle>-0       [003] d...  4912.892633: sched_switch: prev_comm=swapper/3 prev_pid=0 prev_prio=120 prev_state=R ==> next_comm=Xorg next_pid=549 next_prio=120
            Xorg-549     [003] dn..  4912.892726: sched_wakeup: comm=pcmanfm pid=701 prio=120 target_cpu=003
            Xorg-549     [003] d...  4912.892737: sched_switch: prev_comm=Xorg prev_pid=549 prev_prio=120 prev_state=R ==> next_comm=pcmanfm next_pid=701 next_prio=120
         pcmanfm-701     [003] d...  4912.892931: sched_switch: prev_comm=pcmanfm prev_pid=701 prev_prio=120 prev_state=S ==> next_comm=Xorg next_pid=549 next_prio=120
            Xorg-549     [003] dn..  4912.893008: sched_wakeup: comm=pcmanfm pid=701 prio=120 target_cpu=003
            Xorg-549     [003] d...  4912.893018: sched_switch: prev_comm=Xorg prev_pid=549 prev_prio=120 prev_state=R ==> next_comm=pcmanfm next_pid=701 next_prio=120
         pcmanfm-701     [003] d...  4912.893214: sched_switch: prev_comm=pcmanfm prev_pid=701 prev_prio=120 prev_state=S ==> next_comm=Xorg next_pid=549 next_prio=120
            Xorg-549     [003] d...  4912.893272: sched_switch: prev_comm=Xorg prev_pid=549 prev_prio=120 prev_state=S ==> next_comm=swapper/3 next_pid=0 next_prio=120
          <idle>-0       [002] dnh.  4912.908289: sched_wakeup: comm=thd pid=373 prio=120 target_cpu=002
          <idle>-0       [000] dns.  4912.908292: sched_wakeup: comm=InputThread pid=565 prio=120 target_cpu=000
          <idle>-0       [002] d...  4912.908305: sched_switch: prev_comm=swapper/2 prev_pid=0 prev_prio=120 prev_state=R ==> next_comm=thd next_pid=373 next_prio=120
          <idle>-0       [000] d...  4912.908327: sched_switch: prev_comm=swapper/0 prev_pid=0 prev_prio=120 prev_state=R ==> next_comm=InputThread next_pid=565 next_prio=120
             thd-373     [002] d...  4912.908367: sched_switch: prev_comm=thd prev_pid=373 prev_prio=120 prev_state=S ==> next_comm=swapper/2 next_pid=0 next_prio=120
     InputThread-565     [000] d...  4912.908493: sched_switch: prev_comm=InputThread prev_pid=565 prev_prio=120 prev_state=D ==> next_comm=swapper/0 next_pid=0 next_prio=120
          <idle>-0       [000] dnh.  4912.908509: sched_wakeup: comm=InputThread pid=565 prio=120 target_cpu=000
          <idle>-0       [000] d...  4912.908518: sched_switch: prev_comm=swapper/0 prev_pid=0 prev_prio=120 prev_state=R ==> next_comm=InputThread next_pid=565 next_prio=120
          <idle>-0       [003] dnh.  4912.908586: sched_wakeup: comm=Xorg pid=549 prio=120 target_cpu=003
     InputThread-565     [000] d...  4912.908602: sched_switch: prev_comm=InputThread prev_pid=565 prev_prio=120 prev_state=S ==> next_comm=swapper/0 next_pid=0 next_prio=120
          <idle>-0       [003] d...  4912.908603: sched_switch: prev_comm=swapper/3 prev_pid=0 prev_prio=120 prev_state=R ==> next_comm=Xorg next_pid=549 next_prio=120
            Xorg-549     [003] dn..  4912.908693: sched_wakeup: comm=pcmanfm pid=701 prio=120 target_cpu=003
            Xorg-549     [003] d...  4912.908703: sched_switch: prev_comm=Xorg prev_pid=549 prev_prio=120 prev_state=R ==> next_comm=pcmanfm next_pid=701 next_prio=120
         pcmanfm-701     [003] d...  4912.908898: sched_switch: prev_comm=pcmanfm prev_pid=701 prev_prio=120 prev_state=S ==> next_comm=Xorg next_pid=549 next_prio=120
            Xorg-549     [003] dn..  4912.908977: sched_wakeup: comm=pcmanfm pid=701 prio=120 target_cpu=003
            Xorg-549     [003] d...  4912.908988: sched_switch: prev_comm=Xorg prev_pid=549 prev_prio=120 prev_state=R ==> next_comm=pcmanfm next_pid=701 next_prio=120
         pcmanfm-701     [003] d...  4912.909177: sched_switch: prev_comm=pcmanfm prev_pid=701 prev_prio=120 prev_state=S ==> next_comm=Xorg next_pid=549 next_prio=120
            Xorg-549     [003] d...  4912.909236: sched_switch: prev_comm=Xorg prev_pid=549 prev_prio=120 prev_state=S ==> next_comm=swapper/3 next_pid=0 next_prio=120
          <idle>-0       [002] dnh.  4912.924326: sched_wakeup: comm=thd pid=373 prio=120 target_cpu=002
          <idle>-0       [000] dns.  4912.924328: sched_wakeup: comm=InputThread pid=565 prio=120 target_cpu=000
          <idle>-0       [002] d...  4912.924343: sched_switch: prev_comm=swapper/2 prev_pid=0 prev_prio=120 prev_state=R ==> next_comm=thd next_pid=373 next_prio=120
          <idle>-0       [000] d...  4912.924364: sched_switch: prev_comm=swapper/0 prev_pid=0 prev_prio=120 prev_state=R ==> next_comm=InputThread next_pid=565 next_prio=120
             thd-373     [002] d...  4912.924405: sched_switch: prev_comm=thd prev_pid=373 prev_prio=120 prev_state=S ==> next_comm=swapper/2 next_pid=0 next_prio=120
     InputThread-565     [000] d...  4912.924530: sched_switch: prev_comm=InputThread prev_pid=565 prev_prio=120 prev_state=D ==> next_comm=swapper/0 next_pid=0 next_prio=120
          <idle>-0       [000] dnh.  4912.924550: sched_wakeup: comm=InputThread pid=565 prio=120 target_cpu=000
          <idle>-0       [000] d...  4912.924564: sched_switch: prev_comm=swapper/0 prev_pid=0 prev_prio=120 prev_state=R ==> next_comm=InputThread next_pid=565 next_prio=120
          <idle>-0       [003] dnh.  4912.924657: sched_wakeup: comm=Xorg pid=549 prio=120 target_cpu=003
     InputThread-565     [000] d...  4912.924672: sched_switch: prev_comm=InputThread prev_pid=565 prev_prio=120 prev_state=S ==> next_comm=swapper/0 next_pid=0 next_prio=120
          <idle>-0       [003] d...  4912.924673: sched_switch: prev_comm=swapper/3 prev_pid=0 prev_prio=120 prev_state=R ==> next_comm=Xorg next_pid=549 next_prio=120
            Xorg-549     [003] dn..  4912.924761: sched_wakeup: comm=pcmanfm pid=701 prio=120 target_cpu=003
            Xorg-549     [003] d...  4912.924771: sched_switch: prev_comm=Xorg prev_pid=549 prev_prio=120 prev_state=R ==> next_comm=pcmanfm next_pid=701 next_prio=120
         pcmanfm-701     [003] d...  4912.924964: sched_switch: prev_comm=pcmanfm prev_pid=701 prev_prio=120 prev_state=S ==> next_comm=Xorg next_pid=549 next_prio=120
            Xorg-549     [003] dn..  4912.925046: sched_wakeup: comm=pcmanfm pid=701 prio=120 target_cpu=003
            Xorg-549     [003] d...  4912.925056: sched_switch: prev_comm=Xorg prev_pid=549 prev_prio=120 prev_state=R ==> next_comm=pcmanfm next_pid=701 next_prio=120
         pcmanfm-701     [003] d...  4912.925248: sched_switch: prev_comm=pcmanfm prev_pid=701 prev_prio=120 prev_state=S ==> next_comm=Xorg next_pid=549 next_prio=120
            Xorg-549     [003] d...  4912.925304: sched_switch: prev_comm=Xorg prev_pid=549 prev_prio=120 prev_state=S ==> next_comm=swapper/3 next_pid=0 next_prio=120
          <idle>-0       [000] dns.  4912.925372: sched_wakeup: comm=kworker/0:1 pid=1458 prio=120 target_cpu=000
          <idle>-0       [000] d...  4912.925404: sched_switch: prev_comm=swapper/0 prev_pid=0 prev_prio=120 prev_state=R ==> next_comm=kworker/0:1 next_pid=1458 next_prio=120
     kworker/0:1-1458    [000] d.h.  4912.925431: sched_wakeup: comm=kworker/0:1 pid=1458 prio=120 target_cpu=000
     kworker/0:1-1458    [000] d...  4912.925458: sched_wakeup: comm=kworker/0:0 pid=1330 prio=120 target_cpu=000
     kworker/0:1-1458    [000] d.h.  4912.925465: sched_wakeup: comm=kworker/0:1 pid=1458 prio=120 target_cpu=000
     kworker/0:1-1458    [000] d...  4912.925472: sched_switch: prev_comm=kworker/0:1 prev_pid=1458 prev_prio=120 prev_state=R ==> next_comm=kworker/0:0 next_pid=1330 next_prio=120
     kworker/0:0-1330    [000] d.h.  4912.925533: sched_wakeup: comm=kworker/0:0 pid=1330 prio=120 target_cpu=000
     kworker/0:0-1330    [000] d...  4912.925571: sched_switch: prev_comm=kworker/0:0 prev_pid=1330 prev_prio=120 prev_state=I ==> next_comm=kworker/0:1 next_pid=1458 next_prio=120
     kworker/0:1-1458    [000] d.h.  4912.925593: sched_wakeup: comm=kworker/0:1 pid=1458 prio=120 target_cpu=000
     kworker/0:1-1458    [000] d.h.  4912.925618: sched_wakeup: comm=kworker/0:1 pid=1458 prio=120 target_cpu=000
     kworker/0:1-1458    [000] d.h.  4912.925642: sched_wakeup: comm=kworker/0:1 pid=1458 prio=120 target_cpu=000
     kworker/0:1-1458    [000] d...  4912.925680: sched_switch: prev_comm=kworker/0:1 prev_pid=1458 prev_prio=120 prev_state=I ==> next_comm=swapper/0 next_pid=0 next_prio=120
          <idle>-0       [002] dnh.  4912.940333: sched_wakeup: comm=thd pid=373 prio=120 target_cpu=002
          <idle>-0       [000] dns.  4912.940333: sched_wakeup: comm=InputThread pid=565 prio=120 target_cpu=000
          <idle>-0       [002] dnh.  4912.940343: sched_wakeup: comm=kworker/2:0 pid=1292 prio=120 target_cpu=002
          <idle>-0       [002] d...  4912.940359: sched_switch: prev_comm=swapper/2 prev_pid=0 prev_prio=120 prev_state=R ==> next_comm=kworker/2:0 next_pid=1292 next_prio=120
          <idle>-0       [000] d...  4912.940370: sched_switch: prev_comm=swapper/0 prev_pid=0 prev_prio=120 prev_state=R ==> next_comm=InputThread next_pid=565 next_prio=120
     kworker/2:0-1292    [002] d...  4912.940427: sched_switch: prev_comm=kworker/2:0 prev_pid=1292 prev_prio=120 prev_state=D ==> next_comm=thd next_pid=373 next_prio=120
             thd-373     [002] d.h.  4912.940448: sched_wakeup: comm=kworker/2:0 pid=1292 prio=120 target_cpu=002
             thd-373     [002] d...  4912.940506: sched_switch: prev_comm=thd prev_pid=373 prev_prio=120 prev_state=S ==> next_comm=kworker/2:0 next_pid=1292 next_prio=120
     kworker/2:0-1292    [002] d...  4912.940580: sched_switch: prev_comm=kworker/2:0 prev_pid=1292 prev_prio=120 prev_state=D ==> next_comm=swapper/2 next_pid=0 next_prio=120
     InputThread-565     [000] d...  4912.940593: sched_switch: prev_comm=InputThread prev_pid=565 prev_prio=120 prev_state=D ==> next_comm=swapper/0 next_pid=0 next_prio=120
          <idle>-0       [002] dnh.  4912.943451: sched_wakeup: comm=kworker/2:0 pid=1292 prio=120 target_cpu=002
          <idle>-0       [002] d...  4912.943469: sched_switch: prev_comm=swapper/2 prev_pid=0 prev_prio=120 prev_state=R ==> next_comm=kworker/2:0 next_pid=1292 next_prio=120
     kworker/2:0-1292    [002] d...  4912.943493: sched_wakeup: comm=InputThread pid=565 prio=120 target_cpu=002
     kworker/2:0-1292    [002] d...  4912.943547: sched_switch: prev_comm=kworker/2:0 prev_pid=1292 prev_prio=120 prev_state=D ==> next_comm=InputThread next_pid=565 next_prio=120
     InputThread-565     [002] d...  4912.943567: sched_switch: prev_comm=InputThread prev_pid=565 prev_prio=120 prev_state=D ==> next_comm=swapper/2 next_pid=0 next_prio=120
          <idle>-0       [002] dnh.  4912.943577: sched_wakeup: comm=kworker/2:0 pid=1292 prio=120 target_cpu=002
          <idle>-0       [002] d...  4912.943583: sched_switch: prev_comm=swapper/2 prev_pid=0 prev_prio=120 prev_state=R ==> next_comm=kworker/2:0 next_pid=1292 next_prio=120
     kworker/2:0-1292    [002] d...  4912.943598: sched_wakeup: comm=InputThread pid=565 prio=120 target_cpu=002
     kworker/2:0-1292    [002] d...  4912.943627: sched_switch: prev_comm=kworker/2:0 prev_pid=1292 prev_prio=120 prev_state=I ==> next_comm=InputThread next_pid=565 next_prio=120
     InputThread-565     [002] d...  4912.943670: sched_switch: prev_comm=InputThread prev_pid=565 prev_prio=120 prev_state=D ==> next_comm=swapper/2 next_pid=0 next_prio=120
          <idle>-0       [002] dnh.  4912.943680: sched_wakeup: comm=InputThread pid=565 prio=120 target_cpu=002
          <idle>-0       [002] d...  4912.943687: sched_switch: prev_comm=swapper/2 prev_pid=0 prev_prio=120 prev_state=R ==> next_comm=InputThread next_pid=565 next_prio=120
          <idle>-0       [003] dnh.  4912.943817: sched_wakeup: comm=Xorg pid=549 prio=120 target_cpu=003
          <idle>-0       [003] d...  4912.943837: sched_switch: prev_comm=swapper/3 prev_pid=0 prev_prio=120 prev_state=R ==> next_comm=Xorg next_pid=549 next_prio=120
     InputThread-565     [002] d...  4912.943838: sched_switch: prev_comm=InputThread prev_pid=565 prev_prio=120 prev_state=S ==> next_comm=swapper/2 next_pid=0 next_prio=120
            Xorg-549     [003] dn..  4912.943956: sched_wakeup: comm=pcmanfm pid=701 prio=120 target_cpu=003
            Xorg-549     [003] d...  4912.943969: sched_switch: prev_comm=Xorg prev_pid=549 prev_prio=120 prev_state=R ==> next_comm=pcmanfm next_pid=701 next_prio=120
         pcmanfm-701     [003] d...  4912.944271: sched_switch: prev_comm=pcmanfm prev_pid=701 prev_prio=120 prev_state=S ==> next_comm=Xorg next_pid=549 next_prio=120
            Xorg-549     [003] dn..  4912.944366: sched_wakeup: comm=pcmanfm pid=701 prio=120 target_cpu=003
            Xorg-549     [003] d...  4912.944378: sched_switch: prev_comm=Xorg prev_pid=549 prev_prio=120 prev_state=R ==> next_comm=pcmanfm next_pid=701 next_prio=120
         pcmanfm-701     [003] d...  4912.944621: sched_switch: prev_comm=pcmanfm prev_pid=701 prev_prio=120 prev_state=S ==> next_comm=Xorg next_pid=549 next_prio=120
            Xorg-549     [003] d...  4912.944675: sched_switch: prev_comm=Xorg prev_pid=549 prev_prio=120 prev_state=S ==> next_comm=swapper/3 next_pid=0 next_prio=120
          <idle>-0       [002] dnh.  4912.956309: sched_wakeup: comm=thd pid=373 prio=120 target_cpu=002
          <idle>-0       [000] dns.  4912.956313: sched_wakeup: comm=InputThread pid=565 prio=120 target_cpu=000
          <idle>-0       [002] d...  4912.956332: sched_switch: prev_comm=swapper/2 prev_pid=0 prev_prio=120 prev_state=R ==> next_comm=thd next_pid=373 next_prio=120
          <idle>-0       [000] d...  4912.956358: sched_switch: prev_comm=swapper/0 prev_pid=0 prev_prio=120 prev_state=R ==> next_comm=InputThread next_pid=565 next_prio=120
             thd-373     [002] d...  4912.956413: sched_switch: prev_comm=thd prev_pid=373 prev_prio=120 prev_state=S ==> next_comm=swapper/2 next_pid=0 next_prio=120
     InputThread-565     [000] d...  4912.956562: sched_switch: prev_comm=InputThread prev_pid=565 prev_prio=120 prev_state=D ==> next_comm=swapper/0 next_pid=0 next_prio=120
          <idle>-0       [000] dnh.  4912.956576: sched_wakeup: comm=InputThread pid=565 prio=120 target_cpu=000
          <idle>-0       [000] d...  4912.956590: sched_switch: prev_comm=swapper/0 prev_pid=0 prev_prio=120 prev_state=R ==> next_comm=InputThread next_pid=565 next_prio=120
          <idle>-0       [003] dnh.  4912.956678: sched_wakeup: comm=Xorg pid=549 prio=120 target_cpu=003
     InputThread-565     [000] d...  4912.956695: sched_switch: prev_comm=InputThread prev_pid=565 prev_prio=120 prev_state=S ==> next_comm=swapper/0 next_pid=0 next_prio=120
          <idle>-0       [003] d...  4912.956697: sched_switch: prev_comm=swapper/3 prev_pid=0 prev_prio=120 prev_state=R ==> next_comm=Xorg next_pid=549 next_prio=120
            Xorg-549     [003] dn..  4912.956806: sched_wakeup: comm=pcmanfm pid=701 prio=120 target_cpu=003
            Xorg-549     [003] d...  4912.956818: sched_switch: prev_comm=Xorg prev_pid=549 prev_prio=120 prev_state=R ==> next_comm=pcmanfm next_pid=701 next_prio=120
         pcmanfm-701     [003] d...  4912.957047: sched_switch: prev_comm=pcmanfm prev_pid=701 prev_prio=120 prev_state=S ==> next_comm=Xorg next_pid=549 next_prio=120
            Xorg-549     [003] dn..  4912.957137: sched_wakeup: comm=pcmanfm pid=701 prio=120 target_cpu=003
            Xorg-549     [003] d...  4912.957149: sched_switch: prev_comm=Xorg prev_pid=549 prev_prio=120 prev_state=R ==> next_comm=pcmanfm next_pid=701 next_prio=120
         pcmanfm-701     [003] d...  4912.957366: sched_switch: prev_comm=pcmanfm prev_pid=701 prev_prio=120 prev_state=S ==> next_comm=Xorg next_pid=549 next_prio=120
            Xorg-549     [003] d...  4912.957434: sched_switch: prev_comm=Xorg prev_pid=549 prev_prio=120 prev_state=S ==> next_comm=swapper/3 next_pid=0 next_prio=120
          <idle>-0       [002] dnh.  4912.972374: sched_wakeup: comm=thd pid=373 prio=120 target_cpu=002
          <idle>-0       [000] dns.  4912.972375: sched_wakeup: comm=InputThread pid=565 prio=120 target_cpu=000
          <idle>-0       [002] d...  4912.972393: sched_switch: prev_comm=swapper/2 prev_pid=0 prev_prio=120 prev_state=R ==> next_comm=thd next_pid=373 next_prio=120
          <idle>-0       [000] d...  4912.972419: sched_switch: prev_comm=swapper/0 prev_pid=0 prev_prio=120 prev_state=R ==> next_comm=InputThread next_pid=565 next_prio=120
             thd-373     [002] d...  4912.972464: sched_switch: prev_comm=thd prev_pid=373 prev_prio=120 prev_state=S ==> next_comm=swapper/2 next_pid=0 next_prio=120
     InputThread-565     [000] d...  4912.972613: sched_switch: prev_comm=InputThread prev_pid=565 prev_prio=120 prev_state=D ==> next_comm=swapper/0 next_pid=0 next_prio=120
          <idle>-0       [000] dnh.  4912.972630: sched_wakeup: comm=InputThread pid=565 prio=120 target_cpu=000
          <idle>-0       [000] d...  4912.972641: sched_switch: prev_comm=swapper/0 prev_pid=0 prev_prio=120 prev_state=R ==> next_comm=InputThread next_pid=565 next_prio=120
          <idle>-0       [003] dnh.  4912.972722: sched_wakeup: comm=Xorg pid=549 prio=120 target_cpu=003
     InputThread-565     [000] d...  4912.972740: sched_switch: prev_comm=InputThread prev_pid=565 prev_prio=120 prev_state=S ==> next_comm=swapper/0 next_pid=0 next_prio=120
          <idle>-0       [003] d...  4912.972742: sched_switch: prev_comm=swapper/3 prev_pid=0 prev_prio=120 prev_state=R ==> next_comm=Xorg next_pid=549 next_prio=120
            Xorg-549     [003] dn..  4912.972850: sched_wakeup: comm=pcmanfm pid=701 prio=120 target_cpu=003
            Xorg-549     [003] d...  4912.972861: sched_switch: prev_comm=Xorg prev_pid=549 prev_prio=120 prev_state=R ==> next_comm=pcmanfm next_pid=701 next_prio=120
         pcmanfm-701     [003] d...  4912.973086: sched_switch: prev_comm=pcmanfm prev_pid=701 prev_prio=120 prev_state=S ==> next_comm=Xorg next_pid=549 next_prio=120
            Xorg-549     [003] dn..  4912.973173: sched_wakeup: comm=pcmanfm pid=701 prio=120 target_cpu=003
            Xorg-549     [003] d...  4912.973184: sched_switch: prev_comm=Xorg prev_pid=549 prev_prio=120 prev_state=R ==> next_comm=pcmanfm next_pid=701 next_prio=120
         pcmanfm-701     [003] d...  4912.973400: sched_switch: prev_comm=pcmanfm prev_pid=701 prev_prio=120 prev_state=S ==> next_comm=Xorg next_pid=549 next_prio=120
            Xorg-549     [003] d...  4912.973463: sched_switch: prev_comm=Xorg prev_pid=549 prev_prio=120 prev_state=S ==> next_comm=swapper/3 next_pid=0 next_prio=120
          <idle>-0       [002] dnh.  4912.988343: sched_wakeup: comm=thd pid=373 prio=120 target_cpu=002
          <idle>-0       [000] dns.  4912.988345: sched_wakeup: comm=InputThread pid=565 prio=120 target_cpu=000
          <idle>-0       [002] d...  4912.988361: sched_switch: prev_comm=swapper/2 prev_pid=0 prev_prio=120 prev_state=R ==> next_comm=thd next_pid=373 next_prio=120
          <idle>-0       [000] d...  4912.988387: sched_switch: prev_comm=swapper/0 prev_pid=0 prev_prio=120 prev_state=R ==> next_comm=InputThread next_pid=565 next_prio=120
             thd-373     [002] d...  4912.988433: sched_switch: prev_comm=thd prev_pid=373 prev_prio=120 prev_state=S ==> next_comm=swapper/2 next_pid=0 next_prio=120
     InputThread-565     [000] d...  4912.988581: sched_switch: prev_comm=InputThread prev_pid=565 prev_prio=120 prev_state=D ==> next_comm=swapper/0 next_pid=0 next_prio=120
          <idle>-0       [000] dnh.  4912.988597: sched_wakeup: comm=InputThread pid=565 prio=120 target_cpu=000
          <idle>-0       [000] d...  4912.988608: sched_switch: prev_comm=swapper/0 prev_pid=0 prev_prio=120 prev_state=R ==> next_comm=InputThread next_pid=565 next_prio=120
          <idle>-0       [003] dnh.  4912.988690: sched_wakeup: comm=Xorg pid=549 prio=120 target_cpu=003
     InputThread-565     [000] d...  4912.988709: sched_switch: prev_comm=InputThread prev_pid=565 prev_prio=120 prev_state=S ==> next_comm=swapper/0 next_pid=0 next_prio=120
          <idle>-0       [003] d...  4912.988710: sched_switch: prev_comm=swapper/3 prev_pid=0 prev_prio=120 prev_state=R ==> next_comm=Xorg next_pid=549 next_prio=120
            Xorg-549     [003] dn..  4912.988819: sched_wakeup: comm=pcmanfm pid=701 prio=120 target_cpu=003
            Xorg-549     [003] d...  4912.988831: sched_switch: prev_comm=Xorg prev_pid=549 prev_prio=120 prev_state=R ==> next_comm=pcmanfm next_pid=701 next_prio=120
         pcmanfm-701     [003] d...  4912.989050: sched_switch: prev_comm=pcmanfm prev_pid=701 prev_prio=120 prev_state=S ==> next_comm=Xorg next_pid=549 next_prio=120
            Xorg-549     [003] dn..  4912.989140: sched_wakeup: comm=pcmanfm pid=701 prio=120 target_cpu=003
            Xorg-549     [003] d...  4912.989155: sched_switch: prev_comm=Xorg prev_pid=549 prev_prio=120 prev_state=R ==> next_comm=pcmanfm next_pid=701 next_prio=120
         pcmanfm-701     [003] d...  4912.989375: sched_switch: prev_comm=pcmanfm prev_pid=701 prev_prio=120 prev_state=S ==> next_comm=Xorg next_pid=549 next_prio=120
            Xorg-549     [003] d...  4912.989443: sched_switch: prev_comm=Xorg prev_pid=549 prev_prio=120 prev_state=S ==> next_comm=swapper/3 next_pid=0 next_prio=120
          <idle>-0       [000] dns.  4913.165362: sched_wakeup: comm=khungtaskd pid=36 prio=120 target_cpu=000
          <idle>-0       [000] dnH.  4913.165376: sched_wakeup: comm=kworker/0:1 pid=1458 prio=120 target_cpu=000
          <idle>-0       [000] d...  4913.165420: sched_switch: prev_comm=swapper/0 prev_pid=0 prev_prio=120 prev_state=R ==> next_comm=khungtaskd next_pid=36 next_prio=120
      khungtaskd-36      [000] d...  4913.165500: sched_switch: prev_comm=khungtaskd prev_pid=36 prev_prio=120 prev_state=S ==> next_comm=kworker/0:1 next_pid=1458 next_prio=120
     kworker/0:1-1458    [000] d...  4913.165550: sched_switch: prev_comm=kworker/0:1 prev_pid=1458 prev_prio=120 prev_state=I ==> next_comm=swapper/0 next_pid=0 next_prio=120
          <idle>-0       [002] dnh.  4913.235716: sched_wakeup: comm=wpa_supplicant pid=410 prio=120 target_cpu=002
          <idle>-0       [002] d...  4913.235738: sched_switch: prev_comm=swapper/2 prev_pid=0 prev_prio=120 prev_state=R ==> next_comm=wpa_supplicant next_pid=410 next_prio=120
  wpa_supplicant-410     [002] d...  4913.235801: sched_switch: prev_comm=wpa_supplicant prev_pid=410 prev_prio=120 prev_state=S ==> next_comm=swapper/2 next_pid=0 next_prio=120
          <idle>-0       [002] dnh.  4913.244352: sched_wakeup: comm=thd pid=373 prio=120 target_cpu=002
          <idle>-0       [000] dns.  4913.244354: sched_wakeup: comm=InputThread pid=565 prio=120 target_cpu=000
          <idle>-0       [002] d...  4913.244370: sched_switch: prev_comm=swapper/2 prev_pid=0 prev_prio=120 prev_state=R ==> next_comm=thd next_pid=373 next_prio=120
          <idle>-0       [000] d...  4913.244398: sched_switch: prev_comm=swapper/0 prev_pid=0 prev_prio=120 prev_state=R ==> next_comm=InputThread next_pid=565 next_prio=120
             thd-373     [002] d...  4913.244447: sched_switch: prev_comm=thd prev_pid=373 prev_prio=120 prev_state=S ==> next_comm=swapper/2 next_pid=0 next_prio=120
     InputThread-565     [000] d...  4913.244614: sched_switch: prev_comm=InputThread prev_pid=565 prev_prio=120 prev_state=D ==> next_comm=swapper/0 next_pid=0 next_prio=120
          <idle>-0       [000] dnh.  4913.244642: sched_wakeup: comm=InputThread pid=565 prio=120 target_cpu=000
          <idle>-0       [000] d...  4913.244662: sched_switch: prev_comm=swapper/0 prev_pid=0 prev_prio=120 prev_state=R ==> next_comm=InputThread next_pid=565 next_prio=120
          <idle>-0       [003] dnh.  4913.244750: sched_wakeup: comm=Xorg pid=549 prio=120 target_cpu=003
     InputThread-565     [000] d...  4913.244770: sched_switch: prev_comm=InputThread prev_pid=565 prev_prio=120 prev_state=S ==> next_comm=swapper/0 next_pid=0 next_prio=120
          <idle>-0       [003] d...  4913.244770: sched_switch: prev_comm=swapper/3 prev_pid=0 prev_prio=120 prev_state=R ==> next_comm=Xorg next_pid=549 next_prio=120
            Xorg-549     [003] dn..  4913.244888: sched_wakeup: comm=pcmanfm pid=701 prio=120 target_cpu=003
            Xorg-549     [003] d...  4913.244901: sched_switch: prev_comm=Xorg prev_pid=549 prev_prio=120 prev_state=R ==> next_comm=pcmanfm next_pid=701 next_prio=120
         pcmanfm-701     [003] d...  4913.245150: sched_switch: prev_comm=pcmanfm prev_pid=701 prev_prio=120 prev_state=S ==> next_comm=Xorg next_pid=549 next_prio=120
            Xorg-549     [003] dn..  4913.245244: sched_wakeup: comm=pcmanfm pid=701 prio=120 target_cpu=003
            Xorg-549     [003] d...  4913.245256: sched_switch: prev_comm=Xorg prev_pid=549 prev_prio=120 prev_state=R ==> next_comm=pcmanfm next_pid=701 next_prio=120
         pcmanfm-701     [003] d...  4913.245541: sched_switch: prev_comm=pcmanfm prev_pid=701 prev_prio=120 prev_state=S ==> next_comm=Xorg next_pid=549 next_prio=120
            Xorg-549     [003] d...  4913.245593: sched_switch: prev_comm=Xorg prev_pid=549 prev_prio=120 prev_state=S ==> next_comm=swapper/3 next_pid=0 next_prio=120
          <idle>-0       [002] dnh.  4913.260418: sched_wakeup: comm=thd pid=373 prio=120 target_cpu=002
          <idle>-0       [000] dns.  4913.260420: sched_wakeup: comm=InputThread pid=565 prio=120 target_cpu=000
          <idle>-0       [002] d...  4913.260437: sched_switch: prev_comm=swapper/2 prev_pid=0 prev_prio=120 prev_state=R ==> next_comm=thd next_pid=373 next_prio=120
          <idle>-0       [000] d...  4913.260463: sched_switch: prev_comm=swapper/0 prev_pid=0 prev_prio=120 prev_state=R ==> next_comm=InputThread next_pid=565 next_prio=120
             thd-373     [002] d...  4913.260511: sched_switch: prev_comm=thd prev_pid=373 prev_prio=120 prev_state=S ==> next_comm=swapper/2 next_pid=0 next_prio=120
     InputThread-565     [000] d...  4913.260671: sched_switch: prev_comm=InputThread prev_pid=565 prev_prio=120 prev_state=D ==> next_comm=swapper/0 next_pid=0 next_prio=120
          <idle>-0       [000] dnh.  4913.260687: sched_wakeup: comm=InputThread pid=565 prio=120 target_cpu=000
          <idle>-0       [000] d...  4913.260698: sched_switch: prev_comm=swapper/0 prev_pid=0 prev_prio=120 prev_state=R ==> next_comm=InputThread next_pid=565 next_prio=120
          <idle>-0       [003] dnh.  4913.260785: sched_wakeup: comm=Xorg pid=549 prio=120 target_cpu=003
     InputThread-565     [000] d...  4913.260805: sched_switch: prev_comm=InputThread prev_pid=565 prev_prio=120 prev_state=S ==> next_comm=swapper/0 next_pid=0 next_prio=120
          <idle>-0       [003] d...  4913.260805: sched_switch: prev_comm=swapper/3 prev_pid=0 prev_prio=120 prev_state=R ==> next_comm=Xorg next_pid=549 next_prio=120
            Xorg-549     [003] dn..  4913.260910: sched_wakeup: comm=pcmanfm pid=701 prio=120 target_cpu=003
            Xorg-549     [003] d...  4913.260922: sched_switch: prev_comm=Xorg prev_pid=549 prev_prio=120 prev_state=R ==> next_comm=pcmanfm next_pid=701 next_prio=120
         pcmanfm-701     [003] d...  4913.261149: sched_switch: prev_comm=pcmanfm prev_pid=701 prev_prio=120 prev_state=S ==> next_comm=Xorg next_pid=549 next_prio=120
            Xorg-549     [003] dn..  4913.261241: sched_wakeup: comm=pcmanfm pid=701 prio=120 target_cpu=003
            Xorg-549     [003] d...  4913.261252: sched_switch: prev_comm=Xorg prev_pid=549 prev_prio=120 prev_state=R ==> next_comm=pcmanfm next_pid=701 next_prio=120
         pcmanfm-701     [003] d...  4913.261474: sched_switch: prev_comm=pcmanfm prev_pid=701 prev_prio=120 prev_state=S ==> next_comm=Xorg next_pid=549 next_prio=120
            Xorg-549     [003] d...  4913.261537: sched_switch: prev_comm=Xorg prev_pid=549 prev_prio=120 prev_state=S ==> next_comm=swapper/3 next_pid=0 next_prio=120
          <idle>-0       [000] dns.  4913.276390: sched_wakeup: comm=InputThread pid=565 prio=120 target_cpu=000
          <idle>-0       [002] dnh.  4913.276391: sched_wakeup: comm=thd pid=373 prio=120 target_cpu=002
          <idle>-0       [002] dnh.  4913.276402: sched_wakeup: comm=kworker/2:0 pid=1292 prio=120 target_cpu=002
          <idle>-0       [002] d...  4913.276424: sched_switch: prev_comm=swapper/2 prev_pid=0 prev_prio=120 prev_state=R ==> next_comm=kworker/2:0 next_pid=1292 next_prio=120
          <idle>-0       [000] d...  4913.276433: sched_switch: prev_comm=swapper/0 prev_pid=0 prev_prio=120 prev_state=R ==> next_comm=InputThread next_pid=565 next_prio=120
     kworker/2:0-1292    [002] d...  4913.276451: sched_switch: prev_comm=kworker/2:0 prev_pid=1292 prev_prio=120 prev_state=I ==> next_comm=thd next_pid=373 next_prio=120
             thd-373     [002] d...  4913.276524: sched_switch: prev_comm=thd prev_pid=373 prev_prio=120 prev_state=S ==> next_comm=swapper/2 next_pid=0 next_prio=120
     InputThread-565     [000] d...  4913.276630: sched_switch: prev_comm=InputThread prev_pid=565 prev_prio=120 prev_state=D ==> next_comm=swapper/0 next_pid=0 next_prio=120
          <idle>-0       [000] dnh.  4913.276649: sched_wakeup: comm=InputThread pid=565 prio=120 target_cpu=000
          <idle>-0       [000] d...  4913.276660: sched_switch: prev_comm=swapper/0 prev_pid=0 prev_prio=120 prev_state=R ==> next_comm=InputThread next_pid=565 next_prio=120
     InputThread-565     [000] d...  4913.276738: sched_wakeup: comm=Xorg pid=549 prio=120 target_cpu=000
     InputThread-565     [000] d...  4913.276774: sched_switch: prev_comm=InputThread prev_pid=565 prev_prio=120 prev_state=S ==> next_comm=Xorg next_pid=549 next_prio=120
            Xorg-549     [000] dn..  4913.276889: sched_wakeup: comm=pcmanfm pid=701 prio=120 target_cpu=000
            Xorg-549     [000] d...  4913.276907: sched_switch: prev_comm=Xorg prev_pid=549 prev_prio=120 prev_state=R ==> next_comm=pcmanfm next_pid=701 next_prio=120
         pcmanfm-701     [000] d...  4913.277208: sched_switch: prev_comm=pcmanfm prev_pid=701 prev_prio=120 prev_state=S ==> next_comm=Xorg next_pid=549 next_prio=120
            Xorg-549     [000] dn..  4913.277308: sched_wakeup: comm=pcmanfm pid=701 prio=120 target_cpu=000
            Xorg-549     [000] d...  4913.277319: sched_switch: prev_comm=Xorg prev_pid=549 prev_prio=120 prev_state=R ==> next_comm=pcmanfm next_pid=701 next_prio=120
         pcmanfm-701     [000] d...  4913.277567: sched_switch: prev_comm=pcmanfm prev_pid=701 prev_prio=120 prev_state=S ==> next_comm=Xorg next_pid=549 next_prio=120
            Xorg-549     [000] d...  4913.277625: sched_switch: prev_comm=Xorg prev_pid=549 prev_prio=120 prev_state=S ==> next_comm=swapper/0 next_pid=0 next_prio=120
          <idle>-0       [000] dns.  4913.305326: sched_wakeup: comm=kcompactd0 pid=39 prio=120 target_cpu=000
          <idle>-0       [000] d...  4913.305360: sched_switch: prev_comm=swapper/0 prev_pid=0 prev_prio=120 prev_state=R ==> next_comm=kcompactd0 next_pid=39 next_prio=120
           <...>-39      [000] d...  4913.305388: sched_switch: prev_comm=kcompactd0 prev_pid=39 prev_prio=120 prev_state=S ==> next_comm=swapper/0 next_pid=0 next_prio=120
          <idle>-0       [002] dnh.  4913.324434: sched_wakeup: comm=thd pid=373 prio=120 target_cpu=002
          <idle>-0       [000] dns.  4913.324436: sched_wakeup: comm=InputThread pid=565 prio=120 target_cpu=000
          <idle>-0       [002] d...  4913.324453: sched_switch: prev_comm=swapper/2 prev_pid=0 prev_prio=120 prev_state=R ==> next_comm=thd next_pid=373 next_prio=120
          <idle>-0       [000] d...  4913.324477: sched_switch: prev_comm=swapper/0 prev_pid=0 prev_prio=120 prev_state=R ==> next_comm=InputThread next_pid=565 next_prio=120
             thd-373     [002] d...  4913.324526: sched_switch: prev_comm=thd prev_pid=373 prev_prio=120 prev_state=S ==> next_comm=swapper/2 next_pid=0 next_prio=120
     InputThread-565     [000] d...  4913.324692: sched_switch: prev_comm=InputThread prev_pid=565 prev_prio=120 prev_state=D ==> next_comm=swapper/0 next_pid=0 next_prio=120
          <idle>-0       [000] dnh.  4913.327560: sched_wakeup: comm=InputThread pid=565 prio=120 target_cpu=000
          <idle>-0       [000] d...  4913.327580: sched_switch: prev_comm=swapper/0 prev_pid=0 prev_prio=120 prev_state=R ==> next_comm=InputThread next_pid=565 next_prio=120
     InputThread-565     [000] d...  4913.327664: sched_wakeup: comm=Xorg pid=549 prio=120 target_cpu=000
     InputThread-565     [000] d...  4913.327698: sched_switch: prev_comm=InputThread prev_pid=565 prev_prio=120 prev_state=S ==> next_comm=Xorg next_pid=549 next_prio=120
            Xorg-549     [000] dn..  4913.327807: sched_wakeup: comm=pcmanfm pid=701 prio=120 target_cpu=000
            Xorg-549     [000] d...  4913.327821: sched_switch: prev_comm=Xorg prev_pid=549 prev_prio=120 prev_state=R ==> next_comm=pcmanfm next_pid=701 next_prio=120
         pcmanfm-701     [000] d...  4913.328067: sched_switch: prev_comm=pcmanfm prev_pid=701 prev_prio=120 prev_state=S ==> next_comm=Xorg next_pid=549 next_prio=120
            Xorg-549     [000] dn..  4913.328163: sched_wakeup: comm=pcmanfm pid=701 prio=120 target_cpu=000
            Xorg-549     [000] d...  4913.328176: sched_switch: prev_comm=Xorg prev_pid=549 prev_prio=120 prev_state=R ==> next_comm=pcmanfm next_pid=701 next_prio=120
         pcmanfm-701     [000] d...  4913.328413: sched_switch: prev_comm=pcmanfm prev_pid=701 prev_prio=120 prev_state=S ==> next_comm=Xorg next_pid=549 next_prio=120
            Xorg-549     [000] d...  4913.328481: sched_switch: prev_comm=Xorg prev_pid=549 prev_prio=120 prev_state=S ==> next_comm=swapper/0 next_pid=0 next_prio=120
          <idle>-0       [002] dnh.  4913.340430: sched_wakeup: comm=thd pid=373 prio=120 target_cpu=002
          <idle>-0       [000] dns.  4913.340432: sched_wakeup: comm=InputThread pid=565 prio=120 target_cpu=000
          <idle>-0       [002] d...  4913.340449: sched_switch: prev_comm=swapper/2 prev_pid=0 prev_prio=120 prev_state=R ==> next_comm=thd next_pid=373 next_prio=120
          <idle>-0       [000] d...  4913.340476: sched_switch: prev_comm=swapper/0 prev_pid=0 prev_prio=120 prev_state=R ==> next_comm=InputThread next_pid=565 next_prio=120
             thd-373     [002] d...  4913.340505: sched_switch: prev_comm=thd prev_pid=373 prev_prio=120 prev_state=S ==> next_comm=swapper/2 next_pid=0 next_prio=120
     InputThread-565     [000] d...  4913.340635: sched_wakeup: comm=Xorg pid=549 prio=120 target_cpu=000
     InputThread-565     [000] d...  4913.340668: sched_switch: prev_comm=InputThread prev_pid=565 prev_prio=120 prev_state=S ==> next_comm=Xorg next_pid=549 next_prio=120
            Xorg-549     [000] dn..  4913.340768: sched_wakeup: comm=pcmanfm pid=701 prio=120 target_cpu=000
            Xorg-549     [000] d...  4913.340781: sched_switch: prev_comm=Xorg prev_pid=549 prev_prio=120 prev_state=R ==> next_comm=pcmanfm next_pid=701 next_prio=120
         pcmanfm-701     [000] d...  4913.341004: sched_switch: prev_comm=pcmanfm prev_pid=701 prev_prio=120 prev_state=S ==> next_comm=Xorg next_pid=549 next_prio=120
            Xorg-549     [000] dn..  4913.341094: sched_wakeup: comm=pcmanfm pid=701 prio=120 target_cpu=000
            Xorg-549     [000] d...  4913.341106: sched_switch: prev_comm=Xorg prev_pid=549 prev_prio=120 prev_state=R ==> next_comm=pcmanfm next_pid=701 next_prio=120
         pcmanfm-701     [000] d...  4913.341331: sched_switch: prev_comm=pcmanfm prev_pid=701 prev_prio=120 prev_state=S ==> next_comm=Xorg next_pid=549 next_prio=120
            Xorg-549     [000] d...  4913.341392: sched_switch: prev_comm=Xorg prev_pid=549 prev_prio=120 prev_state=S ==> next_comm=swapper/0 next_pid=0 next_prio=120
          <idle>-0       [002] dnh.  4913.452387: sched_wakeup: comm=thd pid=373 prio=120 target_cpu=002
          <idle>-0       [000] dns.  4913.452387: sched_wakeup: comm=InputThread pid=565 prio=120 target_cpu=000
          <idle>-0       [002] dnh.  4913.452397: sched_wakeup: comm=kworker/2:0 pid=1292 prio=120 target_cpu=002
          <idle>-0       [002] d...  4913.452417: sched_switch: prev_comm=swapper/2 prev_pid=0 prev_prio=120 prev_state=R ==> next_comm=kworker/2:0 next_pid=1292 next_prio=120
          <idle>-0       [000] d...  4913.452432: sched_switch: prev_comm=swapper/0 prev_pid=0 prev_prio=120 prev_state=R ==> next_comm=InputThread next_pid=565 next_prio=120
     kworker/2:0-1292    [002] d...  4913.452443: sched_switch: prev_comm=kworker/2:0 prev_pid=1292 prev_prio=120 prev_state=I ==> next_comm=thd next_pid=373 next_prio=120
             thd-373     [002] d...  4913.452530: sched_switch: prev_comm=thd prev_pid=373 prev_prio=120 prev_state=S ==> next_comm=swapper/2 next_pid=0 next_prio=120
     InputThread-565     [000] d...  4913.452646: sched_switch: prev_comm=InputThread prev_pid=565 prev_prio=120 prev_state=D ==> next_comm=swapper/0 next_pid=0 next_prio=120
          <idle>-0       [000] dnh.  4913.452675: sched_wakeup: comm=InputThread pid=565 prio=120 target_cpu=000
          <idle>-0       [000] d...  4913.452695: sched_switch: prev_comm=swapper/0 prev_pid=0 prev_prio=120 prev_state=R ==> next_comm=InputThread next_pid=565 next_prio=120
     InputThread-565     [000] d...  4913.452778: sched_wakeup: comm=Xorg pid=549 prio=120 target_cpu=000
     InputThread-565     [000] d...  4913.452813: sched_switch: prev_comm=InputThread prev_pid=565 prev_prio=120 prev_state=S ==> next_comm=Xorg next_pid=549 next_prio=120
            Xorg-549     [000] dn..  4913.452914: sched_wakeup: comm=pcmanfm pid=701 prio=120 target_cpu=000
            Xorg-549     [000] d...  4913.452927: sched_switch: prev_comm=Xorg prev_pid=549 prev_prio=120 prev_state=R ==> next_comm=pcmanfm next_pid=701 next_prio=120
         pcmanfm-701     [000] d...  4913.453217: sched_switch: prev_comm=pcmanfm prev_pid=701 prev_prio=120 prev_state=S ==> next_comm=Xorg next_pid=549 next_prio=120
            Xorg-549     [000] dn..  4913.453313: sched_wakeup: comm=pcmanfm pid=701 prio=120 target_cpu=000
            Xorg-549     [000] d...  4913.453325: sched_switch: prev_comm=Xorg prev_pid=549 prev_prio=120 prev_state=R ==> next_comm=pcmanfm next_pid=701 next_prio=120
         pcmanfm-701     [000] d...  4913.453558: sched_switch: prev_comm=pcmanfm prev_pid=701 prev_prio=120 prev_state=S ==> next_comm=Xorg next_pid=549 next_prio=120
            Xorg-549     [000] d...  4913.453614: sched_switch: prev_comm=Xorg prev_pid=549 prev_prio=120 prev_state=S ==> next_comm=swapper/0 next_pid=0 next_prio=120
          <idle>-0       [002] dnh.  4913.468424: sched_wakeup: comm=thd pid=373 prio=120 target_cpu=002
          <idle>-0       [000] dns.  4913.468424: sched_wakeup: comm=InputThread pid=565 prio=120 target_cpu=000
          <idle>-0       [002] d...  4913.468442: sched_switch: prev_comm=swapper/2 prev_pid=0 prev_prio=120 prev_state=R ==> next_comm=thd next_pid=373 next_prio=120
          <idle>-0       [000] d...  4913.468467: sched_switch: prev_comm=swapper/0 prev_pid=0 prev_prio=120 prev_state=R ==> next_comm=InputThread next_pid=565 next_prio=120
             thd-373     [002] d...  4913.468498: sched_switch: prev_comm=thd prev_pid=373 prev_prio=120 prev_state=S ==> next_comm=swapper/2 next_pid=0 next_prio=120
     InputThread-565     [000] d...  4913.468665: sched_switch: prev_comm=InputThread prev_pid=565 prev_prio=120 prev_state=D ==> next_comm=swapper/0 next_pid=0 next_prio=120
          <idle>-0       [000] dnh.  4913.468681: sched_wakeup: comm=InputThread pid=565 prio=120 target_cpu=000
          <idle>-0       [000] d...  4913.468693: sched_switch: prev_comm=swapper/0 prev_pid=0 prev_prio=120 prev_state=R ==> next_comm=InputThread next_pid=565 next_prio=120
     InputThread-565     [000] d...  4913.468772: sched_wakeup: comm=Xorg pid=549 prio=120 target_cpu=000
     InputThread-565     [000] d...  4913.468805: sched_switch: prev_comm=InputThread prev_pid=565 prev_prio=120 prev_state=S ==> next_comm=Xorg next_pid=549 next_prio=120
            Xorg-549     [000] dn..  4913.468904: sched_wakeup: comm=pcmanfm pid=701 prio=120 target_cpu=000
