    kworker/u8:1-1103    [002] d...  3712.470979: sched_switch: prev_comm=kworker/u8:1 prev_pid=1103 prev_prio=120 prev_state=I ==> next_comm=bash next_pid=1041 next_prio=120
      lxterminal-1024    [003] d...  3712.471047: sched_switch: prev_comm=lxterminal prev_pid=1024 prev_prio=120 prev_state=S ==> next_comm=swapper/3 next_pid=0 next_prio=120
            bash-1041    [002] dn..  3712.471089: sched_wakeup: comm=kworker/u8:1 pid=1103 prio=120 target_cpu=002
            bash-1041    [002] d...  3712.471106: sched_switch: prev_comm=bash prev_pid=1041 prev_prio=120 prev_state=R ==> next_comm=kworker/u8:1 next_pid=1103 next_prio=120
    kworker/u8:1-1103    [002] d...  3712.471130: sched_switch: prev_comm=kworker/u8:1 prev_pid=1103 prev_prio=120 prev_state=I ==> next_comm=bash next_pid=1041 next_prio=120
          <idle>-0       [003] dnh.  3712.471131: sched_wakeup: comm=lxterminal pid=1024 prio=120 target_cpu=003
          <idle>-0       [003] d...  3712.471151: sched_switch: prev_comm=swapper/3 prev_pid=0 prev_prio=120 prev_state=R ==> next_comm=lxterminal next_pid=1024 next_prio=120
            bash-1041    [002] d...  3712.471172: sched_switch: prev_comm=bash prev_pid=1041 prev_prio=120 prev_state=S ==> next_comm=swapper/2 next_pid=0 next_prio=120
      lxterminal-1024    [003] d...  3712.471324: sched_switch: prev_comm=lxterminal prev_pid=1024 prev_prio=120 prev_state=S ==> next_comm=swapper/3 next_pid=0 next_prio=120
          <idle>-0       [001] dns.  3712.475926: sched_wakeup: comm=rcu_sched pid=12 prio=120 target_cpu=001
          <idle>-0       [001] d...  3712.475946: sched_switch: prev_comm=swapper/1 prev_pid=0 prev_prio=120 prev_state=R ==> next_comm=rcu_sched next_pid=12 next_prio=120
       rcu_sched-12      [001] d...  3712.475978: sched_switch: prev_comm=rcu_sched prev_pid=12 prev_prio=120 prev_state=I ==> next_comm=swapper/1 next_pid=0 next_prio=120
          <idle>-0       [003] dnh.  3712.481356: sched_wakeup: comm=lxterminal pid=1024 prio=120 target_cpu=003
          <idle>-0       [003] d...  3712.481378: sched_switch: prev_comm=swapper/3 prev_pid=0 prev_prio=120 prev_state=R ==> next_comm=lxterminal next_pid=1024 next_prio=120
          <idle>-0       [000] dnh.  3712.482487: sched_wakeup: comm=Xorg pid=553 prio=120 target_cpu=000
      lxterminal-1024    [003] d...  3712.482505: sched_switch: prev_comm=lxterminal prev_pid=1024 prev_prio=120 prev_state=S ==> next_comm=swapper/3 next_pid=0 next_prio=120
          <idle>-0       [000] d...  3712.482510: sched_switch: prev_comm=swapper/0 prev_pid=0 prev_prio=120 prev_state=R ==> next_comm=Xorg next_pid=553 next_prio=120
          <idle>-0       [003] dnh.  3712.482633: sched_wakeup: comm=lxterminal pid=1024 prio=120 target_cpu=003
          <idle>-0       [003] d...  3712.482654: sched_switch: prev_comm=swapper/3 prev_pid=0 prev_prio=120 prev_state=R ==> next_comm=lxterminal next_pid=1024 next_prio=120
            Xorg-553     [000] d...  3712.482663: sched_switch: prev_comm=Xorg prev_pid=553 prev_prio=120 prev_state=S ==> next_comm=swapper/0 next_pid=0 next_prio=120
          <idle>-0       [002] dnh.  3712.483005: sched_wakeup: comm=gdbus pid=1030 prio=120 target_cpu=002
          <idle>-0       [002] d...  3712.483027: sched_switch: prev_comm=swapper/2 prev_pid=0 prev_prio=120 prev_state=R ==> next_comm=gdbus next_pid=1030 next_prio=120
      lxterminal-1024    [003] d...  3712.483078: sched_switch: prev_comm=lxterminal prev_pid=1024 prev_prio=120 prev_state=S ==> next_comm=swapper/3 next_pid=0 next_prio=120
          <idle>-0       [003] dnh.  3712.483124: sched_wakeup: comm=dbus-daemon pid=676 prio=120 target_cpu=003
          <idle>-0       [003] d...  3712.483145: sched_switch: prev_comm=swapper/3 prev_pid=0 prev_prio=120 prev_state=R ==> next_comm=dbus-daemon next_pid=676 next_prio=120
           gdbus-1030    [002] d...  3712.483205: sched_switch: prev_comm=gdbus prev_pid=1030 prev_prio=120 prev_state=S ==> next_comm=swapper/2 next_pid=0 next_prio=120
          <idle>-0       [001] dnh.  3712.483417: sched_wakeup: comm=fcitx pid=666 prio=120 target_cpu=001
          <idle>-0       [001] d...  3712.483432: sched_switch: prev_comm=swapper/1 prev_pid=0 prev_prio=120 prev_state=R ==> next_comm=fcitx next_pid=666 next_prio=120
     dbus-daemon-676     [003] d...  3712.483446: sched_switch: prev_comm=dbus-daemon prev_pid=676 prev_prio=120 prev_state=S ==> next_comm=swapper/3 next_pid=0 next_prio=120
          <idle>-0       [003] dnh.  3712.483656: sched_wakeup: comm=dbus-daemon pid=676 prio=120 target_cpu=003
          <idle>-0       [003] d...  3712.483675: sched_switch: prev_comm=swapper/3 prev_pid=0 prev_prio=120 prev_state=R ==> next_comm=dbus-daemon next_pid=676 next_prio=120
          <idle>-0       [000] dnh.  3712.483798: sched_wakeup: comm=Xorg pid=553 prio=120 target_cpu=000
          <idle>-0       [000] d...  3712.483818: sched_switch: prev_comm=swapper/0 prev_pid=0 prev_prio=120 prev_state=R ==> next_comm=Xorg next_pid=553 next_prio=120
          <idle>-0       [002] dnh.  3712.483839: sched_wakeup: comm=gdbus pid=1030 prio=120 target_cpu=002
          <idle>-0       [002] d...  3712.483859: sched_switch: prev_comm=swapper/2 prev_pid=0 prev_prio=120 prev_state=R ==> next_comm=gdbus next_pid=1030 next_prio=120
     dbus-daemon-676     [003] d...  3712.483864: sched_switch: prev_comm=dbus-daemon prev_pid=676 prev_prio=120 prev_state=S ==> next_comm=swapper/3 next_pid=0 next_prio=120
           fcitx-666     [001] d...  3712.483873: sched_switch: prev_comm=fcitx prev_pid=666 prev_prio=120 prev_state=S ==> next_comm=swapper/1 next_pid=0 next_prio=120
            Xorg-553     [000] dn..  3712.483922: sched_wakeup: comm=lxpanel pid=704 prio=120 target_cpu=000
            Xorg-553     [000] d...  3712.483935: sched_switch: prev_comm=Xorg prev_pid=553 prev_prio=120 prev_state=R ==> next_comm=lxpanel next_pid=704 next_prio=120
         lxpanel-704     [000] d...  3712.484121: sched_switch: prev_comm=lxpanel prev_pid=704 prev_prio=120 prev_state=S ==> next_comm=Xorg next_pid=553 next_prio=120
            Xorg-553     [000] dn..  3712.484165: sched_wakeup: comm=lxsession pid=606 prio=120 target_cpu=000
            Xorg-553     [000] d...  3712.484176: sched_switch: prev_comm=Xorg prev_pid=553 prev_prio=120 prev_state=R ==> next_comm=lxsession next_pid=606 next_prio=120
           gdbus-1030    [002] d...  3712.484301: sched_switch: prev_comm=gdbus prev_pid=1030 prev_prio=120 prev_state=S ==> next_comm=swapper/2 next_pid=0 next_prio=120
       lxsession-606     [000] d...  3712.484314: sched_switch: prev_comm=lxsession prev_pid=606 prev_prio=120 prev_state=S ==> next_comm=Xorg next_pid=553 next_prio=120
            Xorg-553     [000] d...  3712.484399: sched_switch: prev_comm=Xorg prev_pid=553 prev_prio=120 prev_state=S ==> next_comm=swapper/0 next_pid=0 next_prio=120
          <idle>-0       [001] dns.  3712.495901: sched_wakeup: comm=rcu_sched pid=12 prio=120 target_cpu=001
          <idle>-0       [001] d...  3712.495930: sched_switch: prev_comm=swapper/1 prev_pid=0 prev_prio=120 prev_state=R ==> next_comm=rcu_sched next_pid=12 next_prio=120
       rcu_sched-12      [001] d...  3712.495979: sched_switch: prev_comm=rcu_sched prev_pid=12 prev_prio=120 prev_state=I ==> next_comm=swapper/1 next_pid=0 next_prio=120
          <idle>-0       [003] dnh.  3712.498103: sched_wakeup: comm=lxterminal pid=1024 prio=120 target_cpu=003
          <idle>-0       [003] d...  3712.498127: sched_switch: prev_comm=swapper/3 prev_pid=0 prev_prio=120 prev_state=R ==> next_comm=lxterminal next_pid=1024 next_prio=120
          <idle>-0       [000] dnh.  3712.499113: sched_wakeup: comm=Xorg pid=553 prio=120 target_cpu=000
          <idle>-0       [000] d...  3712.499136: sched_switch: prev_comm=swapper/0 prev_pid=0 prev_prio=120 prev_state=R ==> next_comm=Xorg next_pid=553 next_prio=120
      lxterminal-1024    [003] d...  3712.499172: sched_switch: prev_comm=lxterminal prev_pid=1024 prev_prio=120 prev_state=S ==> next_comm=swapper/3 next_pid=0 next_prio=120
            Xorg-553     [000] d...  3712.500364: sched_switch: prev_comm=Xorg prev_pid=553 prev_prio=120 prev_state=D ==> next_comm=swapper/0 next_pid=0 next_prio=120
          <idle>-0       [000] dnh.  3712.503529: sched_wakeup: comm=Xorg pid=553 prio=120 target_cpu=000
          <idle>-0       [000] d...  3712.503551: sched_switch: prev_comm=swapper/0 prev_pid=0 prev_prio=120 prev_state=R ==> next_comm=Xorg next_pid=553 next_prio=120
            Xorg-553     [000] d...  3712.503608: sched_switch: prev_comm=Xorg prev_pid=553 prev_prio=120 prev_state=D ==> next_comm=swapper/0 next_pid=0 next_prio=120
          <idle>-0       [000] dnh.  3712.503631: sched_wakeup: comm=Xorg pid=553 prio=120 target_cpu=000
          <idle>-0       [000] d...  3712.503649: sched_switch: prev_comm=swapper/0 prev_pid=0 prev_prio=120 prev_state=R ==> next_comm=Xorg next_pid=553 next_prio=120
          <idle>-0       [002] dnh.  3712.503723: sched_wakeup: comm=v3d_bin pid=230 prio=98 target_cpu=002
          <idle>-0       [001] dnh.  3712.503731: sched_wakeup: comm=v3d_render pid=235 prio=98 target_cpu=001
          <idle>-0       [002] d...  3712.503745: sched_switch: prev_comm=swapper/2 prev_pid=0 prev_prio=120 prev_state=R ==> next_comm=v3d_bin next_pid=230 next_prio=98
          <idle>-0       [001] d...  3712.503751: sched_switch: prev_comm=swapper/1 prev_pid=0 prev_prio=120 prev_state=R ==> next_comm=v3d_render next_pid=235 next_prio=98
            Xorg-553     [000] d...  3712.503786: sched_switch: prev_comm=Xorg prev_pid=553 prev_prio=120 prev_state=S ==> next_comm=swapper/0 next_pid=0 next_prio=120
      v3d_render-235     [001] d...  3712.503792: sched_switch: prev_comm=v3d_render prev_pid=235 prev_prio=98 prev_state=S ==> next_comm=swapper/1 next_pid=0 next_prio=120
         v3d_bin-230     [002] d...  3712.503820: sched_switch: prev_comm=v3d_bin prev_pid=230 prev_prio=98 prev_state=R ==> next_comm=swapper/2 next_pid=0 next_prio=120
          <idle>-0       [001] dnh.  3712.503820: sched_wakeup: comm=v3d_render pid=235 prio=98 target_cpu=001
          <idle>-0       [002] dnh.  3712.503830: sched_wakeup: comm=v3d_bin pid=230 prio=98 target_cpu=002
          <idle>-0       [001] d...  3712.503834: sched_switch: prev_comm=swapper/1 prev_pid=0 prev_prio=120 prev_state=R ==> next_comm=v3d_render next_pid=235 next_prio=98
          <idle>-0       [002] d...  3712.503836: sched_switch: prev_comm=swapper/2 prev_pid=0 prev_prio=120 prev_state=R ==> next_comm=v3d_bin next_pid=230 next_prio=98
         v3d_bin-230     [002] d...  3712.503870: sched_switch: prev_comm=v3d_bin prev_pid=230 prev_prio=98 prev_state=S ==> next_comm=swapper/2 next_pid=0 next_prio=120
          <idle>-0       [000] dnh.  3712.503878: sched_wakeup: comm=Xorg pid=553 prio=120 target_cpu=000
          <idle>-0       [000] d...  3712.503899: sched_switch: prev_comm=swapper/0 prev_pid=0 prev_prio=120 prev_state=R ==> next_comm=Xorg next_pid=553 next_prio=120
      v3d_render-235     [001] d...  3712.503912: sched_switch: prev_comm=v3d_render prev_pid=235 prev_prio=98 prev_state=S ==> next_comm=swapper/1 next_pid=0 next_prio=120
          <idle>-0       [002] dnh.  3712.504260: sched_wakeup: comm=v3d_bin pid=230 prio=98 target_cpu=002
          <idle>-0       [001] dnh.  3712.504269: sched_wakeup: comm=v3d_render pid=235 prio=98 target_cpu=001
          <idle>-0       [002] d...  3712.504274: sched_switch: prev_comm=swapper/2 prev_pid=0 prev_prio=120 prev_state=R ==> next_comm=v3d_bin next_pid=230 next_prio=98
          <idle>-0       [001] d...  3712.504283: sched_switch: prev_comm=swapper/1 prev_pid=0 prev_prio=120 prev_state=R ==> next_comm=v3d_render next_pid=235 next_prio=98
      v3d_render-235     [001] d...  3712.504319: sched_switch: prev_comm=v3d_render prev_pid=235 prev_prio=98 prev_state=S ==> next_comm=swapper/1 next_pid=0 next_prio=120
            Xorg-553     [000] d...  3712.504331: sched_switch: prev_comm=Xorg prev_pid=553 prev_prio=120 prev_state=S ==> next_comm=swapper/0 next_pid=0 next_prio=120
         v3d_bin-230     [002] d...  3712.504334: sched_switch: prev_comm=v3d_bin prev_pid=230 prev_prio=98 prev_state=S ==> next_comm=swapper/2 next_pid=0 next_prio=120
          <idle>-0       [001] dnh.  3712.504424: sched_wakeup: comm=v3d_render pid=235 prio=98 target_cpu=001
          <idle>-0       [002] dnh.  3712.504427: sched_wakeup: comm=v3d_bin pid=230 prio=98 target_cpu=002
          <idle>-0       [001] d...  3712.504437: sched_switch: prev_comm=swapper/1 prev_pid=0 prev_prio=120 prev_state=R ==> next_comm=v3d_render next_pid=235 next_prio=98
          <idle>-0       [002] d...  3712.504441: sched_switch: prev_comm=swapper/2 prev_pid=0 prev_prio=120 prev_state=R ==> next_comm=v3d_bin next_pid=230 next_prio=98
         v3d_bin-230     [002] d...  3712.504473: sched_switch: prev_comm=v3d_bin prev_pid=230 prev_prio=98 prev_state=S ==> next_comm=swapper/2 next_pid=0 next_prio=120
      v3d_render-235     [001] d...  3712.504486: sched_switch: prev_comm=v3d_render prev_pid=235 prev_prio=98 prev_state=S ==> next_comm=swapper/1 next_pid=0 next_prio=120
          <idle>-0       [000] dnh.  3712.504528: sched_wakeup: comm=Xorg pid=553 prio=120 target_cpu=000
          <idle>-0       [001] dnh.  3712.504539: sched_wakeup: comm=v3d_render pid=235 prio=98 target_cpu=001
          <idle>-0       [001] d...  3712.504552: sched_switch: prev_comm=swapper/1 prev_pid=0 prev_prio=120 prev_state=R ==> next_comm=v3d_render next_pid=235 next_prio=98
          <idle>-0       [000] d...  3712.504553: sched_switch: prev_comm=swapper/0 prev_pid=0 prev_prio=120 prev_state=R ==> next_comm=Xorg next_pid=553 next_prio=120
      v3d_render-235     [001] d...  3712.504591: sched_switch: prev_comm=v3d_render prev_pid=235 prev_prio=98 prev_state=S ==> next_comm=swapper/1 next_pid=0 next_prio=120
          <idle>-0       [002] dnh.  3712.504729: sched_wakeup: comm=v3d_bin pid=230 prio=98 target_cpu=002
          <idle>-0       [001] dnh.  3712.504740: sched_wakeup: comm=v3d_render pid=235 prio=98 target_cpu=001
          <idle>-0       [002] d...  3712.504743: sched_switch: prev_comm=swapper/2 prev_pid=0 prev_prio=120 prev_state=R ==> next_comm=v3d_bin next_pid=230 next_prio=98
          <idle>-0       [001] d...  3712.504754: sched_switch: prev_comm=swapper/1 prev_pid=0 prev_prio=120 prev_state=R ==> next_comm=v3d_render next_pid=235 next_prio=98
      v3d_render-235     [001] d...  3712.504789: sched_switch: prev_comm=v3d_render prev_pid=235 prev_prio=98 prev_state=S ==> next_comm=swapper/1 next_pid=0 next_prio=120
            Xorg-553     [000] d...  3712.504795: sched_switch: prev_comm=Xorg prev_pid=553 prev_prio=120 prev_state=S ==> next_comm=swapper/0 next_pid=0 next_prio=120
         v3d_bin-230     [002] d...  3712.504801: sched_switch: prev_comm=v3d_bin prev_pid=230 prev_prio=98 prev_state=S ==> next_comm=swapper/2 next_pid=0 next_prio=120
          <idle>-0       [001] dnh.  3712.504889: sched_wakeup: comm=v3d_render pid=235 prio=98 target_cpu=001
          <idle>-0       [002] dnh.  3712.504891: sched_wakeup: comm=v3d_bin pid=230 prio=98 target_cpu=002
          <idle>-0       [001] d...  3712.504902: sched_switch: prev_comm=swapper/1 prev_pid=0 prev_prio=120 prev_state=R ==> next_comm=v3d_render next_pid=235 next_prio=98
          <idle>-0       [002] d...  3712.504905: sched_switch: prev_comm=swapper/2 prev_pid=0 prev_prio=120 prev_state=R ==> next_comm=v3d_bin next_pid=230 next_prio=98
         v3d_bin-230     [002] d...  3712.504938: sched_switch: prev_comm=v3d_bin prev_pid=230 prev_prio=98 prev_state=S ==> next_comm=swapper/2 next_pid=0 next_prio=120
      v3d_render-235     [001] d...  3712.504950: sched_switch: prev_comm=v3d_render prev_pid=235 prev_prio=98 prev_state=S ==> next_comm=swapper/1 next_pid=0 next_prio=120
          <idle>-0       [001] dnh.  3712.504992: sched_wakeup: comm=v3d_render pid=235 prio=98 target_cpu=001
          <idle>-0       [001] d...  3712.505006: sched_switch: prev_comm=swapper/1 prev_pid=0 prev_prio=120 prev_state=R ==> next_comm=v3d_render next_pid=235 next_prio=98
      v3d_render-235     [001] d...  3712.505044: sched_switch: prev_comm=v3d_render prev_pid=235 prev_prio=98 prev_state=S ==> next_comm=swapper/1 next_pid=0 next_prio=120
          <idle>-0       [001] dns.  3712.515902: sched_wakeup: comm=rcu_sched pid=12 prio=120 target_cpu=001
          <idle>-0       [001] d...  3712.515931: sched_switch: prev_comm=swapper/1 prev_pid=0 prev_prio=120 prev_state=R ==> next_comm=rcu_sched next_pid=12 next_prio=120
       rcu_sched-12      [001] d...  3712.515990: sched_switch: prev_comm=rcu_sched prev_pid=12 prev_prio=120 prev_state=I ==> next_comm=swapper/1 next_pid=0 next_prio=120
          <idle>-0       [003] dnh.  3712.529186: sched_wakeup: comm=lxterminal pid=1024 prio=120 target_cpu=003
          <idle>-0       [003] d...  3712.529209: sched_switch: prev_comm=swapper/3 prev_pid=0 prev_prio=120 prev_state=R ==> next_comm=lxterminal next_pid=1024 next_prio=120
      lxterminal-1024    [003] d...  3712.529338: sched_switch: prev_comm=lxterminal prev_pid=1024 prev_prio=120 prev_state=S ==> next_comm=swapper/3 next_pid=0 next_prio=120
          <idle>-0       [002] dns.  3712.535903: sched_wakeup: comm=kworker/2:1 pid=34 prio=120 target_cpu=002
          <idle>-0       [000] dns.  3712.535903: sched_wakeup: comm=kworker/0:1 pid=1079 prio=120 target_cpu=000
          <idle>-0       [001] dns.  3712.535904: sched_wakeup: comm=rcu_sched pid=12 prio=120 target_cpu=001
          <idle>-0       [001] dnH.  3712.535919: sched_wakeup: comm=kworker/1:2 pid=89 prio=120 target_cpu=001
          <idle>-0       [002] d...  3712.535937: sched_switch: prev_comm=swapper/2 prev_pid=0 prev_prio=120 prev_state=R ==> next_comm=kworker/2:1 next_pid=34 next_prio=120
          <idle>-0       [000] d...  3712.535939: sched_switch: prev_comm=swapper/0 prev_pid=0 prev_prio=120 prev_state=R ==> next_comm=kworker/0:1 next_pid=1079 next_prio=120
          <idle>-0       [001] d...  3712.535949: sched_switch: prev_comm=swapper/1 prev_pid=0 prev_prio=120 prev_state=R ==> next_comm=rcu_sched next_pid=12 next_prio=120
     kworker/2:1-34      [002] d...  3712.535975: sched_switch: prev_comm=kworker/2:1 prev_pid=34 prev_prio=120 prev_state=I ==> next_comm=swapper/2 next_pid=0 next_prio=120
     kworker/0:1-1079    [000] d...  3712.535976: sched_switch: prev_comm=kworker/0:1 prev_pid=1079 prev_prio=120 prev_state=I ==> next_comm=swapper/0 next_pid=0 next_prio=120
       rcu_sched-12      [001] d...  3712.535982: sched_switch: prev_comm=rcu_sched prev_pid=12 prev_prio=120 prev_state=I ==> next_comm=kworker/1:2 next_pid=89 next_prio=120
     kworker/1:2-89      [001] d...  3712.536013: sched_switch: prev_comm=kworker/1:2 prev_pid=89 prev_prio=120 prev_state=I ==> next_comm=swapper/1 next_pid=0 next_prio=120
          <idle>-0       [002] dns.  3712.545918: sched_wakeup: comm=rcu_sched pid=12 prio=120 target_cpu=002
          <idle>-0       [002] d...  3712.545951: sched_switch: prev_comm=swapper/2 prev_pid=0 prev_prio=120 prev_state=R ==> next_comm=rcu_sched next_pid=12 next_prio=120
       rcu_sched-12      [002] d...  3712.545978: sched_switch: prev_comm=rcu_sched prev_pid=12 prev_prio=120 prev_state=I ==> next_comm=swapper/2 next_pid=0 next_prio=120
          <idle>-0       [000] dns.  3712.562706: sched_wakeup: comm=kworker/0:1 pid=1079 prio=120 target_cpu=000
          <idle>-0       [000] dns.  3712.562730: sched_wakeup: comm=InputThread pid=571 prio=120 target_cpu=000
          <idle>-0       [000] dns.  3712.562761: sched_wakeup: comm=ksoftirqd/0 pid=11 prio=120 target_cpu=000
          <idle>-0       [000] d...  3712.562777: sched_switch: prev_comm=swapper/0 prev_pid=0 prev_prio=120 prev_state=R ==> next_comm=ksoftirqd/0 next_pid=11 next_prio=120
     ksoftirqd/0-11      [000] d...  3712.562800: sched_switch: prev_comm=ksoftirqd/0 prev_pid=11 prev_prio=120 prev_state=S ==> next_comm=kworker/0:1 next_pid=1079 next_prio=120
     kworker/0:1-1079    [000] d...  3712.562831: sched_switch: prev_comm=kworker/0:1 prev_pid=1079 prev_prio=120 prev_state=I ==> next_comm=InputThread next_pid=571 next_prio=120
     InputThread-571     [000] d...  3712.562974: sched_wakeup: comm=Xorg pid=553 prio=120 target_cpu=000
     InputThread-571     [000] d...  3712.563009: sched_switch: prev_comm=InputThread prev_pid=571 prev_prio=120 prev_state=S ==> next_comm=Xorg next_pid=553 next_prio=120
          <idle>-0       [003] dnh.  3712.563159: sched_wakeup: comm=lxterminal pid=1024 prio=120 target_cpu=003
          <idle>-0       [003] d...  3712.563179: sched_switch: prev_comm=swapper/3 prev_pid=0 prev_prio=120 prev_state=R ==> next_comm=lxterminal next_pid=1024 next_prio=120
            Xorg-553     [000] d...  3712.563223: sched_switch: prev_comm=Xorg prev_pid=553 prev_prio=120 prev_state=S ==> next_comm=swapper/0 next_pid=0 next_prio=120
          <idle>-0       [002] dnh.  3712.563827: sched_wakeup: comm=gdbus pid=1030 prio=120 target_cpu=002
          <idle>-0       [002] d...  3712.563843: sched_switch: prev_comm=swapper/2 prev_pid=0 prev_prio=120 prev_state=R ==> next_comm=gdbus next_pid=1030 next_prio=120
      lxterminal-1024    [003] d...  3712.563905: sched_switch: prev_comm=lxterminal prev_pid=1024 prev_prio=120 prev_state=S ==> next_comm=swapper/3 next_pid=0 next_prio=120
          <idle>-0       [003] dnh.  3712.563947: sched_wakeup: comm=dbus-daemon pid=676 prio=120 target_cpu=003
          <idle>-0       [003] d...  3712.563968: sched_switch: prev_comm=swapper/3 prev_pid=0 prev_prio=120 prev_state=R ==> next_comm=dbus-daemon next_pid=676 next_prio=120
           gdbus-1030    [002] d...  3712.564047: sched_switch: prev_comm=gdbus prev_pid=1030 prev_prio=120 prev_state=S ==> next_comm=swapper/2 next_pid=0 next_prio=120
          <idle>-0       [001] dnh.  3712.564257: sched_wakeup: comm=fcitx pid=666 prio=120 target_cpu=001
          <idle>-0       [001] d...  3712.564277: sched_switch: prev_comm=swapper/1 prev_pid=0 prev_prio=120 prev_state=R ==> next_comm=fcitx next_pid=666 next_prio=120
     dbus-daemon-676     [003] d...  3712.564298: sched_switch: prev_comm=dbus-daemon prev_pid=676 prev_prio=120 prev_state=S ==> next_comm=swapper/3 next_pid=0 next_prio=120
          <idle>-0       [003] dnh.  3712.564544: sched_wakeup: comm=dbus-daemon pid=676 prio=120 target_cpu=003
          <idle>-0       [003] d...  3712.564563: sched_switch: prev_comm=swapper/3 prev_pid=0 prev_prio=120 prev_state=R ==> next_comm=dbus-daemon next_pid=676 next_prio=120
           fcitx-666     [001] d...  3712.564661: sched_switch: prev_comm=fcitx prev_pid=666 prev_prio=120 prev_state=S ==> next_comm=swapper/1 next_pid=0 next_prio=120
          <idle>-0       [002] dnh.  3712.564729: sched_wakeup: comm=gdbus pid=1030 prio=120 target_cpu=002
          <idle>-0       [002] d...  3712.564745: sched_switch: prev_comm=swapper/2 prev_pid=0 prev_prio=120 prev_state=R ==> next_comm=gdbus next_pid=1030 next_prio=120
     dbus-daemon-676     [003] d...  3712.564754: sched_switch: prev_comm=dbus-daemon prev_pid=676 prev_prio=120 prev_state=S ==> next_comm=swapper/3 next_pid=0 next_prio=120
          <idle>-0       [003] dnh.  3712.565106: sched_wakeup: comm=lxterminal pid=1024 prio=120 target_cpu=003
          <idle>-0       [003] d...  3712.565127: sched_switch: prev_comm=swapper/3 prev_pid=0 prev_prio=120 prev_state=R ==> next_comm=lxterminal next_pid=1024 next_prio=120
           gdbus-1030    [002] d...  3712.565214: sched_switch: prev_comm=gdbus prev_pid=1030 prev_prio=120 prev_state=S ==> next_comm=swapper/2 next_pid=0 next_prio=120
      lxterminal-1024    [003] d...  3712.565581: sched_switch: prev_comm=lxterminal prev_pid=1024 prev_prio=120 prev_state=S ==> next_comm=swapper/3 next_pid=0 next_prio=120
          <idle>-0       [002] dns.  3712.565919: sched_wakeup: comm=rcu_sched pid=12 prio=120 target_cpu=002
          <idle>-0       [002] d...  3712.565956: sched_switch: prev_comm=swapper/2 prev_pid=0 prev_prio=120 prev_state=R ==> next_comm=rcu_sched next_pid=12 next_prio=120
       rcu_sched-12      [002] d...  3712.566004: sched_switch: prev_comm=rcu_sched prev_pid=12 prev_prio=120 prev_state=I ==> next_comm=swapper/2 next_pid=0 next_prio=120
          <idle>-0       [002] dns.  3712.575920: sched_wakeup: comm=kworker/2:1 pid=34 prio=120 target_cpu=002
          <idle>-0       [000] dns.  3712.575920: sched_wakeup: comm=kworker/0:1 pid=1079 prio=120 target_cpu=000
          <idle>-0       [002] d...  3712.575941: sched_switch: prev_comm=swapper/2 prev_pid=0 prev_prio=120 prev_state=R ==> next_comm=kworker/2:1 next_pid=34 next_prio=120
          <idle>-0       [000] d...  3712.575941: sched_switch: prev_comm=swapper/0 prev_pid=0 prev_prio=120 prev_state=R ==> next_comm=kworker/0:1 next_pid=1079 next_prio=120
     kworker/2:1-34      [002] d...  3712.575966: sched_switch: prev_comm=kworker/2:1 prev_pid=34 prev_prio=120 prev_state=I ==> next_comm=swapper/2 next_pid=0 next_prio=120
     kworker/0:1-1079    [000] d...  3712.575969: sched_switch: prev_comm=kworker/0:1 prev_pid=1079 prev_prio=120 prev_state=I ==> next_comm=swapper/0 next_pid=0 next_prio=120
          <idle>-0       [002] dns.  3712.585906: sched_wakeup: comm=rcu_sched pid=12 prio=120 target_cpu=002
          <idle>-0       [002] d...  3712.585934: sched_switch: prev_comm=swapper/2 prev_pid=0 prev_prio=120 prev_state=R ==> next_comm=rcu_sched next_pid=12 next_prio=120
       rcu_sched-12      [002] d...  3712.585965: sched_switch: prev_comm=rcu_sched prev_pid=12 prev_prio=120 prev_state=I ==> next_comm=swapper/2 next_pid=0 next_prio=120
          <idle>-0       [000] dns.  3712.594743: sched_wakeup: comm=kworker/0:1 pid=1079 prio=120 target_cpu=000
          <idle>-0       [000] dns.  3712.594766: sched_wakeup: comm=InputThread pid=571 prio=120 target_cpu=000
          <idle>-0       [000] dns.  3712.594798: sched_wakeup: comm=ksoftirqd/0 pid=11 prio=120 target_cpu=000
          <idle>-0       [000] d...  3712.594819: sched_switch: prev_comm=swapper/0 prev_pid=0 prev_prio=120 prev_state=R ==> next_comm=ksoftirqd/0 next_pid=11 next_prio=120
     ksoftirqd/0-11      [000] d...  3712.594841: sched_switch: prev_comm=ksoftirqd/0 prev_pid=11 prev_prio=120 prev_state=S ==> next_comm=kworker/0:1 next_pid=1079 next_prio=120
     kworker/0:1-1079    [000] d...  3712.594870: sched_switch: prev_comm=kworker/0:1 prev_pid=1079 prev_prio=120 prev_state=I ==> next_comm=InputThread next_pid=571 next_prio=120
     InputThread-571     [000] d...  3712.595050: sched_wakeup: comm=Xorg pid=553 prio=120 target_cpu=000
     InputThread-571     [000] d...  3712.595083: sched_switch: prev_comm=InputThread prev_pid=571 prev_prio=120 prev_state=S ==> next_comm=Xorg next_pid=553 next_prio=120
          <idle>-0       [003] dnh.  3712.595224: sched_wakeup: comm=lxterminal pid=1024 prio=120 target_cpu=003
          <idle>-0       [003] d...  3712.595246: sched_switch: prev_comm=swapper/3 prev_pid=0 prev_prio=120 prev_state=R ==> next_comm=lxterminal next_pid=1024 next_prio=120
          <idle>-0       [001] dnh.  3712.595267: sched_wakeup: comm=fcitx pid=666 prio=120 target_cpu=001
          <idle>-0       [001] d...  3712.595284: sched_switch: prev_comm=swapper/1 prev_pid=0 prev_prio=120 prev_state=R ==> next_comm=fcitx next_pid=666 next_prio=120
            Xorg-553     [000] d...  3712.595338: sched_switch: prev_comm=Xorg prev_pid=553 prev_prio=120 prev_state=S ==> next_comm=swapper/0 next_pid=0 next_prio=120
           fcitx-666     [001] d...  3712.595474: sched_switch: prev_comm=fcitx prev_pid=666 prev_prio=120 prev_state=S ==> next_comm=swapper/1 next_pid=0 next_prio=120
          <idle>-0       [002] dnh.  3712.595834: sched_wakeup: comm=gdbus pid=1030 prio=120 target_cpu=002
          <idle>-0       [002] d...  3712.595856: sched_switch: prev_comm=swapper/2 prev_pid=0 prev_prio=120 prev_state=R ==> next_comm=gdbus next_pid=1030 next_prio=120
          <idle>-0       [000] dns.  3712.595922: sched_wakeup: comm=kworker/0:1 pid=1079 prio=120 target_cpu=000
          <idle>-0       [001] dns.  3712.595945: sched_wakeup: comm=rcu_sched pid=12 prio=120 target_cpu=001
          <idle>-0       [000] d...  3712.595962: sched_switch: prev_comm=swapper/0 prev_pid=0 prev_prio=120 prev_state=R ==> next_comm=kworker/0:1 next_pid=1079 next_prio=120
          <idle>-0       [001] d...  3712.595975: sched_switch: prev_comm=swapper/1 prev_pid=0 prev_prio=120 prev_state=R ==> next_comm=rcu_sched next_pid=12 next_prio=120
     kworker/0:1-1079    [000] d.h.  3712.595996: sched_wakeup: comm=kworker/0:1 pid=1079 prio=120 target_cpu=000
      lxterminal-1024    [003] dnh.  3712.595997: sched_wakeup: comm=dbus-daemon pid=676 prio=120 target_cpu=003
     kworker/0:1-1079    [000] d...  3712.596030: sched_wakeup: comm=kworker/0:3 pid=1101 prio=120 target_cpu=000
       rcu_sched-12      [001] d...  3712.596032: sched_switch: prev_comm=rcu_sched prev_pid=12 prev_prio=120 prev_state=I ==> next_comm=dbus-daemon next_pid=676 next_prio=120
     kworker/0:1-1079    [000] d.h.  3712.596038: sched_wakeup: comm=kworker/0:1 pid=1079 prio=120 target_cpu=000
     kworker/0:1-1079    [000] d...  3712.596047: sched_switch: prev_comm=kworker/0:1 prev_pid=1079 prev_prio=120 prev_state=R ==> next_comm=kworker/0:3 next_pid=1101 next_prio=120
      lxterminal-1024    [003] d...  3712.596061: sched_switch: prev_comm=lxterminal prev_pid=1024 prev_prio=120 prev_state=S ==> next_comm=swapper/3 next_pid=0 next_prio=120
           gdbus-1030    [002] d...  3712.596088: sched_switch: prev_comm=gdbus prev_pid=1030 prev_prio=120 prev_state=S ==> next_comm=swapper/2 next_pid=0 next_prio=120
     kworker/0:3-1101    [000] d.h.  3712.596127: sched_wakeup: comm=kworker/0:3 pid=1101 prio=120 target_cpu=000
     kworker/0:3-1101    [000] d...  3712.596176: sched_switch: prev_comm=kworker/0:3 prev_pid=1101 prev_prio=120 prev_state=I ==> next_comm=kworker/0:1 next_pid=1079 next_prio=120
     kworker/0:1-1079    [000] d.h.  3712.596201: sched_wakeup: comm=kworker/0:1 pid=1079 prio=120 target_cpu=000
     kworker/0:1-1079    [000] d.h.  3712.596230: sched_wakeup: comm=kworker/0:1 pid=1079 prio=120 target_cpu=000
     kworker/0:1-1079    [000] d.h.  3712.596258: sched_wakeup: comm=kworker/0:1 pid=1079 prio=120 target_cpu=000
     kworker/0:1-1079    [000] d...  3712.596286: sched_switch: prev_comm=kworker/0:1 prev_pid=1079 prev_prio=120 prev_state=I ==> next_comm=swapper/0 next_pid=0 next_prio=120
     dbus-daemon-676     [001] d...  3712.596328: sched_wakeup: comm=fcitx pid=666 prio=120 target_cpu=001
     dbus-daemon-676     [001] d...  3712.596382: sched_switch: prev_comm=dbus-daemon prev_pid=676 prev_prio=120 prev_state=S ==> next_comm=fcitx next_pid=666 next_prio=120
           fcitx-666     [001] dn..  3712.596631: sched_wakeup: comm=dbus-daemon pid=676 prio=120 target_cpu=001
           fcitx-666     [001] d...  3712.596645: sched_switch: prev_comm=fcitx prev_pid=666 prev_prio=120 prev_state=R ==> next_comm=dbus-daemon next_pid=676 next_prio=120
          <idle>-0       [002] dnh.  3712.596810: sched_wakeup: comm=gdbus pid=1030 prio=120 target_cpu=002
          <idle>-0       [002] d...  3712.596829: sched_switch: prev_comm=swapper/2 prev_pid=0 prev_prio=120 prev_state=R ==> next_comm=gdbus next_pid=1030 next_prio=120
     dbus-daemon-676     [001] d...  3712.596835: sched_switch: prev_comm=dbus-daemon prev_pid=676 prev_prio=120 prev_state=S ==> next_comm=fcitx next_pid=666 next_prio=120
           fcitx-666     [001] d...  3712.596983: sched_switch: prev_comm=fcitx prev_pid=666 prev_prio=120 prev_state=S ==> next_comm=swapper/1 next_pid=0 next_prio=120
          <idle>-0       [003] dnh.  3712.597198: sched_wakeup: comm=lxterminal pid=1024 prio=120 target_cpu=003
          <idle>-0       [003] d...  3712.597218: sched_switch: prev_comm=swapper/3 prev_pid=0 prev_prio=120 prev_state=R ==> next_comm=lxterminal next_pid=1024 next_prio=120
           gdbus-1030    [002] d...  3712.597297: sched_switch: prev_comm=gdbus prev_pid=1030 prev_prio=120 prev_state=S ==> next_comm=swapper/2 next_pid=0 next_prio=120
      lxterminal-1024    [003] d...  3712.597648: sched_switch: prev_comm=lxterminal prev_pid=1024 prev_prio=120 prev_state=S ==> next_comm=swapper/3 next_pid=0 next_prio=120
          <idle>-0       [001] dns.  3712.605925: sched_wakeup: comm=kworker/1:2 pid=89 prio=120 target_cpu=001
          <idle>-0       [001] d...  3712.605967: sched_switch: prev_comm=swapper/1 prev_pid=0 prev_prio=120 prev_state=R ==> next_comm=kworker/1:2 next_pid=89 next_prio=120
     kworker/1:2-89      [001] d...  3712.606034: sched_switch: prev_comm=kworker/1:2 prev_pid=89 prev_prio=120 prev_state=D ==> next_comm=swapper/1 next_pid=0 next_prio=120
          <idle>-0       [001] dnh.  3712.609171: sched_wakeup: comm=kworker/1:2 pid=89 prio=120 target_cpu=001
          <idle>-0       [001] d...  3712.609186: sched_switch: prev_comm=swapper/1 prev_pid=0 prev_prio=120 prev_state=R ==> next_comm=kworker/1:2 next_pid=89 next_prio=120
     kworker/1:2-89      [001] d...  3712.609242: sched_switch: prev_comm=kworker/1:2 prev_pid=89 prev_prio=120 prev_state=D ==> next_comm=swapper/1 next_pid=0 next_prio=120
          <idle>-0       [001] dnh.  3712.609268: sched_wakeup: comm=kworker/1:2 pid=89 prio=120 target_cpu=001
          <idle>-0       [001] d...  3712.609282: sched_switch: prev_comm=swapper/1 prev_pid=0 prev_prio=120 prev_state=R ==> next_comm=kworker/1:2 next_pid=89 next_prio=120
     kworker/1:2-89      [001] d...  3712.609303: sched_switch: prev_comm=kworker/1:2 prev_pid=89 prev_prio=120 prev_state=I ==> next_comm=swapper/1 next_pid=0 next_prio=120
          <idle>-0       [001] dns.  3712.615915: sched_wakeup: comm=rcu_sched pid=12 prio=120 target_cpu=001
          <idle>-0       [001] d...  3712.615946: sched_switch: prev_comm=swapper/1 prev_pid=0 prev_prio=120 prev_state=R ==> next_comm=rcu_sched next_pid=12 next_prio=120
       rcu_sched-12      [001] d...  3712.615992: sched_switch: prev_comm=rcu_sched prev_pid=12 prev_prio=120 prev_state=I ==> next_comm=swapper/1 next_pid=0 next_prio=120
          <idle>-0       [001] dns.  3712.635914: sched_wakeup: comm=rcu_sched pid=12 prio=120 target_cpu=001
          <idle>-0       [001] dnH.  3712.635925: sched_wakeup: comm=kworker/1:2 pid=89 prio=120 target_cpu=001
          <idle>-0       [001] d...  3712.635955: sched_switch: prev_comm=swapper/1 prev_pid=0 prev_prio=120 prev_state=R ==> next_comm=kworker/1:2 next_pid=89 next_prio=120
     kworker/1:2-89      [001] d...  3712.635978: sched_switch: prev_comm=kworker/1:2 prev_pid=89 prev_prio=120 prev_state=I ==> next_comm=rcu_sched next_pid=12 next_prio=120
       rcu_sched-12      [001] d...  3712.636031: sched_switch: prev_comm=rcu_sched prev_pid=12 prev_prio=120 prev_state=I ==> next_comm=swapper/1 next_pid=0 next_prio=120
          <idle>-0       [001] dnh.  3712.755923: sched_wakeup: comm=rtkit-daemon pid=764 prio=120 target_cpu=001
          <idle>-0       [001] dnH.  3712.755935: sched_wakeup: comm=kworker/1:2 pid=89 prio=120 target_cpu=001
          <idle>-0       [001] d...  3712.755974: sched_switch: prev_comm=swapper/1 prev_pid=0 prev_prio=120 prev_state=R ==> next_comm=rtkit-daemon next_pid=764 next_prio=120
    rtkit-daemon-764     [001] dn..  3712.756007: sched_wakeup: comm=rtkit-daemon pid=765 prio=0 target_cpu=001
    rtkit-daemon-764     [001] d...  3712.756021: sched_switch: prev_comm=rtkit-daemon prev_pid=764 prev_prio=120 prev_state=R ==> next_comm=rtkit-daemon next_pid=765 next_prio=0
    rtkit-daemon-765     [001] d...  3712.756067: sched_switch: prev_comm=rtkit-daemon prev_pid=765 prev_prio=0 prev_state=S ==> next_comm=rtkit-daemon next_pid=764 next_prio=120
    rtkit-daemon-764     [001] d...  3712.756089: sched_switch: prev_comm=rtkit-daemon prev_pid=764 prev_prio=120 prev_state=S ==> next_comm=kworker/1:2 next_pid=89 next_prio=120
     kworker/1:2-89      [001] d...  3712.756144: sched_switch: prev_comm=kworker/1:2 prev_pid=89 prev_prio=120 prev_state=I ==> next_comm=swapper/1 next_pid=0 next_prio=120
          <idle>-0       [003] dns.  3712.885947: sched_wakeup: comm=kcompactd0 pid=39 prio=120 target_cpu=003
          <idle>-0       [003] dnH.  3712.885961: sched_wakeup: comm=kworker/3:1 pid=1175 prio=120 target_cpu=003
          <idle>-0       [003] d...  3712.886003: sched_switch: prev_comm=swapper/3 prev_pid=0 prev_prio=120 prev_state=R ==> next_comm=kcompactd0 next_pid=39 next_prio=120
      kcompactd0-39      [003] d...  3712.886032: sched_switch: prev_comm=kcompactd0 prev_pid=39 prev_prio=120 prev_state=S ==> next_comm=kworker/3:1 next_pid=1175 next_prio=120
     kworker/3:1-1175    [003] d...  3712.886062: sched_switch: prev_comm=kworker/3:1 prev_pid=1175 prev_prio=120 prev_state=I ==> next_comm=swapper/3 next_pid=0 next_prio=120
          <idle>-0       [000] dnh.  3712.975608: sched_wakeup: comm=lxpanel pid=704 prio=120 target_cpu=000
          <idle>-0       [000] d...  3712.975629: sched_switch: prev_comm=swapper/0 prev_pid=0 prev_prio=120 prev_state=R ==> next_comm=lxpanel next_pid=704 next_prio=120
         lxpanel-704     [000] d...  3712.975757: sched_switch: prev_comm=lxpanel prev_pid=704 prev_prio=120 prev_state=S ==> next_comm=swapper/0 next_pid=0 next_prio=120
          <idle>-0       [000] dnh.  3713.128883: sched_wakeup: comm=Xorg pid=553 prio=120 target_cpu=000
          <idle>-0       [000] dnh.  3713.128901: sched_wakeup: comm=kworker/0:1 pid=1079 prio=120 target_cpu=000
          <idle>-0       [000] d...  3713.128920: sched_switch: prev_comm=swapper/0 prev_pid=0 prev_prio=120 prev_state=R ==> next_comm=kworker/0:1 next_pid=1079 next_prio=120
     kworker/0:1-1079    [000] d...  3713.128942: sched_switch: prev_comm=kworker/0:1 prev_pid=1079 prev_prio=120 prev_state=I ==> next_comm=Xorg next_pid=553 next_prio=120
            Xorg-553     [000] d...  3713.129013: sched_switch: prev_comm=Xorg prev_pid=553 prev_prio=120 prev_state=S ==> next_comm=swapper/0 next_pid=0 next_prio=120
          <idle>-0       [003] dns.  3713.395998: sched_wakeup: comm=kcompactd0 pid=39 prio=120 target_cpu=003
          <idle>-0       [003] dnH.  3713.396008: sched_wakeup: comm=kworker/3:1 pid=1175 prio=120 target_cpu=003
          <idle>-0       [003] d...  3713.396040: sched_switch: prev_comm=swapper/3 prev_pid=0 prev_prio=120 prev_state=R ==> next_comm=kworker/3:1 next_pid=1175 next_prio=120
     kworker/3:1-1175    [003] d...  3713.396059: sched_switch: prev_comm=kworker/3:1 prev_pid=1175 prev_prio=120 prev_state=I ==> next_comm=kcompactd0 next_pid=39 next_prio=120
      kcompactd0-39      [003] d...  3713.396090: sched_switch: prev_comm=kcompactd0 prev_pid=39 prev_prio=120 prev_state=S ==> next_comm=swapper/3 next_pid=0 next_prio=120
          <idle>-0       [000] dns.  3713.397832: sched_wakeup: comm=kworker/0:1 pid=1079 prio=120 target_cpu=000
          <idle>-0       [000] dns.  3713.397854: sched_wakeup: comm=InputThread pid=571 prio=120 target_cpu=000
          <idle>-0       [000] dns.  3713.397888: sched_wakeup: comm=ksoftirqd/0 pid=11 prio=120 target_cpu=000
          <idle>-0       [000] d...  3713.397907: sched_switch: prev_comm=swapper/0 prev_pid=0 prev_prio=120 prev_state=R ==> next_comm=ksoftirqd/0 next_pid=11 next_prio=120
     ksoftirqd/0-11      [000] d...  3713.397931: sched_switch: prev_comm=ksoftirqd/0 prev_pid=11 prev_prio=120 prev_state=S ==> next_comm=kworker/0:1 next_pid=1079 next_prio=120
     kworker/0:1-1079    [000] d...  3713.397959: sched_switch: prev_comm=kworker/0:1 prev_pid=1079 prev_prio=120 prev_state=I ==> next_comm=InputThread next_pid=571 next_prio=120
     InputThread-571     [000] d...  3713.398099: sched_wakeup: comm=Xorg pid=553 prio=120 target_cpu=000
     InputThread-571     [000] d...  3713.398132: sched_switch: prev_comm=InputThread prev_pid=571 prev_prio=120 prev_state=S ==> next_comm=Xorg next_pid=553 next_prio=120
          <idle>-0       [003] dnh.  3713.398439: sched_wakeup: comm=lxterminal pid=1024 prio=120 target_cpu=003
          <idle>-0       [003] d...  3713.398458: sched_switch: prev_comm=swapper/3 prev_pid=0 prev_prio=120 prev_state=R ==> next_comm=lxterminal next_pid=1024 next_prio=120
            Xorg-553     [000] d...  3713.398492: sched_switch: prev_comm=Xorg prev_pid=553 prev_prio=120 prev_state=S ==> next_comm=swapper/0 next_pid=0 next_prio=120
          <idle>-0       [002] dnh.  3713.399069: sched_wakeup: comm=gdbus pid=1030 prio=120 target_cpu=002
          <idle>-0       [002] d...  3713.399092: sched_switch: prev_comm=swapper/2 prev_pid=0 prev_prio=120 prev_state=R ==> next_comm=gdbus next_pid=1030 next_prio=120
          <idle>-0       [000] dnh.  3713.399186: sched_wakeup: comm=Xorg pid=553 prio=120 target_cpu=000
          <idle>-0       [001] dnh.  3713.399190: sched_wakeup: comm=dbus-daemon pid=676 prio=120 target_cpu=001
          <idle>-0       [000] d...  3713.399205: sched_switch: prev_comm=swapper/0 prev_pid=0 prev_prio=120 prev_state=R ==> next_comm=Xorg next_pid=553 next_prio=120
          <idle>-0       [001] d...  3713.399212: sched_switch: prev_comm=swapper/1 prev_pid=0 prev_prio=120 prev_state=R ==> next_comm=dbus-daemon next_pid=676 next_prio=120
      lxterminal-1024    [003] d...  3713.399235: sched_switch: prev_comm=lxterminal prev_pid=1024 prev_prio=120 prev_state=S ==> next_comm=swapper/3 next_pid=0 next_prio=120
           gdbus-1030    [002] d...  3713.399273: sched_switch: prev_comm=gdbus prev_pid=1030 prev_prio=120 prev_state=S ==> next_comm=swapper/2 next_pid=0 next_prio=120
          <idle>-0       [003] dnh.  3713.399333: sched_wakeup: comm=lxterminal pid=1024 prio=120 target_cpu=003
            Xorg-553     [000] dn..  3713.399348: sched_wakeup: comm=lxpanel pid=704 prio=120 target_cpu=000
          <idle>-0       [003] d...  3713.399353: sched_switch: prev_comm=swapper/3 prev_pid=0 prev_prio=120 prev_state=R ==> next_comm=lxterminal next_pid=1024 next_prio=120
            Xorg-553     [000] d...  3713.399363: sched_switch: prev_comm=Xorg prev_pid=553 prev_prio=120 prev_state=R ==> next_comm=lxpanel next_pid=704 next_prio=120
     dbus-daemon-676     [001] d...  3713.399514: sched_wakeup: comm=fcitx pid=666 prio=120 target_cpu=001
      lxterminal-1024    [003] d...  3713.399536: sched_switch: prev_comm=lxterminal prev_pid=1024 prev_prio=120 prev_state=S ==> next_comm=swapper/3 next_pid=0 next_prio=120
         lxpanel-704     [000] d...  3713.399550: sched_switch: prev_comm=lxpanel prev_pid=704 prev_prio=120 prev_state=S ==> next_comm=Xorg next_pid=553 next_prio=120
     dbus-daemon-676     [001] d...  3713.399569: sched_switch: prev_comm=dbus-daemon prev_pid=676 prev_prio=120 prev_state=S ==> next_comm=fcitx next_pid=666 next_prio=120
            Xorg-553     [000] dn..  3713.399586: sched_wakeup: comm=openbox pid=696 prio=120 target_cpu=000
            Xorg-553     [000] d...  3713.399598: sched_switch: prev_comm=Xorg prev_pid=553 prev_prio=120 prev_state=R ==> next_comm=openbox next_pid=696 next_prio=120
         openbox-696     [000] d...  3713.399742: sched_switch: prev_comm=openbox prev_pid=696 prev_prio=120 prev_state=S ==> next_comm=Xorg next_pid=553 next_prio=120
            Xorg-553     [000] dn..  3713.399854: sched_wakeup: comm=openbox pid=696 prio=120 target_cpu=000
            Xorg-553     [000] d...  3713.399866: sched_switch: prev_comm=Xorg prev_pid=553 prev_prio=120 prev_state=R ==> next_comm=openbox next_pid=696 next_prio=120
           fcitx-666     [001] dn..  3713.399915: sched_wakeup: comm=dbus-daemon pid=676 prio=120 target_cpu=001
           fcitx-666     [001] d...  3713.399930: sched_switch: prev_comm=fcitx prev_pid=666 prev_prio=120 prev_state=R ==> next_comm=dbus-daemon next_pid=676 next_prio=120
         openbox-696     [000] d...  3713.399959: sched_switch: prev_comm=openbox prev_pid=696 prev_prio=120 prev_state=S ==> next_comm=Xorg next_pid=553 next_prio=120
            Xorg-553     [000] dn..  3713.400009: sched_wakeup: comm=openbox pid=696 prio=120 target_cpu=000
            Xorg-553     [000] d...  3713.400020: sched_switch: prev_comm=Xorg prev_pid=553 prev_prio=120 prev_state=R ==> next_comm=openbox next_pid=696 next_prio=120
         openbox-696     [000] d...  3713.400061: sched_switch: prev_comm=openbox prev_pid=696 prev_prio=120 prev_state=S ==> next_comm=Xorg next_pid=553 next_prio=120
            Xorg-553     [000] dn..  3713.400085: sched_wakeup: comm=openbox pid=696 prio=120 target_cpu=000
            Xorg-553     [000] d...  3713.400095: sched_switch: prev_comm=Xorg prev_pid=553 prev_prio=120 prev_state=R ==> next_comm=openbox next_pid=696 next_prio=120
          <idle>-0       [002] dnh.  3713.400114: sched_wakeup: comm=gdbus pid=1030 prio=120 target_cpu=002
          <idle>-0       [002] d...  3713.400134: sched_switch: prev_comm=swapper/2 prev_pid=0 prev_prio=120 prev_state=R ==> next_comm=gdbus next_pid=1030 next_prio=120
     dbus-daemon-676     [001] d...  3713.400137: sched_switch: prev_comm=dbus-daemon prev_pid=676 prev_prio=120 prev_state=S ==> next_comm=fcitx next_pid=666 next_prio=120
         openbox-696     [000] d...  3713.400211: sched_switch: prev_comm=openbox prev_pid=696 prev_prio=120 prev_state=S ==> next_comm=Xorg next_pid=553 next_prio=120
            Xorg-553     [000] d...  3713.400279: sched_switch: prev_comm=Xorg prev_pid=553 prev_prio=120 prev_state=S ==> next_comm=swapper/0 next_pid=0 next_prio=120
          <idle>-0       [000] dnh.  3713.400328: sched_wakeup: comm=Xorg pid=553 prio=120 target_cpu=000
          <idle>-0       [000] d...  3713.400348: sched_switch: prev_comm=swapper/0 prev_pid=0 prev_prio=120 prev_state=R ==> next_comm=Xorg next_pid=553 next_prio=120
           fcitx-666     [001] d...  3713.400400: sched_switch: prev_comm=fcitx prev_pid=666 prev_prio=120 prev_state=S ==> next_comm=swapper/1 next_pid=0 next_prio=120
            Xorg-553     [000] d...  3713.400430: sched_switch: prev_comm=Xorg prev_pid=553 prev_prio=120 prev_state=S ==> next_comm=swapper/0 next_pid=0 next_prio=120
          <idle>-0       [003] dnh.  3713.400527: sched_wakeup: comm=lxterminal pid=1024 prio=120 target_cpu=003
          <idle>-0       [003] d...  3713.400547: sched_switch: prev_comm=swapper/3 prev_pid=0 prev_prio=120 prev_state=R ==> next_comm=lxterminal next_pid=1024 next_prio=120
           gdbus-1030    [002] d...  3713.400631: sched_switch: prev_comm=gdbus prev_pid=1030 prev_prio=120 prev_state=S ==> next_comm=swapper/2 next_pid=0 next_prio=120
          <idle>-0       [002] dnh.  3713.401025: sched_wakeup: comm=kworker/u8:1 pid=1103 prio=120 target_cpu=002
          <idle>-0       [002] d...  3713.401045: sched_switch: prev_comm=swapper/2 prev_pid=0 prev_prio=120 prev_state=R ==> next_comm=kworker/u8:1 next_pid=1103 next_prio=120
    kworker/u8:1-1103    [002] d...  3713.401073: sched_wakeup: comm=bash pid=1041 prio=120 target_cpu=002
    kworker/u8:1-1103    [002] d...  3713.401089: sched_switch: prev_comm=kworker/u8:1 prev_pid=1103 prev_prio=120 prev_state=I ==> next_comm=bash next_pid=1041 next_prio=120
      lxterminal-1024    [003] d...  3713.401162: sched_switch: prev_comm=lxterminal prev_pid=1024 prev_prio=120 prev_state=S ==> next_comm=swapper/3 next_pid=0 next_prio=120
            bash-1041    [002] dn..  3713.401202: sched_wakeup: comm=kworker/u8:1 pid=1103 prio=120 target_cpu=002
            bash-1041    [002] d...  3713.401219: sched_switch: prev_comm=bash prev_pid=1041 prev_prio=120 prev_state=R ==> next_comm=kworker/u8:1 next_pid=1103 next_prio=120
    kworker/u8:1-1103    [002] d...  3713.401243: sched_switch: prev_comm=kworker/u8:1 prev_pid=1103 prev_prio=120 prev_state=I ==> next_comm=bash next_pid=1041 next_prio=120
          <idle>-0       [003] dnh.  3713.401243: sched_wakeup: comm=lxterminal pid=1024 prio=120 target_cpu=003
          <idle>-0       [003] d...  3713.401264: sched_switch: prev_comm=swapper/3 prev_pid=0 prev_prio=120 prev_state=R ==> next_comm=lxterminal next_pid=1024 next_prio=120
            bash-1041    [002] d...  3713.401285: sched_switch: prev_comm=bash prev_pid=1041 prev_prio=120 prev_state=S ==> next_comm=swapper/2 next_pid=0 next_prio=120
      lxterminal-1024    [003] d...  3713.401434: sched_switch: prev_comm=lxterminal prev_pid=1024 prev_prio=120 prev_state=S ==> next_comm=swapper/3 next_pid=0 next_prio=120
          <idle>-0       [001] dns.  3713.406029: sched_wakeup: comm=rcu_sched pid=12 prio=120 target_cpu=001
          <idle>-0       [001] d...  3713.406049: sched_switch: prev_comm=swapper/1 prev_pid=0 prev_prio=120 prev_state=R ==> next_comm=rcu_sched next_pid=12 next_prio=120
       rcu_sched-12      [001] d...  3713.406079: sched_switch: prev_comm=rcu_sched prev_pid=12 prev_prio=120 prev_state=I ==> next_comm=swapper/1 next_pid=0 next_prio=120
          <idle>-0       [003] dnh.  3713.411467: sched_wakeup: comm=lxterminal pid=1024 prio=120 target_cpu=003
          <idle>-0       [003] d...  3713.411489: sched_switch: prev_comm=swapper/3 prev_pid=0 prev_prio=120 prev_state=R ==> next_comm=lxterminal next_pid=1024 next_prio=120
          <idle>-0       [000] dnh.  3713.412537: sched_wakeup: comm=Xorg pid=553 prio=120 target_cpu=000
      lxterminal-1024    [003] d...  3713.412554: sched_switch: prev_comm=lxterminal prev_pid=1024 prev_prio=120 prev_state=S ==> next_comm=swapper/3 next_pid=0 next_prio=120
          <idle>-0       [000] d...  3713.412558: sched_switch: prev_comm=swapper/0 prev_pid=0 prev_prio=120 prev_state=R ==> next_comm=Xorg next_pid=553 next_prio=120
          <idle>-0       [003] dnh.  3713.412681: sched_wakeup: comm=lxterminal pid=1024 prio=120 target_cpu=003
          <idle>-0       [003] d...  3713.412701: sched_switch: prev_comm=swapper/3 prev_pid=0 prev_prio=120 prev_state=R ==> next_comm=lxterminal next_pid=1024 next_prio=120
