         v3d_bin-230     [002] d...  3706.886052: sched_switch: prev_comm=v3d_bin prev_pid=230 prev_prio=98 prev_state=S ==> next_comm=swapper/2 next_pid=0 next_prio=120
      v3d_render-235     [001] d...  3706.886066: sched_switch: prev_comm=v3d_render prev_pid=235 prev_prio=98 prev_state=S ==> next_comm=swapper/1 next_pid=0 next_prio=120
          <idle>-0       [001] dnh.  3706.886113: sched_wakeup: comm=v3d_render pid=235 prio=98 target_cpu=001
          <idle>-0       [001] d...  3706.886126: sched_switch: prev_comm=swapper/1 prev_pid=0 prev_prio=120 prev_state=R ==> next_comm=v3d_render next_pid=235 next_prio=98
      v3d_render-235     [001] d...  3706.886165: sched_switch: prev_comm=v3d_render prev_pid=235 prev_prio=98 prev_state=S ==> next_comm=swapper/1 next_pid=0 next_prio=120
          <idle>-0       [001] dnh.  3706.895331: sched_wakeup: comm=rcu_sched pid=12 prio=120 target_cpu=001
          <idle>-0       [001] d...  3706.895347: sched_switch: prev_comm=swapper/1 prev_pid=0 prev_prio=120 prev_state=R ==> next_comm=rcu_sched next_pid=12 next_prio=120
       rcu_sched-12      [001] d...  3706.895389: sched_switch: prev_comm=rcu_sched prev_pid=12 prev_prio=120 prev_state=I ==> next_comm=swapper/1 next_pid=0 next_prio=120
          <idle>-0       [002] dnh.  3706.901537: sched_wakeup: comm=lxterminal pid=1024 prio=120 target_cpu=002
          <idle>-0       [002] d...  3706.901554: sched_switch: prev_comm=swapper/2 prev_pid=0 prev_prio=120 prev_state=R ==> next_comm=lxterminal next_pid=1024 next_prio=120
      lxterminal-1024    [002] d...  3706.901702: sched_switch: prev_comm=lxterminal prev_pid=1024 prev_prio=120 prev_state=S ==> next_comm=swapper/2 next_pid=0 next_prio=120
          <idle>-0       [002] dns.  3706.905310: sched_wakeup: comm=kworker/2:1 pid=34 prio=120 target_cpu=002
          <idle>-0       [002] d...  3706.905344: sched_switch: prev_comm=swapper/2 prev_pid=0 prev_prio=120 prev_state=R ==> next_comm=kworker/2:1 next_pid=34 next_prio=120
     kworker/2:1-34      [002] d...  3706.905368: sched_switch: prev_comm=kworker/2:1 prev_pid=34 prev_prio=120 prev_state=I ==> next_comm=swapper/2 next_pid=0 next_prio=120
          <idle>-0       [000] dns.  3706.915307: sched_wakeup: comm=kworker/0:3 pid=1101 prio=120 target_cpu=000
          <idle>-0       [001] dns.  3706.915307: sched_wakeup: comm=rcu_sched pid=12 prio=120 target_cpu=001
          <idle>-0       [001] d...  3706.915336: sched_switch: prev_comm=swapper/1 prev_pid=0 prev_prio=120 prev_state=R ==> next_comm=rcu_sched next_pid=12 next_prio=120
          <idle>-0       [000] d...  3706.915341: sched_switch: prev_comm=swapper/0 prev_pid=0 prev_prio=120 prev_state=R ==> next_comm=kworker/0:3 next_pid=1101 next_prio=120
     kworker/0:3-1101    [000] d...  3706.915362: sched_switch: prev_comm=kworker/0:3 prev_pid=1101 prev_prio=120 prev_state=I ==> next_comm=swapper/0 next_pid=0 next_prio=120
       rcu_sched-12      [001] d...  3706.915377: sched_switch: prev_comm=rcu_sched prev_pid=12 prev_prio=120 prev_state=I ==> next_comm=swapper/1 next_pid=0 next_prio=120
          <idle>-0       [001] dns.  3706.935309: sched_wakeup: comm=rcu_sched pid=12 prio=120 target_cpu=001
          <idle>-0       [001] d...  3706.935337: sched_switch: prev_comm=swapper/1 prev_pid=0 prev_prio=120 prev_state=R ==> next_comm=rcu_sched next_pid=12 next_prio=120
       rcu_sched-12      [001] d...  3706.935377: sched_switch: prev_comm=rcu_sched prev_pid=12 prev_prio=120 prev_state=I ==> next_comm=swapper/1 next_pid=0 next_prio=120
          <idle>-0       [000] dnH.  3706.945318: sched_wakeup: comm=kworker/0:3 pid=1101 prio=120 target_cpu=000
          <idle>-0       [002] dns.  3706.945324: sched_wakeup: comm=kworker/2:1 pid=34 prio=120 target_cpu=002
          <idle>-0       [002] d...  3706.945344: sched_switch: prev_comm=swapper/2 prev_pid=0 prev_prio=120 prev_state=R ==> next_comm=kworker/2:1 next_pid=34 next_prio=120
          <idle>-0       [000] d...  3706.945345: sched_switch: prev_comm=swapper/0 prev_pid=0 prev_prio=120 prev_state=R ==> next_comm=kworker/0:3 next_pid=1101 next_prio=120
     kworker/2:1-34      [002] d...  3706.945373: sched_switch: prev_comm=kworker/2:1 prev_pid=34 prev_prio=120 prev_state=I ==> next_comm=swapper/2 next_pid=0 next_prio=120
     kworker/0:3-1101    [000] d...  3706.945421: sched_switch: prev_comm=kworker/0:3 prev_pid=1101 prev_prio=120 prev_state=D ==> next_comm=swapper/0 next_pid=0 next_prio=120
          <idle>-0       [000] dnh.  3706.945444: sched_wakeup: comm=kworker/0:3 pid=1101 prio=120 target_cpu=000
          <idle>-0       [000] d...  3706.945460: sched_switch: prev_comm=swapper/0 prev_pid=0 prev_prio=120 prev_state=R ==> next_comm=kworker/0:3 next_pid=1101 next_prio=120
     kworker/0:3-1101    [000] d...  3706.945526: sched_switch: prev_comm=kworker/0:3 prev_pid=1101 prev_prio=120 prev_state=D ==> next_comm=swapper/0 next_pid=0 next_prio=120
          <idle>-0       [000] dnh.  3706.948675: sched_wakeup: comm=kworker/0:3 pid=1101 prio=120 target_cpu=000
          <idle>-0       [000] d...  3706.948688: sched_switch: prev_comm=swapper/0 prev_pid=0 prev_prio=120 prev_state=R ==> next_comm=kworker/0:3 next_pid=1101 next_prio=120
     kworker/0:3-1101    [000] d...  3706.948733: sched_switch: prev_comm=kworker/0:3 prev_pid=1101 prev_prio=120 prev_state=D ==> next_comm=swapper/0 next_pid=0 next_prio=120
          <idle>-0       [000] dnh.  3706.948748: sched_wakeup: comm=kworker/0:3 pid=1101 prio=120 target_cpu=000
          <idle>-0       [000] d...  3706.948761: sched_switch: prev_comm=swapper/0 prev_pid=0 prev_prio=120 prev_state=R ==> next_comm=kworker/0:3 next_pid=1101 next_prio=120
     kworker/0:3-1101    [000] d...  3706.948785: sched_switch: prev_comm=kworker/0:3 prev_pid=1101 prev_prio=120 prev_state=I ==> next_comm=swapper/0 next_pid=0 next_prio=120
          <idle>-0       [001] dns.  3706.955309: sched_wakeup: comm=rcu_sched pid=12 prio=120 target_cpu=001
          <idle>-0       [001] d...  3706.955340: sched_switch: prev_comm=swapper/1 prev_pid=0 prev_prio=120 prev_state=R ==> next_comm=rcu_sched next_pid=12 next_prio=120
       rcu_sched-12      [001] d...  3706.955369: sched_switch: prev_comm=rcu_sched prev_pid=12 prev_prio=120 prev_state=I ==> next_comm=swapper/1 next_pid=0 next_prio=120
          <idle>-0       [000] dns.  3706.965323: sched_wakeup: comm=kworker/0:3 pid=1101 prio=120 target_cpu=000
          <idle>-0       [000] d...  3706.965340: sched_switch: prev_comm=swapper/0 prev_pid=0 prev_prio=120 prev_state=R ==> next_comm=kworker/0:3 next_pid=1101 next_prio=120
     kworker/0:3-1101    [000] d...  3706.965360: sched_switch: prev_comm=kworker/0:3 prev_pid=1101 prev_prio=120 prev_state=I ==> next_comm=swapper/0 next_pid=0 next_prio=120
          <idle>-0       [000] dnh.  3706.967006: sched_wakeup: comm=lxpanel pid=704 prio=120 target_cpu=000
          <idle>-0       [000] d...  3706.967025: sched_switch: prev_comm=swapper/0 prev_pid=0 prev_prio=120 prev_state=R ==> next_comm=lxpanel next_pid=704 next_prio=120
         lxpanel-704     [000] d...  3706.967127: sched_switch: prev_comm=lxpanel prev_pid=704 prev_prio=120 prev_state=S ==> next_comm=swapper/0 next_pid=0 next_prio=120
          <idle>-0       [000] dns.  3706.979887: sched_wakeup: comm=kworker/0:3 pid=1101 prio=120 target_cpu=000
          <idle>-0       [000] dns.  3706.979906: sched_wakeup: comm=InputThread pid=571 prio=120 target_cpu=000
          <idle>-0       [000] dns.  3706.979933: sched_wakeup: comm=ksoftirqd/0 pid=11 prio=120 target_cpu=000
          <idle>-0       [000] d...  3706.979951: sched_switch: prev_comm=swapper/0 prev_pid=0 prev_prio=120 prev_state=R ==> next_comm=ksoftirqd/0 next_pid=11 next_prio=120
     ksoftirqd/0-11      [000] d...  3706.979972: sched_switch: prev_comm=ksoftirqd/0 prev_pid=11 prev_prio=120 prev_state=S ==> next_comm=kworker/0:3 next_pid=1101 next_prio=120
     kworker/0:3-1101    [000] d...  3706.979998: sched_switch: prev_comm=kworker/0:3 prev_pid=1101 prev_prio=120 prev_state=I ==> next_comm=InputThread next_pid=571 next_prio=120
     InputThread-571     [000] d...  3706.980125: sched_wakeup: comm=Xorg pid=553 prio=120 target_cpu=000
     InputThread-571     [000] d...  3706.980158: sched_switch: prev_comm=InputThread prev_pid=571 prev_prio=120 prev_state=S ==> next_comm=Xorg next_pid=553 next_prio=120
          <idle>-0       [002] dnh.  3706.980290: sched_wakeup: comm=lxterminal pid=1024 prio=120 target_cpu=002
          <idle>-0       [002] d...  3706.980306: sched_switch: prev_comm=swapper/2 prev_pid=0 prev_prio=120 prev_state=R ==> next_comm=lxterminal next_pid=1024 next_prio=120
            Xorg-553     [000] d...  3706.980348: sched_switch: prev_comm=Xorg prev_pid=553 prev_prio=120 prev_state=S ==> next_comm=swapper/0 next_pid=0 next_prio=120
      lxterminal-1024    [002] dn..  3706.980876: sched_wakeup: comm=gdbus pid=1030 prio=120 target_cpu=002
      lxterminal-1024    [002] d...  3706.980886: sched_switch: prev_comm=lxterminal prev_pid=1024 prev_prio=120 prev_state=R ==> next_comm=gdbus next_pid=1030 next_prio=120
           gdbus-1030    [002] d...  3706.980922: sched_switch: prev_comm=gdbus prev_pid=1030 prev_prio=120 prev_state=S ==> next_comm=lxterminal next_pid=1024 next_prio=120
      lxterminal-1024    [002] dn..  3706.980934: sched_wakeup: comm=gdbus pid=1030 prio=120 target_cpu=002
      lxterminal-1024    [002] d...  3706.980941: sched_switch: prev_comm=lxterminal prev_pid=1024 prev_prio=120 prev_state=R ==> next_comm=gdbus next_pid=1030 next_prio=120
           gdbus-1030    [002] d...  3706.980966: sched_switch: prev_comm=gdbus prev_pid=1030 prev_prio=120 prev_state=S ==> next_comm=lxterminal next_pid=1024 next_prio=120
      lxterminal-1024    [002] dn..  3706.980979: sched_wakeup: comm=gdbus pid=1030 prio=120 target_cpu=002
      lxterminal-1024    [002] d...  3706.980985: sched_switch: prev_comm=lxterminal prev_pid=1024 prev_prio=120 prev_state=R ==> next_comm=gdbus next_pid=1030 next_prio=120
           gdbus-1030    [002] d...  3706.981001: sched_switch: prev_comm=gdbus prev_pid=1030 prev_prio=120 prev_state=S ==> next_comm=lxterminal next_pid=1024 next_prio=120
      lxterminal-1024    [002] dn..  3706.981026: sched_wakeup: comm=gdbus pid=1030 prio=120 target_cpu=002
      lxterminal-1024    [002] d...  3706.981033: sched_switch: prev_comm=lxterminal prev_pid=1024 prev_prio=120 prev_state=R ==> next_comm=gdbus next_pid=1030 next_prio=120
           gdbus-1030    [002] dn..  3706.981092: sched_wakeup: comm=dbus-daemon pid=676 prio=120 target_cpu=002
           gdbus-1030    [002] d...  3706.981103: sched_switch: prev_comm=gdbus prev_pid=1030 prev_prio=120 prev_state=R ==> next_comm=dbus-daemon next_pid=676 next_prio=120
          <idle>-0       [001] dnh.  3706.981347: sched_wakeup: comm=fcitx pid=666 prio=120 target_cpu=001
          <idle>-0       [001] d...  3706.981367: sched_switch: prev_comm=swapper/1 prev_pid=0 prev_prio=120 prev_state=R ==> next_comm=fcitx next_pid=666 next_prio=120
     dbus-daemon-676     [002] d...  3706.981382: sched_switch: prev_comm=dbus-daemon prev_pid=676 prev_prio=120 prev_state=S ==> next_comm=gdbus next_pid=1030 next_prio=120
           gdbus-1030    [002] d...  3706.981470: sched_switch: prev_comm=gdbus prev_pid=1030 prev_prio=120 prev_state=S ==> next_comm=lxterminal next_pid=1024 next_prio=120
      lxterminal-1024    [002] d...  3706.981581: sched_switch: prev_comm=lxterminal prev_pid=1024 prev_prio=120 prev_state=S ==> next_comm=swapper/2 next_pid=0 next_prio=120
          <idle>-0       [002] dnh.  3706.981610: sched_wakeup: comm=dbus-daemon pid=676 prio=120 target_cpu=002
          <idle>-0       [002] d...  3706.981628: sched_switch: prev_comm=swapper/2 prev_pid=0 prev_prio=120 prev_state=R ==> next_comm=dbus-daemon next_pid=676 next_prio=120
           fcitx-666     [001] d...  3706.981716: sched_switch: prev_comm=fcitx prev_pid=666 prev_prio=120 prev_state=S ==> next_comm=swapper/1 next_pid=0 next_prio=120
     dbus-daemon-676     [002] d...  3706.981791: sched_wakeup: comm=gdbus pid=1030 prio=120 target_cpu=002
     dbus-daemon-676     [002] d...  3706.981827: sched_switch: prev_comm=dbus-daemon prev_pid=676 prev_prio=120 prev_state=S ==> next_comm=gdbus next_pid=1030 next_prio=120
           gdbus-1030    [002] d...  3706.982141: sched_wakeup: comm=lxterminal pid=1024 prio=120 target_cpu=002
           gdbus-1030    [002] d...  3706.982246: sched_switch: prev_comm=gdbus prev_pid=1030 prev_prio=120 prev_state=S ==> next_comm=lxterminal next_pid=1024 next_prio=120
      lxterminal-1024    [002] d...  3706.982673: sched_switch: prev_comm=lxterminal prev_pid=1024 prev_prio=120 prev_state=S ==> next_comm=swapper/2 next_pid=0 next_prio=120
          <idle>-0       [001] dns.  3706.985332: sched_wakeup: comm=rcu_sched pid=12 prio=120 target_cpu=001
          <idle>-0       [001] d...  3706.985350: sched_switch: prev_comm=swapper/1 prev_pid=0 prev_prio=120 prev_state=R ==> next_comm=rcu_sched next_pid=12 next_prio=120
       rcu_sched-12      [001] d...  3706.985376: sched_switch: prev_comm=rcu_sched prev_pid=12 prev_prio=120 prev_state=I ==> next_comm=swapper/1 next_pid=0 next_prio=120
          <idle>-0       [000] dns.  3706.991855: sched_wakeup: comm=kworker/0:3 pid=1101 prio=120 target_cpu=000
          <idle>-0       [000] dns.  3706.991874: sched_wakeup: comm=InputThread pid=571 prio=120 target_cpu=000
          <idle>-0       [000] dns.  3706.991901: sched_wakeup: comm=ksoftirqd/0 pid=11 prio=120 target_cpu=000
          <idle>-0       [000] d...  3706.991919: sched_switch: prev_comm=swapper/0 prev_pid=0 prev_prio=120 prev_state=R ==> next_comm=ksoftirqd/0 next_pid=11 next_prio=120
     ksoftirqd/0-11      [000] d...  3706.991939: sched_switch: prev_comm=ksoftirqd/0 prev_pid=11 prev_prio=120 prev_state=S ==> next_comm=kworker/0:3 next_pid=1101 next_prio=120
     kworker/0:3-1101    [000] d...  3706.991969: sched_switch: prev_comm=kworker/0:3 prev_pid=1101 prev_prio=120 prev_state=I ==> next_comm=InputThread next_pid=571 next_prio=120
     InputThread-571     [000] d...  3706.992113: sched_wakeup: comm=Xorg pid=553 prio=120 target_cpu=000
     InputThread-571     [000] d...  3706.992158: sched_switch: prev_comm=InputThread prev_pid=571 prev_prio=120 prev_state=S ==> next_comm=Xorg next_pid=553 next_prio=120
          <idle>-0       [002] dnh.  3706.992424: sched_wakeup: comm=lxterminal pid=1024 prio=120 target_cpu=002
          <idle>-0       [002] d...  3706.992441: sched_switch: prev_comm=swapper/2 prev_pid=0 prev_prio=120 prev_state=R ==> next_comm=lxterminal next_pid=1024 next_prio=120
            Xorg-553     [000] d...  3706.992474: sched_switch: prev_comm=Xorg prev_pid=553 prev_prio=120 prev_state=S ==> next_comm=swapper/0 next_pid=0 next_prio=120
      lxterminal-1024    [002] dn..  3706.992930: sched_wakeup: comm=gdbus pid=1030 prio=120 target_cpu=002
      lxterminal-1024    [002] d...  3706.992942: sched_switch: prev_comm=lxterminal prev_pid=1024 prev_prio=120 prev_state=R ==> next_comm=gdbus next_pid=1030 next_prio=120
           gdbus-1030    [002] d...  3706.992973: sched_switch: prev_comm=gdbus prev_pid=1030 prev_prio=120 prev_state=S ==> next_comm=lxterminal next_pid=1024 next_prio=120
      lxterminal-1024    [002] dn..  3706.992985: sched_wakeup: comm=gdbus pid=1030 prio=120 target_cpu=002
      lxterminal-1024    [002] d...  3706.992992: sched_switch: prev_comm=lxterminal prev_pid=1024 prev_prio=120 prev_state=R ==> next_comm=gdbus next_pid=1030 next_prio=120
           gdbus-1030    [002] d...  3706.993016: sched_switch: prev_comm=gdbus prev_pid=1030 prev_prio=120 prev_state=S ==> next_comm=lxterminal next_pid=1024 next_prio=120
      lxterminal-1024    [002] dn..  3706.993028: sched_wakeup: comm=gdbus pid=1030 prio=120 target_cpu=002
      lxterminal-1024    [002] d...  3706.993034: sched_switch: prev_comm=lxterminal prev_pid=1024 prev_prio=120 prev_state=R ==> next_comm=gdbus next_pid=1030 next_prio=120
           gdbus-1030    [002] d...  3706.993049: sched_switch: prev_comm=gdbus prev_pid=1030 prev_prio=120 prev_state=S ==> next_comm=lxterminal next_pid=1024 next_prio=120
      lxterminal-1024    [002] dn..  3706.993073: sched_wakeup: comm=gdbus pid=1030 prio=120 target_cpu=002
      lxterminal-1024    [002] d...  3706.993079: sched_switch: prev_comm=lxterminal prev_pid=1024 prev_prio=120 prev_state=R ==> next_comm=gdbus next_pid=1030 next_prio=120
           gdbus-1030    [002] dn..  3706.993127: sched_wakeup: comm=dbus-daemon pid=676 prio=120 target_cpu=002
           gdbus-1030    [002] d...  3706.993138: sched_switch: prev_comm=gdbus prev_pid=1030 prev_prio=120 prev_state=R ==> next_comm=dbus-daemon next_pid=676 next_prio=120
          <idle>-0       [001] dnh.  3706.993365: sched_wakeup: comm=fcitx pid=666 prio=120 target_cpu=001
          <idle>-0       [001] d...  3706.993378: sched_switch: prev_comm=swapper/1 prev_pid=0 prev_prio=120 prev_state=R ==> next_comm=fcitx next_pid=666 next_prio=120
     dbus-daemon-676     [002] d...  3706.993398: sched_switch: prev_comm=dbus-daemon prev_pid=676 prev_prio=120 prev_state=S ==> next_comm=gdbus next_pid=1030 next_prio=120
           gdbus-1030    [002] d...  3706.993482: sched_switch: prev_comm=gdbus prev_pid=1030 prev_prio=120 prev_state=S ==> next_comm=lxterminal next_pid=1024 next_prio=120
          <idle>-0       [000] dnh.  3706.993617: sched_wakeup: comm=Xorg pid=553 prio=120 target_cpu=000
          <idle>-0       [000] d...  3706.993639: sched_switch: prev_comm=swapper/0 prev_pid=0 prev_prio=120 prev_state=R ==> next_comm=Xorg next_pid=553 next_prio=120
      lxterminal-1024    [002] d...  3706.993677: sched_switch: prev_comm=lxterminal prev_pid=1024 prev_prio=120 prev_state=S ==> next_comm=swapper/2 next_pid=0 next_prio=120
          <idle>-0       [002] dnh.  3706.993696: sched_wakeup: comm=dbus-daemon pid=676 prio=120 target_cpu=002
          <idle>-0       [002] d...  3706.993705: sched_switch: prev_comm=swapper/2 prev_pid=0 prev_prio=120 prev_state=R ==> next_comm=dbus-daemon next_pid=676 next_prio=120
     dbus-daemon-676     [002] d.h.  3706.993750: sched_wakeup: comm=lxterminal pid=1024 prio=120 target_cpu=002
            Xorg-553     [000] dn..  3706.993771: sched_wakeup: comm=lxpanel pid=704 prio=120 target_cpu=000
            Xorg-553     [000] d...  3706.993785: sched_switch: prev_comm=Xorg prev_pid=553 prev_prio=120 prev_state=R ==> next_comm=lxpanel next_pid=704 next_prio=120
           fcitx-666     [001] d...  3706.993882: sched_switch: prev_comm=fcitx prev_pid=666 prev_prio=120 prev_state=S ==> next_comm=swapper/1 next_pid=0 next_prio=120
     dbus-daemon-676     [002] d...  3706.993891: sched_wakeup: comm=gdbus pid=1030 prio=120 target_cpu=002
     dbus-daemon-676     [002] d...  3706.993932: sched_switch: prev_comm=dbus-daemon prev_pid=676 prev_prio=120 prev_state=S ==> next_comm=gdbus next_pid=1030 next_prio=120
         lxpanel-704     [000] d...  3706.993957: sched_switch: prev_comm=lxpanel prev_pid=704 prev_prio=120 prev_state=S ==> next_comm=Xorg next_pid=553 next_prio=120
            Xorg-553     [000] dn..  3706.993993: sched_wakeup: comm=openbox pid=696 prio=120 target_cpu=000
            Xorg-553     [000] d...  3706.994005: sched_switch: prev_comm=Xorg prev_pid=553 prev_prio=120 prev_state=R ==> next_comm=openbox next_pid=696 next_prio=120
         openbox-696     [000] d...  3706.994129: sched_switch: prev_comm=openbox prev_pid=696 prev_prio=120 prev_state=S ==> next_comm=Xorg next_pid=553 next_prio=120
            Xorg-553     [000] dn..  3706.994262: sched_wakeup: comm=openbox pid=696 prio=120 target_cpu=000
            Xorg-553     [000] d...  3706.994274: sched_switch: prev_comm=Xorg prev_pid=553 prev_prio=120 prev_state=R ==> next_comm=openbox next_pid=696 next_prio=120
         openbox-696     [000] d...  3706.994360: sched_switch: prev_comm=openbox prev_pid=696 prev_prio=120 prev_state=S ==> next_comm=Xorg next_pid=553 next_prio=120
           gdbus-1030    [002] d...  3706.994377: sched_switch: prev_comm=gdbus prev_pid=1030 prev_prio=120 prev_state=S ==> next_comm=lxterminal next_pid=1024 next_prio=120
            Xorg-553     [000] dn..  3706.994404: sched_wakeup: comm=openbox pid=696 prio=120 target_cpu=000
            Xorg-553     [000] d...  3706.994414: sched_switch: prev_comm=Xorg prev_pid=553 prev_prio=120 prev_state=R ==> next_comm=openbox next_pid=696 next_prio=120
         openbox-696     [000] d...  3706.994449: sched_switch: prev_comm=openbox prev_pid=696 prev_prio=120 prev_state=S ==> next_comm=Xorg next_pid=553 next_prio=120
            Xorg-553     [000] dn..  3706.994468: sched_wakeup: comm=openbox pid=696 prio=120 target_cpu=000
            Xorg-553     [000] d...  3706.994477: sched_switch: prev_comm=Xorg prev_pid=553 prev_prio=120 prev_state=R ==> next_comm=openbox next_pid=696 next_prio=120
         openbox-696     [000] d...  3706.994574: sched_switch: prev_comm=openbox prev_pid=696 prev_prio=120 prev_state=S ==> next_comm=Xorg next_pid=553 next_prio=120
            Xorg-553     [000] d...  3706.994633: sched_switch: prev_comm=Xorg prev_pid=553 prev_prio=120 prev_state=S ==> next_comm=swapper/0 next_pid=0 next_prio=120
      lxterminal-1024    [002] dn..  3706.994863: sched_wakeup: comm=kworker/u8:1 pid=1103 prio=120 target_cpu=002
      lxterminal-1024    [002] d...  3706.994881: sched_switch: prev_comm=lxterminal prev_pid=1024 prev_prio=120 prev_state=R ==> next_comm=kworker/u8:1 next_pid=1103 next_prio=120
    kworker/u8:1-1103    [002] d...  3706.994906: sched_wakeup: comm=bash pid=1041 prio=120 target_cpu=002
    kworker/u8:1-1103    [002] d...  3706.994920: sched_switch: prev_comm=kworker/u8:1 prev_pid=1103 prev_prio=120 prev_state=I ==> next_comm=bash next_pid=1041 next_prio=120
            bash-1041    [002] dn..  3706.995022: sched_wakeup: comm=kworker/u8:1 pid=1103 prio=120 target_cpu=002
            bash-1041    [002] d...  3706.995036: sched_switch: prev_comm=bash prev_pid=1041 prev_prio=120 prev_state=R ==> next_comm=kworker/u8:1 next_pid=1103 next_prio=120
    kworker/u8:1-1103    [002] d...  3706.995054: sched_switch: prev_comm=kworker/u8:1 prev_pid=1103 prev_prio=120 prev_state=I ==> next_comm=bash next_pid=1041 next_prio=120
            bash-1041    [002] d...  3706.995084: sched_switch: prev_comm=bash prev_pid=1041 prev_prio=120 prev_state=S ==> next_comm=lxterminal next_pid=1024 next_prio=120
          <idle>-0       [001] dns.  3706.995335: sched_wakeup: comm=kworker/1:2 pid=89 prio=120 target_cpu=001
          <idle>-0       [001] d...  3706.995368: sched_switch: prev_comm=swapper/1 prev_pid=0 prev_prio=120 prev_state=R ==> next_comm=kworker/1:2 next_pid=89 next_prio=120
      lxterminal-1024    [002] d...  3706.995385: sched_switch: prev_comm=lxterminal prev_pid=1024 prev_prio=120 prev_state=S ==> next_comm=swapper/2 next_pid=0 next_prio=120
     kworker/1:2-89      [001] d...  3706.995431: sched_switch: prev_comm=kworker/1:2 prev_pid=89 prev_prio=120 prev_state=D ==> next_comm=swapper/1 next_pid=0 next_prio=120
          <idle>-0       [001] dnh.  3706.998238: sched_wakeup: comm=kworker/1:2 pid=89 prio=120 target_cpu=001
          <idle>-0       [001] d...  3706.998250: sched_switch: prev_comm=swapper/1 prev_pid=0 prev_prio=120 prev_state=R ==> next_comm=kworker/1:2 next_pid=89 next_prio=120
     kworker/1:2-89      [001] d...  3706.998298: sched_switch: prev_comm=kworker/1:2 prev_pid=89 prev_prio=120 prev_state=D ==> next_comm=swapper/1 next_pid=0 next_prio=120
          <idle>-0       [001] dnh.  3706.998319: sched_wakeup: comm=kworker/1:2 pid=89 prio=120 target_cpu=001
          <idle>-0       [001] d...  3706.998331: sched_switch: prev_comm=swapper/1 prev_pid=0 prev_prio=120 prev_state=R ==> next_comm=kworker/1:2 next_pid=89 next_prio=120
     kworker/1:2-89      [001] d...  3706.998350: sched_switch: prev_comm=kworker/1:2 prev_pid=89 prev_prio=120 prev_state=I ==> next_comm=swapper/1 next_pid=0 next_prio=120
          <idle>-0       [001] dns.  3707.005316: sched_wakeup: comm=rcu_sched pid=12 prio=120 target_cpu=001
          <idle>-0       [001] d...  3707.005342: sched_switch: prev_comm=swapper/1 prev_pid=0 prev_prio=120 prev_state=R ==> next_comm=rcu_sched next_pid=12 next_prio=120
       rcu_sched-12      [001] d...  3707.005384: sched_switch: prev_comm=rcu_sched prev_pid=12 prev_prio=120 prev_state=I ==> next_comm=swapper/1 next_pid=0 next_prio=120
          <idle>-0       [002] dnh.  3707.005416: sched_wakeup: comm=lxterminal pid=1024 prio=120 target_cpu=002
          <idle>-0       [002] d...  3707.005435: sched_switch: prev_comm=swapper/2 prev_pid=0 prev_prio=120 prev_state=R ==> next_comm=lxterminal next_pid=1024 next_prio=120
          <idle>-0       [000] dnh.  3707.006315: sched_wakeup: comm=Xorg pid=553 prio=120 target_cpu=000
      lxterminal-1024    [002] d...  3707.006330: sched_switch: prev_comm=lxterminal prev_pid=1024 prev_prio=120 prev_state=S ==> next_comm=swapper/2 next_pid=0 next_prio=120
          <idle>-0       [000] d...  3707.006335: sched_switch: prev_comm=swapper/0 prev_pid=0 prev_prio=120 prev_state=R ==> next_comm=Xorg next_pid=553 next_prio=120
          <idle>-0       [002] dnh.  3707.006435: sched_wakeup: comm=lxterminal pid=1024 prio=120 target_cpu=002
          <idle>-0       [002] d...  3707.006452: sched_switch: prev_comm=swapper/2 prev_pid=0 prev_prio=120 prev_state=R ==> next_comm=lxterminal next_pid=1024 next_prio=120
            Xorg-553     [000] d...  3707.006462: sched_switch: prev_comm=Xorg prev_pid=553 prev_prio=120 prev_state=S ==> next_comm=swapper/0 next_pid=0 next_prio=120
      lxterminal-1024    [002] dn..  3707.006734: sched_wakeup: comm=gdbus pid=1030 prio=120 target_cpu=002
      lxterminal-1024    [002] d...  3707.006744: sched_switch: prev_comm=lxterminal prev_pid=1024 prev_prio=120 prev_state=R ==> next_comm=gdbus next_pid=1030 next_prio=120
           gdbus-1030    [002] d...  3707.006812: sched_switch: prev_comm=gdbus prev_pid=1030 prev_prio=120 prev_state=S ==> next_comm=lxterminal next_pid=1024 next_prio=120
      lxterminal-1024    [002] dn..  3707.006825: sched_wakeup: comm=gdbus pid=1030 prio=120 target_cpu=002
      lxterminal-1024    [002] d...  3707.006831: sched_switch: prev_comm=lxterminal prev_pid=1024 prev_prio=120 prev_state=R ==> next_comm=gdbus next_pid=1030 next_prio=120
           gdbus-1030    [002] d...  3707.006855: sched_switch: prev_comm=gdbus prev_pid=1030 prev_prio=120 prev_state=S ==> next_comm=lxterminal next_pid=1024 next_prio=120
      lxterminal-1024    [002] dn..  3707.006867: sched_wakeup: comm=gdbus pid=1030 prio=120 target_cpu=002
      lxterminal-1024    [002] d...  3707.006873: sched_switch: prev_comm=lxterminal prev_pid=1024 prev_prio=120 prev_state=R ==> next_comm=gdbus next_pid=1030 next_prio=120
           gdbus-1030    [002] d...  3707.006888: sched_switch: prev_comm=gdbus prev_pid=1030 prev_prio=120 prev_state=S ==> next_comm=lxterminal next_pid=1024 next_prio=120
      lxterminal-1024    [002] dn..  3707.006900: sched_wakeup: comm=gdbus pid=1030 prio=120 target_cpu=002
      lxterminal-1024    [002] d...  3707.006906: sched_switch: prev_comm=lxterminal prev_pid=1024 prev_prio=120 prev_state=R ==> next_comm=gdbus next_pid=1030 next_prio=120
           gdbus-1030    [002] dn..  3707.006959: sched_wakeup: comm=dbus-daemon pid=676 prio=120 target_cpu=002
           gdbus-1030    [002] d...  3707.006971: sched_switch: prev_comm=gdbus prev_pid=1030 prev_prio=120 prev_state=R ==> next_comm=dbus-daemon next_pid=676 next_prio=120
          <idle>-0       [001] dnh.  3707.007186: sched_wakeup: comm=fcitx pid=666 prio=120 target_cpu=001
          <idle>-0       [001] d...  3707.007199: sched_switch: prev_comm=swapper/1 prev_pid=0 prev_prio=120 prev_state=R ==> next_comm=fcitx next_pid=666 next_prio=120
     dbus-daemon-676     [002] d...  3707.007211: sched_switch: prev_comm=dbus-daemon prev_pid=676 prev_prio=120 prev_state=S ==> next_comm=gdbus next_pid=1030 next_prio=120
           gdbus-1030    [002] d...  3707.007293: sched_switch: prev_comm=gdbus prev_pid=1030 prev_prio=120 prev_state=S ==> next_comm=lxterminal next_pid=1024 next_prio=120
      lxterminal-1024    [002] d...  3707.007410: sched_switch: prev_comm=lxterminal prev_pid=1024 prev_prio=120 prev_state=S ==> next_comm=swapper/2 next_pid=0 next_prio=120
          <idle>-0       [002] dnh.  3707.007422: sched_wakeup: comm=dbus-daemon pid=676 prio=120 target_cpu=002
          <idle>-0       [002] d...  3707.007429: sched_switch: prev_comm=swapper/2 prev_pid=0 prev_prio=120 prev_state=R ==> next_comm=dbus-daemon next_pid=676 next_prio=120
          <idle>-0       [000] dnh.  3707.007510: sched_wakeup: comm=Xorg pid=553 prio=120 target_cpu=000
          <idle>-0       [000] d...  3707.007527: sched_switch: prev_comm=swapper/0 prev_pid=0 prev_prio=120 prev_state=R ==> next_comm=Xorg next_pid=553 next_prio=120
     dbus-daemon-676     [002] d...  3707.007566: sched_wakeup: comm=gdbus pid=1030 prio=120 target_cpu=002
           fcitx-666     [001] d...  3707.007585: sched_switch: prev_comm=fcitx prev_pid=666 prev_prio=120 prev_state=S ==> next_comm=swapper/1 next_pid=0 next_prio=120
     dbus-daemon-676     [002] d...  3707.007601: sched_switch: prev_comm=dbus-daemon prev_pid=676 prev_prio=120 prev_state=S ==> next_comm=gdbus next_pid=1030 next_prio=120
            Xorg-553     [000] dn..  3707.007611: sched_wakeup: comm=lxpanel pid=704 prio=120 target_cpu=000
            Xorg-553     [000] d...  3707.007622: sched_switch: prev_comm=Xorg prev_pid=553 prev_prio=120 prev_state=R ==> next_comm=lxpanel next_pid=704 next_prio=120
         lxpanel-704     [000] d...  3707.007772: sched_switch: prev_comm=lxpanel prev_pid=704 prev_prio=120 prev_state=S ==> next_comm=Xorg next_pid=553 next_prio=120
            Xorg-553     [000] dn..  3707.007805: sched_wakeup: comm=lxsession pid=606 prio=120 target_cpu=000
            Xorg-553     [000] d...  3707.007815: sched_switch: prev_comm=Xorg prev_pid=553 prev_prio=120 prev_state=R ==> next_comm=lxsession next_pid=606 next_prio=120
       lxsession-606     [000] d...  3707.007926: sched_switch: prev_comm=lxsession prev_pid=606 prev_prio=120 prev_state=S ==> next_comm=Xorg next_pid=553 next_prio=120
           gdbus-1030    [002] d...  3707.007964: sched_switch: prev_comm=gdbus prev_pid=1030 prev_prio=120 prev_state=S ==> next_comm=swapper/2 next_pid=0 next_prio=120
            Xorg-553     [000] d...  3707.007988: sched_switch: prev_comm=Xorg prev_pid=553 prev_prio=120 prev_state=S ==> next_comm=swapper/0 next_pid=0 next_prio=120
          <idle>-0       [002] dnh.  3707.021420: sched_wakeup: comm=lxterminal pid=1024 prio=120 target_cpu=002
          <idle>-0       [002] d...  3707.021449: sched_switch: prev_comm=swapper/2 prev_pid=0 prev_prio=120 prev_state=R ==> next_comm=lxterminal next_pid=1024 next_prio=120
          <idle>-0       [000] dnh.  3707.022320: sched_wakeup: comm=Xorg pid=553 prio=120 target_cpu=000
          <idle>-0       [000] d...  3707.022338: sched_switch: prev_comm=swapper/0 prev_pid=0 prev_prio=120 prev_state=R ==> next_comm=Xorg next_pid=553 next_prio=120
      lxterminal-1024    [002] d...  3707.022370: sched_switch: prev_comm=lxterminal prev_pid=1024 prev_prio=120 prev_state=S ==> next_comm=swapper/2 next_pid=0 next_prio=120
            Xorg-553     [000] d...  3707.023334: sched_switch: prev_comm=Xorg prev_pid=553 prev_prio=120 prev_state=D ==> next_comm=swapper/0 next_pid=0 next_prio=120
          <idle>-0       [001] dns.  3707.025326: sched_wakeup: comm=rcu_sched pid=12 prio=120 target_cpu=001
          <idle>-0       [001] d...  3707.025356: sched_switch: prev_comm=swapper/1 prev_pid=0 prev_prio=120 prev_state=R ==> next_comm=rcu_sched next_pid=12 next_prio=120
       rcu_sched-12      [001] d...  3707.025400: sched_switch: prev_comm=rcu_sched prev_pid=12 prev_prio=120 prev_state=I ==> next_comm=swapper/1 next_pid=0 next_prio=120
          <idle>-0       [000] dnh.  3707.026027: sched_wakeup: comm=Xorg pid=553 prio=120 target_cpu=000
          <idle>-0       [000] d...  3707.026045: sched_switch: prev_comm=swapper/0 prev_pid=0 prev_prio=120 prev_state=R ==> next_comm=Xorg next_pid=553 next_prio=120
            Xorg-553     [000] d...  3707.026094: sched_switch: prev_comm=Xorg prev_pid=553 prev_prio=120 prev_state=D ==> next_comm=swapper/0 next_pid=0 next_prio=120
          <idle>-0       [000] dnh.  3707.026114: sched_wakeup: comm=Xorg pid=553 prio=120 target_cpu=000
          <idle>-0       [000] d...  3707.026130: sched_switch: prev_comm=swapper/0 prev_pid=0 prev_prio=120 prev_state=R ==> next_comm=Xorg next_pid=553 next_prio=120
          <idle>-0       [002] dnh.  3707.026193: sched_wakeup: comm=v3d_bin pid=230 prio=98 target_cpu=002
          <idle>-0       [001] dnh.  3707.026199: sched_wakeup: comm=v3d_render pid=235 prio=98 target_cpu=001
          <idle>-0       [002] d...  3707.026213: sched_switch: prev_comm=swapper/2 prev_pid=0 prev_prio=120 prev_state=R ==> next_comm=v3d_bin next_pid=230 next_prio=98
          <idle>-0       [001] d...  3707.026213: sched_switch: prev_comm=swapper/1 prev_pid=0 prev_prio=120 prev_state=R ==> next_comm=v3d_render next_pid=235 next_prio=98
      v3d_render-235     [001] d...  3707.026254: sched_switch: prev_comm=v3d_render prev_pid=235 prev_prio=98 prev_state=S ==> next_comm=swapper/1 next_pid=0 next_prio=120
            Xorg-553     [000] d...  3707.026257: sched_switch: prev_comm=Xorg prev_pid=553 prev_prio=120 prev_state=S ==> next_comm=swapper/0 next_pid=0 next_prio=120
          <idle>-0       [001] dnh.  3707.026275: sched_wakeup: comm=v3d_render pid=235 prio=98 target_cpu=001
         v3d_bin-230     [002] d...  3707.026276: sched_switch: prev_comm=v3d_bin prev_pid=230 prev_prio=98 prev_state=R ==> next_comm=swapper/2 next_pid=0 next_prio=120
          <idle>-0       [002] dnh.  3707.026284: sched_wakeup: comm=v3d_bin pid=230 prio=98 target_cpu=002
          <idle>-0       [001] d...  3707.026287: sched_switch: prev_comm=swapper/1 prev_pid=0 prev_prio=120 prev_state=R ==> next_comm=v3d_render next_pid=235 next_prio=98
          <idle>-0       [002] d...  3707.026290: sched_switch: prev_comm=swapper/2 prev_pid=0 prev_prio=120 prev_state=R ==> next_comm=v3d_bin next_pid=230 next_prio=98
         v3d_bin-230     [002] d...  3707.026319: sched_switch: prev_comm=v3d_bin prev_pid=230 prev_prio=98 prev_state=S ==> next_comm=swapper/2 next_pid=0 next_prio=120
          <idle>-0       [000] dnh.  3707.026324: sched_wakeup: comm=Xorg pid=553 prio=120 target_cpu=000
          <idle>-0       [000] d...  3707.026341: sched_switch: prev_comm=swapper/0 prev_pid=0 prev_prio=120 prev_state=R ==> next_comm=Xorg next_pid=553 next_prio=120
      v3d_render-235     [001] d...  3707.026350: sched_switch: prev_comm=v3d_render prev_pid=235 prev_prio=98 prev_state=S ==> next_comm=swapper/1 next_pid=0 next_prio=120
          <idle>-0       [002] dnh.  3707.026686: sched_wakeup: comm=v3d_bin pid=230 prio=98 target_cpu=002
          <idle>-0       [001] dnh.  3707.026696: sched_wakeup: comm=v3d_render pid=235 prio=98 target_cpu=001
          <idle>-0       [002] d...  3707.026698: sched_switch: prev_comm=swapper/2 prev_pid=0 prev_prio=120 prev_state=R ==> next_comm=v3d_bin next_pid=230 next_prio=98
          <idle>-0       [001] d...  3707.026708: sched_switch: prev_comm=swapper/1 prev_pid=0 prev_prio=120 prev_state=R ==> next_comm=v3d_render next_pid=235 next_prio=98
      v3d_render-235     [001] d...  3707.026739: sched_switch: prev_comm=v3d_render prev_pid=235 prev_prio=98 prev_state=S ==> next_comm=swapper/1 next_pid=0 next_prio=120
         v3d_bin-230     [002] d...  3707.026747: sched_switch: prev_comm=v3d_bin prev_pid=230 prev_prio=98 prev_state=S ==> next_comm=swapper/2 next_pid=0 next_prio=120
            Xorg-553     [000] d...  3707.026752: sched_switch: prev_comm=Xorg prev_pid=553 prev_prio=120 prev_state=S ==> next_comm=swapper/0 next_pid=0 next_prio=120
          <idle>-0       [001] dnh.  3707.026835: sched_wakeup: comm=v3d_render pid=235 prio=98 target_cpu=001
          <idle>-0       [002] dnh.  3707.026838: sched_wakeup: comm=v3d_bin pid=230 prio=98 target_cpu=002
          <idle>-0       [001] d...  3707.026847: sched_switch: prev_comm=swapper/1 prev_pid=0 prev_prio=120 prev_state=R ==> next_comm=v3d_render next_pid=235 next_prio=98
          <idle>-0       [002] d...  3707.026849: sched_switch: prev_comm=swapper/2 prev_pid=0 prev_prio=120 prev_state=R ==> next_comm=v3d_bin next_pid=230 next_prio=98
         v3d_bin-230     [002] d...  3707.026877: sched_switch: prev_comm=v3d_bin prev_pid=230 prev_prio=98 prev_state=S ==> next_comm=swapper/2 next_pid=0 next_prio=120
      v3d_render-235     [001] d...  3707.026888: sched_switch: prev_comm=v3d_render prev_pid=235 prev_prio=98 prev_state=S ==> next_comm=swapper/1 next_pid=0 next_prio=120
          <idle>-0       [000] dnh.  3707.026969: sched_wakeup: comm=Xorg pid=553 prio=120 target_cpu=000
          <idle>-0       [001] dnh.  3707.026978: sched_wakeup: comm=v3d_render pid=235 prio=98 target_cpu=001
          <idle>-0       [000] d...  3707.026987: sched_switch: prev_comm=swapper/0 prev_pid=0 prev_prio=120 prev_state=R ==> next_comm=Xorg next_pid=553 next_prio=120
          <idle>-0       [001] d...  3707.026990: sched_switch: prev_comm=swapper/1 prev_pid=0 prev_prio=120 prev_state=R ==> next_comm=v3d_render next_pid=235 next_prio=98
      v3d_render-235     [001] d...  3707.027023: sched_switch: prev_comm=v3d_render prev_pid=235 prev_prio=98 prev_state=S ==> next_comm=swapper/1 next_pid=0 next_prio=120
          <idle>-0       [002] dnh.  3707.027140: sched_wakeup: comm=v3d_bin pid=230 prio=98 target_cpu=002
          <idle>-0       [001] dnh.  3707.027148: sched_wakeup: comm=v3d_render pid=235 prio=98 target_cpu=001
          <idle>-0       [002] d...  3707.027152: sched_switch: prev_comm=swapper/2 prev_pid=0 prev_prio=120 prev_state=R ==> next_comm=v3d_bin next_pid=230 next_prio=98
          <idle>-0       [001] d...  3707.027160: sched_switch: prev_comm=swapper/1 prev_pid=0 prev_prio=120 prev_state=R ==> next_comm=v3d_render next_pid=235 next_prio=98
      v3d_render-235     [001] d...  3707.027190: sched_switch: prev_comm=v3d_render prev_pid=235 prev_prio=98 prev_state=S ==> next_comm=swapper/1 next_pid=0 next_prio=120
            Xorg-553     [000] d...  3707.027190: sched_switch: prev_comm=Xorg prev_pid=553 prev_prio=120 prev_state=S ==> next_comm=swapper/0 next_pid=0 next_prio=120
         v3d_bin-230     [002] d...  3707.027201: sched_switch: prev_comm=v3d_bin prev_pid=230 prev_prio=98 prev_state=S ==> next_comm=swapper/2 next_pid=0 next_prio=120
          <idle>-0       [001] dnh.  3707.027286: sched_wakeup: comm=v3d_render pid=235 prio=98 target_cpu=001
          <idle>-0       [002] dnh.  3707.027289: sched_wakeup: comm=v3d_bin pid=230 prio=98 target_cpu=002
          <idle>-0       [001] d...  3707.027298: sched_switch: prev_comm=swapper/1 prev_pid=0 prev_prio=120 prev_state=R ==> next_comm=v3d_render next_pid=235 next_prio=98
          <idle>-0       [002] d...  3707.027300: sched_switch: prev_comm=swapper/2 prev_pid=0 prev_prio=120 prev_state=R ==> next_comm=v3d_bin next_pid=230 next_prio=98
         v3d_bin-230     [002] d...  3707.027328: sched_switch: prev_comm=v3d_bin prev_pid=230 prev_prio=98 prev_state=S ==> next_comm=swapper/2 next_pid=0 next_prio=120
      v3d_render-235     [001] d...  3707.027339: sched_switch: prev_comm=v3d_render prev_pid=235 prev_prio=98 prev_state=S ==> next_comm=swapper/1 next_pid=0 next_prio=120
          <idle>-0       [001] dnh.  3707.027421: sched_wakeup: comm=v3d_render pid=235 prio=98 target_cpu=001
          <idle>-0       [001] d...  3707.027432: sched_switch: prev_comm=swapper/1 prev_pid=0 prev_prio=120 prev_state=R ==> next_comm=v3d_render next_pid=235 next_prio=98
      v3d_render-235     [001] d...  3707.027465: sched_switch: prev_comm=v3d_render prev_pid=235 prev_prio=98 prev_state=S ==> next_comm=swapper/1 next_pid=0 next_prio=120
          <idle>-0       [001] dns.  3707.045319: sched_wakeup: comm=rcu_sched pid=12 prio=120 target_cpu=001
          <idle>-0       [000] dnH.  3707.045326: sched_wakeup: comm=kworker/0:3 pid=1101 prio=120 target_cpu=000
          <idle>-0       [001] d...  3707.045343: sched_switch: prev_comm=swapper/1 prev_pid=0 prev_prio=120 prev_state=R ==> next_comm=rcu_sched next_pid=12 next_prio=120
          <idle>-0       [000] d...  3707.045351: sched_switch: prev_comm=swapper/0 prev_pid=0 prev_prio=120 prev_state=R ==> next_comm=kworker/0:3 next_pid=1101 next_prio=120
       rcu_sched-12      [001] d...  3707.045380: sched_switch: prev_comm=rcu_sched prev_pid=12 prev_prio=120 prev_state=I ==> next_comm=swapper/1 next_pid=0 next_prio=120
     kworker/0:3-1101    [000] d...  3707.045380: sched_switch: prev_comm=kworker/0:3 prev_pid=1101 prev_prio=120 prev_state=I ==> next_comm=swapper/0 next_pid=0 next_prio=120
          <idle>-0       [002] dnh.  3707.052394: sched_wakeup: comm=lxterminal pid=1024 prio=120 target_cpu=002
          <idle>-0       [002] d...  3707.052409: sched_switch: prev_comm=swapper/2 prev_pid=0 prev_prio=120 prev_state=R ==> next_comm=lxterminal next_pid=1024 next_prio=120
      lxterminal-1024    [002] d...  3707.052532: sched_switch: prev_comm=lxterminal prev_pid=1024 prev_prio=120 prev_state=S ==> next_comm=swapper/2 next_pid=0 next_prio=120
          <idle>-0       [000] dns.  3707.055318: sched_wakeup: comm=kworker/0:3 pid=1101 prio=120 target_cpu=000
          <idle>-0       [002] dns.  3707.055320: sched_wakeup: comm=kworker/2:1 pid=34 prio=120 target_cpu=002
          <idle>-0       [000] d...  3707.055344: sched_switch: prev_comm=swapper/0 prev_pid=0 prev_prio=120 prev_state=R ==> next_comm=kworker/0:3 next_pid=1101 next_prio=120
          <idle>-0       [002] d...  3707.055350: sched_switch: prev_comm=swapper/2 prev_pid=0 prev_prio=120 prev_state=R ==> next_comm=kworker/2:1 next_pid=34 next_prio=120
     kworker/0:3-1101    [000] d...  3707.055359: sched_switch: prev_comm=kworker/0:3 prev_pid=1101 prev_prio=120 prev_state=I ==> next_comm=swapper/0 next_pid=0 next_prio=120
     kworker/2:1-34      [002] d...  3707.055367: sched_switch: prev_comm=kworker/2:1 prev_pid=34 prev_prio=120 prev_state=I ==> next_comm=swapper/2 next_pid=0 next_prio=120
          <idle>-0       [001] dns.  3707.065320: sched_wakeup: comm=rcu_sched pid=12 prio=120 target_cpu=001
          <idle>-0       [001] d...  3707.065344: sched_switch: prev_comm=swapper/1 prev_pid=0 prev_prio=120 prev_state=R ==> next_comm=rcu_sched next_pid=12 next_prio=120
       rcu_sched-12      [001] d...  3707.065379: sched_switch: prev_comm=rcu_sched prev_pid=12 prev_prio=120 prev_state=I ==> next_comm=swapper/1 next_pid=0 next_prio=120
          <idle>-0       [001] dns.  3707.085322: sched_wakeup: comm=rcu_sched pid=12 prio=120 target_cpu=001
          <idle>-0       [001] d...  3707.085346: sched_switch: prev_comm=swapper/1 prev_pid=0 prev_prio=120 prev_state=R ==> next_comm=rcu_sched next_pid=12 next_prio=120
       rcu_sched-12      [001] d...  3707.085379: sched_switch: prev_comm=rcu_sched prev_pid=12 prev_prio=120 prev_state=I ==> next_comm=swapper/1 next_pid=0 next_prio=120
          <idle>-0       [000] dns.  3707.095332: sched_wakeup: comm=kworker/0:3 pid=1101 prio=120 target_cpu=000
          <idle>-0       [002] dns.  3707.095336: sched_wakeup: comm=kworker/2:1 pid=34 prio=120 target_cpu=002
          <idle>-0       [000] d...  3707.095350: sched_switch: prev_comm=swapper/0 prev_pid=0 prev_prio=120 prev_state=R ==> next_comm=kworker/0:3 next_pid=1101 next_prio=120
          <idle>-0       [002] d...  3707.095353: sched_switch: prev_comm=swapper/2 prev_pid=0 prev_prio=120 prev_state=R ==> next_comm=kworker/2:1 next_pid=34 next_prio=120
     kworker/0:3-1101    [000] d...  3707.095369: sched_switch: prev_comm=kworker/0:3 prev_pid=1101 prev_prio=120 prev_state=I ==> next_comm=swapper/0 next_pid=0 next_prio=120
     kworker/2:1-34      [002] d...  3707.095372: sched_switch: prev_comm=kworker/2:1 prev_pid=34 prev_prio=120 prev_state=I ==> next_comm=swapper/2 next_pid=0 next_prio=120
          <idle>-0       [001] dns.  3707.135326: sched_wakeup: comm=kworker/1:2 pid=89 prio=120 target_cpu=001
          <idle>-0       [001] d...  3707.135352: sched_switch: prev_comm=swapper/1 prev_pid=0 prev_prio=120 prev_state=R ==> next_comm=kworker/1:2 next_pid=89 next_prio=120
     kworker/1:2-89      [001] d...  3707.135414: sched_switch: prev_comm=kworker/1:2 prev_pid=89 prev_prio=120 prev_state=D ==> next_comm=swapper/1 next_pid=0 next_prio=120
          <idle>-0       [001] dnh.  3707.138129: sched_wakeup: comm=kworker/1:2 pid=89 prio=120 target_cpu=001
          <idle>-0       [001] d...  3707.138144: sched_switch: prev_comm=swapper/1 prev_pid=0 prev_prio=120 prev_state=R ==> next_comm=kworker/1:2 next_pid=89 next_prio=120
     kworker/1:2-89      [001] d...  3707.138190: sched_switch: prev_comm=kworker/1:2 prev_pid=89 prev_prio=120 prev_state=D ==> next_comm=swapper/1 next_pid=0 next_prio=120
          <idle>-0       [001] dnh.  3707.138213: sched_wakeup: comm=kworker/1:2 pid=89 prio=120 target_cpu=001
          <idle>-0       [001] d...  3707.138228: sched_switch: prev_comm=swapper/1 prev_pid=0 prev_prio=120 prev_state=R ==> next_comm=kworker/1:2 next_pid=89 next_prio=120
     kworker/1:2-89      [001] d...  3707.138248: sched_switch: prev_comm=kworker/1:2 prev_pid=89 prev_prio=120 prev_state=I ==> next_comm=swapper/1 next_pid=0 next_prio=120
          <idle>-0       [000] dns.  3707.159885: sched_wakeup: comm=kworker/0:3 pid=1101 prio=120 target_cpu=000
          <idle>-0       [000] dns.  3707.159905: sched_wakeup: comm=InputThread pid=571 prio=120 target_cpu=000
          <idle>-0       [000] dns.  3707.159940: sched_wakeup: comm=ksoftirqd/0 pid=11 prio=120 target_cpu=000
          <idle>-0       [000] d...  3707.159958: sched_switch: prev_comm=swapper/0 prev_pid=0 prev_prio=120 prev_state=R ==> next_comm=ksoftirqd/0 next_pid=11 next_prio=120
     ksoftirqd/0-11      [000] d...  3707.159978: sched_switch: prev_comm=ksoftirqd/0 prev_pid=11 prev_prio=120 prev_state=S ==> next_comm=kworker/0:3 next_pid=1101 next_prio=120
     kworker/0:3-1101    [000] d...  3707.160051: sched_switch: prev_comm=kworker/0:3 prev_pid=1101 prev_prio=120 prev_state=D ==> next_comm=InputThread next_pid=571 next_prio=120
     InputThread-571     [000] dnh.  3707.160064: sched_wakeup: comm=kworker/0:3 pid=1101 prio=120 target_cpu=000
     InputThread-571     [000] d...  3707.160073: sched_switch: prev_comm=InputThread prev_pid=571 prev_prio=120 prev_state=R+ ==> next_comm=kworker/0:3 next_pid=1101 next_prio=120
     kworker/0:3-1101    [000] d...  3707.160131: sched_switch: prev_comm=kworker/0:3 prev_pid=1101 prev_prio=120 prev_state=D ==> next_comm=InputThread next_pid=571 next_prio=120
     InputThread-571     [000] d...  3707.160255: sched_wakeup: comm=Xorg pid=553 prio=120 target_cpu=000
     InputThread-571     [000] d...  3707.160286: sched_switch: prev_comm=InputThread prev_pid=571 prev_prio=120 prev_state=S ==> next_comm=Xorg next_pid=553 next_prio=120
          <idle>-0       [002] dnh.  3707.160556: sched_wakeup: comm=lxterminal pid=1024 prio=120 target_cpu=002
          <idle>-0       [002] d...  3707.160573: sched_switch: prev_comm=swapper/2 prev_pid=0 prev_prio=120 prev_state=R ==> next_comm=lxterminal next_pid=1024 next_prio=120
            Xorg-553     [000] d...  3707.160613: sched_switch: prev_comm=Xorg prev_pid=553 prev_prio=120 prev_state=S ==> next_comm=swapper/0 next_pid=0 next_prio=120
      lxterminal-1024    [002] dn..  3707.161159: sched_wakeup: comm=gdbus pid=1030 prio=120 target_cpu=002
      lxterminal-1024    [002] d...  3707.161169: sched_switch: prev_comm=lxterminal prev_pid=1024 prev_prio=120 prev_state=R ==> next_comm=gdbus next_pid=1030 next_prio=120
           gdbus-1030    [002] d...  3707.161201: sched_switch: prev_comm=gdbus prev_pid=1030 prev_prio=120 prev_state=S ==> next_comm=lxterminal next_pid=1024 next_prio=120
      lxterminal-1024    [002] dn..  3707.161214: sched_wakeup: comm=gdbus pid=1030 prio=120 target_cpu=002
      lxterminal-1024    [002] d...  3707.161221: sched_switch: prev_comm=lxterminal prev_pid=1024 prev_prio=120 prev_state=R ==> next_comm=gdbus next_pid=1030 next_prio=120
           gdbus-1030    [002] d...  3707.161245: sched_switch: prev_comm=gdbus prev_pid=1030 prev_prio=120 prev_state=S ==> next_comm=lxterminal next_pid=1024 next_prio=120
      lxterminal-1024    [002] dn..  3707.161257: sched_wakeup: comm=gdbus pid=1030 prio=120 target_cpu=002
      lxterminal-1024    [002] d...  3707.161264: sched_switch: prev_comm=lxterminal prev_pid=1024 prev_prio=120 prev_state=R ==> next_comm=gdbus next_pid=1030 next_prio=120
           gdbus-1030    [002] d...  3707.161280: sched_switch: prev_comm=gdbus prev_pid=1030 prev_prio=120 prev_state=S ==> next_comm=lxterminal next_pid=1024 next_prio=120
      lxterminal-1024    [002] dn..  3707.161304: sched_wakeup: comm=gdbus pid=1030 prio=120 target_cpu=002
      lxterminal-1024    [002] d...  3707.161310: sched_switch: prev_comm=lxterminal prev_pid=1024 prev_prio=120 prev_state=R ==> next_comm=gdbus next_pid=1030 next_prio=120
           gdbus-1030    [002] dn..  3707.161366: sched_wakeup: comm=dbus-daemon pid=676 prio=120 target_cpu=002
           gdbus-1030    [002] d...  3707.161378: sched_switch: prev_comm=gdbus prev_pid=1030 prev_prio=120 prev_state=R ==> next_comm=dbus-daemon next_pid=676 next_prio=120
          <idle>-0       [001] dnh.  3707.161624: sched_wakeup: comm=fcitx pid=666 prio=120 target_cpu=001
          <idle>-0       [001] d...  3707.161645: sched_switch: prev_comm=swapper/1 prev_pid=0 prev_prio=120 prev_state=R ==> next_comm=fcitx next_pid=666 next_prio=120
