         pcmanfm-701     [000] d...  4916.573578: sched_switch: prev_comm=pcmanfm prev_pid=701 prev_prio=120 prev_state=S ==> next_comm=Xorg next_pid=549 next_prio=120
            Xorg-549     [000] dn..  4916.573668: sched_wakeup: comm=pcmanfm pid=701 prio=120 target_cpu=000
            Xorg-549     [000] d...  4916.573680: sched_switch: prev_comm=Xorg prev_pid=549 prev_prio=120 prev_state=R ==> next_comm=pcmanfm next_pid=701 next_prio=120
         pcmanfm-701     [000] d...  4916.573901: sched_switch: prev_comm=pcmanfm prev_pid=701 prev_prio=120 prev_state=S ==> next_comm=Xorg next_pid=549 next_prio=120
            Xorg-549     [000] d...  4916.573963: sched_switch: prev_comm=Xorg prev_pid=549 prev_prio=120 prev_state=S ==> next_comm=swapper/0 next_pid=0 next_prio=120
          <idle>-0       [001] dnh.  4916.588858: sched_wakeup: comm=thd pid=373 prio=120 target_cpu=001
          <idle>-0       [002] dnh.  4916.588862: sched_wakeup: comm=InputThread pid=565 prio=120 target_cpu=002
          <idle>-0       [001] dnh.  4916.588871: sched_wakeup: comm=kworker/1:1 pid=1310 prio=120 target_cpu=001
          <idle>-0       [002] d...  4916.588882: sched_switch: prev_comm=swapper/2 prev_pid=0 prev_prio=120 prev_state=R ==> next_comm=InputThread next_pid=565 next_prio=120
          <idle>-0       [001] d...  4916.588892: sched_switch: prev_comm=swapper/1 prev_pid=0 prev_prio=120 prev_state=R ==> next_comm=kworker/1:1 next_pid=1310 next_prio=120
     kworker/1:1-1310    [001] d...  4916.588921: sched_switch: prev_comm=kworker/1:1 prev_pid=1310 prev_prio=120 prev_state=I ==> next_comm=thd next_pid=373 next_prio=120
             thd-373     [001] d...  4916.589012: sched_switch: prev_comm=thd prev_pid=373 prev_prio=120 prev_state=S ==> next_comm=swapper/1 next_pid=0 next_prio=120
     InputThread-565     [002] d...  4916.589071: sched_switch: prev_comm=InputThread prev_pid=565 prev_prio=120 prev_state=D ==> next_comm=swapper/2 next_pid=0 next_prio=120
          <idle>-0       [002] dnh.  4916.589096: sched_wakeup: comm=InputThread pid=565 prio=120 target_cpu=002
          <idle>-0       [002] d...  4916.589115: sched_switch: prev_comm=swapper/2 prev_pid=0 prev_prio=120 prev_state=R ==> next_comm=InputThread next_pid=565 next_prio=120
          <idle>-0       [000] dnh.  4916.589196: sched_wakeup: comm=Xorg pid=549 prio=120 target_cpu=000
     InputThread-565     [002] d...  4916.589214: sched_switch: prev_comm=InputThread prev_pid=565 prev_prio=120 prev_state=S ==> next_comm=swapper/2 next_pid=0 next_prio=120
          <idle>-0       [000] d...  4916.589217: sched_switch: prev_comm=swapper/0 prev_pid=0 prev_prio=120 prev_state=R ==> next_comm=Xorg next_pid=549 next_prio=120
            Xorg-549     [000] dn..  4916.589320: sched_wakeup: comm=pcmanfm pid=701 prio=120 target_cpu=000
            Xorg-549     [000] d...  4916.589333: sched_switch: prev_comm=Xorg prev_pid=549 prev_prio=120 prev_state=R ==> next_comm=pcmanfm next_pid=701 next_prio=120
         pcmanfm-701     [000] d...  4916.589553: sched_switch: prev_comm=pcmanfm prev_pid=701 prev_prio=120 prev_state=S ==> next_comm=Xorg next_pid=549 next_prio=120
            Xorg-549     [000] dn..  4916.589643: sched_wakeup: comm=pcmanfm pid=701 prio=120 target_cpu=000
            Xorg-549     [000] d...  4916.589655: sched_switch: prev_comm=Xorg prev_pid=549 prev_prio=120 prev_state=R ==> next_comm=pcmanfm next_pid=701 next_prio=120
         pcmanfm-701     [000] d...  4916.589916: sched_switch: prev_comm=pcmanfm prev_pid=701 prev_prio=120 prev_state=S ==> next_comm=Xorg next_pid=549 next_prio=120
            Xorg-549     [000] d...  4916.589972: sched_switch: prev_comm=Xorg prev_pid=549 prev_prio=120 prev_state=S ==> next_comm=swapper/0 next_pid=0 next_prio=120
          <idle>-0       [001] dnh.  4916.604898: sched_wakeup: comm=thd pid=373 prio=120 target_cpu=001
          <idle>-0       [002] dnh.  4916.604899: sched_wakeup: comm=InputThread pid=565 prio=120 target_cpu=002
          <idle>-0       [001] d...  4916.604917: sched_switch: prev_comm=swapper/1 prev_pid=0 prev_prio=120 prev_state=R ==> next_comm=thd next_pid=373 next_prio=120
          <idle>-0       [002] d...  4916.604919: sched_switch: prev_comm=swapper/2 prev_pid=0 prev_prio=120 prev_state=R ==> next_comm=InputThread next_pid=565 next_prio=120
             thd-373     [001] d...  4916.604991: sched_switch: prev_comm=thd prev_pid=373 prev_prio=120 prev_state=S ==> next_comm=swapper/1 next_pid=0 next_prio=120
     InputThread-565     [002] d...  4916.605109: sched_switch: prev_comm=InputThread prev_pid=565 prev_prio=120 prev_state=D ==> next_comm=swapper/2 next_pid=0 next_prio=120
          <idle>-0       [002] dnh.  4916.605135: sched_wakeup: comm=InputThread pid=565 prio=120 target_cpu=002
          <idle>-0       [002] d...  4916.605154: sched_switch: prev_comm=swapper/2 prev_pid=0 prev_prio=120 prev_state=R ==> next_comm=InputThread next_pid=565 next_prio=120
          <idle>-0       [000] dnh.  4916.605234: sched_wakeup: comm=Xorg pid=549 prio=120 target_cpu=000
     InputThread-565     [002] d...  4916.605251: sched_switch: prev_comm=InputThread prev_pid=565 prev_prio=120 prev_state=S ==> next_comm=swapper/2 next_pid=0 next_prio=120
          <idle>-0       [000] d...  4916.605255: sched_switch: prev_comm=swapper/0 prev_pid=0 prev_prio=120 prev_state=R ==> next_comm=Xorg next_pid=549 next_prio=120
            Xorg-549     [000] dn..  4916.605358: sched_wakeup: comm=pcmanfm pid=701 prio=120 target_cpu=000
            Xorg-549     [000] d...  4916.605370: sched_switch: prev_comm=Xorg prev_pid=549 prev_prio=120 prev_state=R ==> next_comm=pcmanfm next_pid=701 next_prio=120
         pcmanfm-701     [000] d...  4916.605593: sched_switch: prev_comm=pcmanfm prev_pid=701 prev_prio=120 prev_state=S ==> next_comm=Xorg next_pid=549 next_prio=120
            Xorg-549     [000] dn..  4916.605684: sched_wakeup: comm=pcmanfm pid=701 prio=120 target_cpu=000
            Xorg-549     [000] d...  4916.605696: sched_switch: prev_comm=Xorg prev_pid=549 prev_prio=120 prev_state=R ==> next_comm=pcmanfm next_pid=701 next_prio=120
         pcmanfm-701     [000] d...  4916.605918: sched_switch: prev_comm=pcmanfm prev_pid=701 prev_prio=120 prev_state=S ==> next_comm=Xorg next_pid=549 next_prio=120
            Xorg-549     [000] d...  4916.605980: sched_switch: prev_comm=Xorg prev_pid=549 prev_prio=120 prev_state=S ==> next_comm=swapper/0 next_pid=0 next_prio=120
          <idle>-0       [001] dnh.  4916.620894: sched_wakeup: comm=thd pid=373 prio=120 target_cpu=001
          <idle>-0       [002] dnh.  4916.620899: sched_wakeup: comm=InputThread pid=565 prio=120 target_cpu=002
          <idle>-0       [001] d...  4916.620912: sched_switch: prev_comm=swapper/1 prev_pid=0 prev_prio=120 prev_state=R ==> next_comm=thd next_pid=373 next_prio=120
          <idle>-0       [002] d...  4916.620919: sched_switch: prev_comm=swapper/2 prev_pid=0 prev_prio=120 prev_state=R ==> next_comm=InputThread next_pid=565 next_prio=120
             thd-373     [001] d...  4916.620985: sched_switch: prev_comm=thd prev_pid=373 prev_prio=120 prev_state=S ==> next_comm=swapper/1 next_pid=0 next_prio=120
     InputThread-565     [002] d...  4916.621106: sched_switch: prev_comm=InputThread prev_pid=565 prev_prio=120 prev_state=D ==> next_comm=swapper/2 next_pid=0 next_prio=120
          <idle>-0       [002] dnh.  4916.621460: sched_wakeup: comm=InputThread pid=565 prio=120 target_cpu=002
          <idle>-0       [002] d...  4916.621479: sched_switch: prev_comm=swapper/2 prev_pid=0 prev_prio=120 prev_state=R ==> next_comm=InputThread next_pid=565 next_prio=120
          <idle>-0       [000] dnh.  4916.621559: sched_wakeup: comm=Xorg pid=549 prio=120 target_cpu=000
     InputThread-565     [002] d...  4916.621575: sched_switch: prev_comm=InputThread prev_pid=565 prev_prio=120 prev_state=S ==> next_comm=swapper/2 next_pid=0 next_prio=120
          <idle>-0       [000] d...  4916.621580: sched_switch: prev_comm=swapper/0 prev_pid=0 prev_prio=120 prev_state=R ==> next_comm=Xorg next_pid=549 next_prio=120
            Xorg-549     [000] dn..  4916.621684: sched_wakeup: comm=pcmanfm pid=701 prio=120 target_cpu=000
            Xorg-549     [000] d...  4916.621697: sched_switch: prev_comm=Xorg prev_pid=549 prev_prio=120 prev_state=R ==> next_comm=pcmanfm next_pid=701 next_prio=120
         pcmanfm-701     [000] d...  4916.621919: sched_switch: prev_comm=pcmanfm prev_pid=701 prev_prio=120 prev_state=S ==> next_comm=Xorg next_pid=549 next_prio=120
            Xorg-549     [000] dn..  4916.622009: sched_wakeup: comm=pcmanfm pid=701 prio=120 target_cpu=000
            Xorg-549     [000] d...  4916.622021: sched_switch: prev_comm=Xorg prev_pid=549 prev_prio=120 prev_state=R ==> next_comm=pcmanfm next_pid=701 next_prio=120
         pcmanfm-701     [000] d...  4916.622245: sched_switch: prev_comm=pcmanfm prev_pid=701 prev_prio=120 prev_state=S ==> next_comm=Xorg next_pid=549 next_prio=120
            Xorg-549     [000] d...  4916.622305: sched_switch: prev_comm=Xorg prev_pid=549 prev_prio=120 prev_state=S ==> next_comm=swapper/0 next_pid=0 next_prio=120
          <idle>-0       [001] dnh.  4916.636894: sched_wakeup: comm=thd pid=373 prio=120 target_cpu=001
          <idle>-0       [002] dnh.  4916.636900: sched_wakeup: comm=InputThread pid=565 prio=120 target_cpu=002
          <idle>-0       [001] d...  4916.636912: sched_switch: prev_comm=swapper/1 prev_pid=0 prev_prio=120 prev_state=R ==> next_comm=thd next_pid=373 next_prio=120
          <idle>-0       [002] d...  4916.636923: sched_switch: prev_comm=swapper/2 prev_pid=0 prev_prio=120 prev_state=R ==> next_comm=InputThread next_pid=565 next_prio=120
             thd-373     [001] d...  4916.636984: sched_switch: prev_comm=thd prev_pid=373 prev_prio=120 prev_state=S ==> next_comm=swapper/1 next_pid=0 next_prio=120
     InputThread-565     [002] d...  4916.637111: sched_switch: prev_comm=InputThread prev_pid=565 prev_prio=120 prev_state=D ==> next_comm=swapper/2 next_pid=0 next_prio=120
          <idle>-0       [002] dnh.  4916.637136: sched_wakeup: comm=InputThread pid=565 prio=120 target_cpu=002
          <idle>-0       [002] d...  4916.637155: sched_switch: prev_comm=swapper/2 prev_pid=0 prev_prio=120 prev_state=R ==> next_comm=InputThread next_pid=565 next_prio=120
          <idle>-0       [000] dnh.  4916.637233: sched_wakeup: comm=Xorg pid=549 prio=120 target_cpu=000
     InputThread-565     [002] d...  4916.637250: sched_switch: prev_comm=InputThread prev_pid=565 prev_prio=120 prev_state=S ==> next_comm=swapper/2 next_pid=0 next_prio=120
          <idle>-0       [000] d...  4916.637254: sched_switch: prev_comm=swapper/0 prev_pid=0 prev_prio=120 prev_state=R ==> next_comm=Xorg next_pid=549 next_prio=120
            Xorg-549     [000] dn..  4916.637356: sched_wakeup: comm=pcmanfm pid=701 prio=120 target_cpu=000
            Xorg-549     [000] d...  4916.637369: sched_switch: prev_comm=Xorg prev_pid=549 prev_prio=120 prev_state=R ==> next_comm=pcmanfm next_pid=701 next_prio=120
         pcmanfm-701     [000] d...  4916.637582: sched_switch: prev_comm=pcmanfm prev_pid=701 prev_prio=120 prev_state=S ==> next_comm=Xorg next_pid=549 next_prio=120
            Xorg-549     [000] dn..  4916.637672: sched_wakeup: comm=pcmanfm pid=701 prio=120 target_cpu=000
            Xorg-549     [000] d...  4916.637684: sched_switch: prev_comm=Xorg prev_pid=549 prev_prio=120 prev_state=R ==> next_comm=pcmanfm next_pid=701 next_prio=120
         pcmanfm-701     [000] d...  4916.637905: sched_switch: prev_comm=pcmanfm prev_pid=701 prev_prio=120 prev_state=S ==> next_comm=Xorg next_pid=549 next_prio=120
            Xorg-549     [000] d...  4916.637967: sched_switch: prev_comm=Xorg prev_pid=549 prev_prio=120 prev_state=S ==> next_comm=swapper/0 next_pid=0 next_prio=120
          <idle>-0       [001] dnh.  4916.652863: sched_wakeup: comm=thd pid=373 prio=120 target_cpu=001
          <idle>-0       [002] dnh.  4916.652869: sched_wakeup: comm=InputThread pid=565 prio=120 target_cpu=002
          <idle>-0       [001] d...  4916.652881: sched_switch: prev_comm=swapper/1 prev_pid=0 prev_prio=120 prev_state=R ==> next_comm=thd next_pid=373 next_prio=120
          <idle>-0       [002] d...  4916.652889: sched_switch: prev_comm=swapper/2 prev_pid=0 prev_prio=120 prev_state=R ==> next_comm=InputThread next_pid=565 next_prio=120
             thd-373     [001] d...  4916.652935: sched_switch: prev_comm=thd prev_pid=373 prev_prio=120 prev_state=S ==> next_comm=swapper/1 next_pid=0 next_prio=120
     InputThread-565     [002] d...  4916.653071: sched_switch: prev_comm=InputThread prev_pid=565 prev_prio=120 prev_state=D ==> next_comm=swapper/2 next_pid=0 next_prio=120
          <idle>-0       [002] dnh.  4916.653097: sched_wakeup: comm=InputThread pid=565 prio=120 target_cpu=002
          <idle>-0       [002] d...  4916.653116: sched_switch: prev_comm=swapper/2 prev_pid=0 prev_prio=120 prev_state=R ==> next_comm=InputThread next_pid=565 next_prio=120
          <idle>-0       [000] dnh.  4916.653197: sched_wakeup: comm=Xorg pid=549 prio=120 target_cpu=000
     InputThread-565     [002] d...  4916.653213: sched_switch: prev_comm=InputThread prev_pid=565 prev_prio=120 prev_state=S ==> next_comm=swapper/2 next_pid=0 next_prio=120
          <idle>-0       [000] d...  4916.653218: sched_switch: prev_comm=swapper/0 prev_pid=0 prev_prio=120 prev_state=R ==> next_comm=Xorg next_pid=549 next_prio=120
            Xorg-549     [000] dn..  4916.653333: sched_wakeup: comm=pcmanfm pid=701 prio=120 target_cpu=000
            Xorg-549     [000] d...  4916.653371: sched_switch: prev_comm=Xorg prev_pid=549 prev_prio=120 prev_state=R ==> next_comm=pcmanfm next_pid=701 next_prio=120
         pcmanfm-701     [000] d...  4916.653592: sched_switch: prev_comm=pcmanfm prev_pid=701 prev_prio=120 prev_state=S ==> next_comm=Xorg next_pid=549 next_prio=120
            Xorg-549     [000] dn..  4916.653681: sched_wakeup: comm=pcmanfm pid=701 prio=120 target_cpu=000
            Xorg-549     [000] d...  4916.653693: sched_switch: prev_comm=Xorg prev_pid=549 prev_prio=120 prev_state=R ==> next_comm=pcmanfm next_pid=701 next_prio=120
         pcmanfm-701     [000] d...  4916.653911: sched_switch: prev_comm=pcmanfm prev_pid=701 prev_prio=120 prev_state=S ==> next_comm=Xorg next_pid=549 next_prio=120
            Xorg-549     [000] d...  4916.653972: sched_switch: prev_comm=Xorg prev_pid=549 prev_prio=120 prev_state=S ==> next_comm=swapper/0 next_pid=0 next_prio=120
          <idle>-0       [001] dnh.  4916.668891: sched_wakeup: comm=thd pid=373 prio=120 target_cpu=001
          <idle>-0       [002] dnh.  4916.668897: sched_wakeup: comm=InputThread pid=565 prio=120 target_cpu=002
          <idle>-0       [001] d...  4916.668910: sched_switch: prev_comm=swapper/1 prev_pid=0 prev_prio=120 prev_state=R ==> next_comm=thd next_pid=373 next_prio=120
          <idle>-0       [002] d...  4916.668917: sched_switch: prev_comm=swapper/2 prev_pid=0 prev_prio=120 prev_state=R ==> next_comm=InputThread next_pid=565 next_prio=120
             thd-373     [001] d...  4916.668963: sched_switch: prev_comm=thd prev_pid=373 prev_prio=120 prev_state=S ==> next_comm=swapper/1 next_pid=0 next_prio=120
     InputThread-565     [002] d...  4916.669094: sched_switch: prev_comm=InputThread prev_pid=565 prev_prio=120 prev_state=D ==> next_comm=swapper/2 next_pid=0 next_prio=120
          <idle>-0       [002] dnh.  4916.669118: sched_wakeup: comm=InputThread pid=565 prio=120 target_cpu=002
          <idle>-0       [002] d...  4916.669137: sched_switch: prev_comm=swapper/2 prev_pid=0 prev_prio=120 prev_state=R ==> next_comm=InputThread next_pid=565 next_prio=120
          <idle>-0       [000] dnh.  4916.669217: sched_wakeup: comm=Xorg pid=549 prio=120 target_cpu=000
     InputThread-565     [002] d...  4916.669234: sched_switch: prev_comm=InputThread prev_pid=565 prev_prio=120 prev_state=S ==> next_comm=swapper/2 next_pid=0 next_prio=120
          <idle>-0       [000] d...  4916.669238: sched_switch: prev_comm=swapper/0 prev_pid=0 prev_prio=120 prev_state=R ==> next_comm=Xorg next_pid=549 next_prio=120
            Xorg-549     [000] dn..  4916.669340: sched_wakeup: comm=pcmanfm pid=701 prio=120 target_cpu=000
            Xorg-549     [000] d...  4916.669352: sched_switch: prev_comm=Xorg prev_pid=549 prev_prio=120 prev_state=R ==> next_comm=pcmanfm next_pid=701 next_prio=120
         pcmanfm-701     [000] d...  4916.669569: sched_switch: prev_comm=pcmanfm prev_pid=701 prev_prio=120 prev_state=S ==> next_comm=Xorg next_pid=549 next_prio=120
            Xorg-549     [000] dn..  4916.669660: sched_wakeup: comm=pcmanfm pid=701 prio=120 target_cpu=000
            Xorg-549     [000] d...  4916.669672: sched_switch: prev_comm=Xorg prev_pid=549 prev_prio=120 prev_state=R ==> next_comm=pcmanfm next_pid=701 next_prio=120
         pcmanfm-701     [000] d...  4916.669890: sched_switch: prev_comm=pcmanfm prev_pid=701 prev_prio=120 prev_state=S ==> next_comm=Xorg next_pid=549 next_prio=120
            Xorg-549     [000] d...  4916.669951: sched_switch: prev_comm=Xorg prev_pid=549 prev_prio=120 prev_state=S ==> next_comm=swapper/0 next_pid=0 next_prio=120
          <idle>-0       [001] dnh.  4916.684872: sched_wakeup: comm=thd pid=373 prio=120 target_cpu=001
          <idle>-0       [002] dnh.  4916.684875: sched_wakeup: comm=InputThread pid=565 prio=120 target_cpu=002
          <idle>-0       [001] d...  4916.684890: sched_switch: prev_comm=swapper/1 prev_pid=0 prev_prio=120 prev_state=R ==> next_comm=thd next_pid=373 next_prio=120
          <idle>-0       [002] d...  4916.684895: sched_switch: prev_comm=swapper/2 prev_pid=0 prev_prio=120 prev_state=R ==> next_comm=InputThread next_pid=565 next_prio=120
             thd-373     [001] d...  4916.684963: sched_switch: prev_comm=thd prev_pid=373 prev_prio=120 prev_state=S ==> next_comm=swapper/1 next_pid=0 next_prio=120
     InputThread-565     [002] d...  4916.685085: sched_switch: prev_comm=InputThread prev_pid=565 prev_prio=120 prev_state=D ==> next_comm=swapper/2 next_pid=0 next_prio=120
          <idle>-0       [002] dnh.  4916.685109: sched_wakeup: comm=InputThread pid=565 prio=120 target_cpu=002
          <idle>-0       [002] d...  4916.685129: sched_switch: prev_comm=swapper/2 prev_pid=0 prev_prio=120 prev_state=R ==> next_comm=InputThread next_pid=565 next_prio=120
          <idle>-0       [000] dnh.  4916.685209: sched_wakeup: comm=Xorg pid=549 prio=120 target_cpu=000
     InputThread-565     [002] d...  4916.685228: sched_switch: prev_comm=InputThread prev_pid=565 prev_prio=120 prev_state=S ==> next_comm=swapper/2 next_pid=0 next_prio=120
          <idle>-0       [000] d...  4916.685230: sched_switch: prev_comm=swapper/0 prev_pid=0 prev_prio=120 prev_state=R ==> next_comm=Xorg next_pid=549 next_prio=120
            Xorg-549     [000] dn..  4916.685335: sched_wakeup: comm=pcmanfm pid=701 prio=120 target_cpu=000
            Xorg-549     [000] d...  4916.685347: sched_switch: prev_comm=Xorg prev_pid=549 prev_prio=120 prev_state=R ==> next_comm=pcmanfm next_pid=701 next_prio=120
         pcmanfm-701     [000] d...  4916.685565: sched_switch: prev_comm=pcmanfm prev_pid=701 prev_prio=120 prev_state=S ==> next_comm=Xorg next_pid=549 next_prio=120
            Xorg-549     [000] dn..  4916.685658: sched_wakeup: comm=pcmanfm pid=701 prio=120 target_cpu=000
            Xorg-549     [000] d...  4916.685671: sched_switch: prev_comm=Xorg prev_pid=549 prev_prio=120 prev_state=R ==> next_comm=pcmanfm next_pid=701 next_prio=120
         pcmanfm-701     [000] d...  4916.685889: sched_switch: prev_comm=pcmanfm prev_pid=701 prev_prio=120 prev_state=S ==> next_comm=Xorg next_pid=549 next_prio=120
            Xorg-549     [000] d...  4916.685950: sched_switch: prev_comm=Xorg prev_pid=549 prev_prio=120 prev_state=S ==> next_comm=swapper/0 next_pid=0 next_prio=120
          <idle>-0       [001] dnh.  4916.700872: sched_wakeup: comm=thd pid=373 prio=120 target_cpu=001
          <idle>-0       [002] dnh.  4916.700876: sched_wakeup: comm=InputThread pid=565 prio=120 target_cpu=002
          <idle>-0       [001] dnh.  4916.700883: sched_wakeup: comm=kworker/1:1 pid=1310 prio=120 target_cpu=001
          <idle>-0       [002] d...  4916.700896: sched_switch: prev_comm=swapper/2 prev_pid=0 prev_prio=120 prev_state=R ==> next_comm=InputThread next_pid=565 next_prio=120
          <idle>-0       [001] d...  4916.700901: sched_switch: prev_comm=swapper/1 prev_pid=0 prev_prio=120 prev_state=R ==> next_comm=kworker/1:1 next_pid=1310 next_prio=120
     kworker/1:1-1310    [001] d...  4916.700927: sched_switch: prev_comm=kworker/1:1 prev_pid=1310 prev_prio=120 prev_state=I ==> next_comm=thd next_pid=373 next_prio=120
             thd-373     [001] d...  4916.701016: sched_switch: prev_comm=thd prev_pid=373 prev_prio=120 prev_state=S ==> next_comm=swapper/1 next_pid=0 next_prio=120
     InputThread-565     [002] d...  4916.701087: sched_switch: prev_comm=InputThread prev_pid=565 prev_prio=120 prev_state=D ==> next_comm=swapper/2 next_pid=0 next_prio=120
          <idle>-0       [002] dnh.  4916.701112: sched_wakeup: comm=InputThread pid=565 prio=120 target_cpu=002
          <idle>-0       [002] d...  4916.701130: sched_switch: prev_comm=swapper/2 prev_pid=0 prev_prio=120 prev_state=R ==> next_comm=InputThread next_pid=565 next_prio=120
          <idle>-0       [000] dnh.  4916.701212: sched_wakeup: comm=Xorg pid=549 prio=120 target_cpu=000
     InputThread-565     [002] d...  4916.701229: sched_switch: prev_comm=InputThread prev_pid=565 prev_prio=120 prev_state=S ==> next_comm=swapper/2 next_pid=0 next_prio=120
          <idle>-0       [000] d...  4916.701232: sched_switch: prev_comm=swapper/0 prev_pid=0 prev_prio=120 prev_state=R ==> next_comm=Xorg next_pid=549 next_prio=120
            Xorg-549     [000] dn..  4916.701338: sched_wakeup: comm=pcmanfm pid=701 prio=120 target_cpu=000
            Xorg-549     [000] d...  4916.701350: sched_switch: prev_comm=Xorg prev_pid=549 prev_prio=120 prev_state=R ==> next_comm=pcmanfm next_pid=701 next_prio=120
         pcmanfm-701     [000] d...  4916.701567: sched_switch: prev_comm=pcmanfm prev_pid=701 prev_prio=120 prev_state=S ==> next_comm=Xorg next_pid=549 next_prio=120
            Xorg-549     [000] dn..  4916.701656: sched_wakeup: comm=pcmanfm pid=701 prio=120 target_cpu=000
            Xorg-549     [000] d...  4916.701668: sched_switch: prev_comm=Xorg prev_pid=549 prev_prio=120 prev_state=R ==> next_comm=pcmanfm next_pid=701 next_prio=120
         pcmanfm-701     [000] d...  4916.701886: sched_switch: prev_comm=pcmanfm prev_pid=701 prev_prio=120 prev_state=S ==> next_comm=Xorg next_pid=549 next_prio=120
            Xorg-549     [000] d...  4916.701942: sched_switch: prev_comm=Xorg prev_pid=549 prev_prio=120 prev_state=S ==> next_comm=swapper/0 next_pid=0 next_prio=120
          <idle>-0       [001] dnh.  4916.716906: sched_wakeup: comm=thd pid=373 prio=120 target_cpu=001
          <idle>-0       [002] dnh.  4916.716912: sched_wakeup: comm=InputThread pid=565 prio=120 target_cpu=002
          <idle>-0       [002] d...  4916.716934: sched_switch: prev_comm=swapper/2 prev_pid=0 prev_prio=120 prev_state=R ==> next_comm=InputThread next_pid=565 next_prio=120
          <idle>-0       [001] d...  4916.716941: sched_switch: prev_comm=swapper/1 prev_pid=0 prev_prio=120 prev_state=R ==> next_comm=thd next_pid=373 next_prio=120
             thd-373     [001] d...  4916.717033: sched_switch: prev_comm=thd prev_pid=373 prev_prio=120 prev_state=S ==> next_comm=swapper/1 next_pid=0 next_prio=120
     InputThread-565     [002] d...  4916.717131: sched_switch: prev_comm=InputThread prev_pid=565 prev_prio=120 prev_state=D ==> next_comm=swapper/2 next_pid=0 next_prio=120
          <idle>-0       [002] dnh.  4916.717155: sched_wakeup: comm=InputThread pid=565 prio=120 target_cpu=002
          <idle>-0       [002] d...  4916.717174: sched_switch: prev_comm=swapper/2 prev_pid=0 prev_prio=120 prev_state=R ==> next_comm=InputThread next_pid=565 next_prio=120
          <idle>-0       [000] dnh.  4916.717254: sched_wakeup: comm=Xorg pid=549 prio=120 target_cpu=000
          <idle>-0       [000] d...  4916.717275: sched_switch: prev_comm=swapper/0 prev_pid=0 prev_prio=120 prev_state=R ==> next_comm=Xorg next_pid=549 next_prio=120
     InputThread-565     [002] d...  4916.717275: sched_switch: prev_comm=InputThread prev_pid=565 prev_prio=120 prev_state=S ==> next_comm=swapper/2 next_pid=0 next_prio=120
            Xorg-549     [000] dn..  4916.717383: sched_wakeup: comm=pcmanfm pid=701 prio=120 target_cpu=000
            Xorg-549     [000] d...  4916.717396: sched_switch: prev_comm=Xorg prev_pid=549 prev_prio=120 prev_state=R ==> next_comm=pcmanfm next_pid=701 next_prio=120
         pcmanfm-701     [000] d...  4916.717614: sched_switch: prev_comm=pcmanfm prev_pid=701 prev_prio=120 prev_state=S ==> next_comm=Xorg next_pid=549 next_prio=120
            Xorg-549     [000] dn..  4916.717704: sched_wakeup: comm=pcmanfm pid=701 prio=120 target_cpu=000
            Xorg-549     [000] d...  4916.717716: sched_switch: prev_comm=Xorg prev_pid=549 prev_prio=120 prev_state=R ==> next_comm=pcmanfm next_pid=701 next_prio=120
         pcmanfm-701     [000] d...  4916.717939: sched_switch: prev_comm=pcmanfm prev_pid=701 prev_prio=120 prev_state=S ==> next_comm=Xorg next_pid=549 next_prio=120
            Xorg-549     [000] d...  4916.718005: sched_switch: prev_comm=Xorg prev_pid=549 prev_prio=120 prev_state=S ==> next_comm=swapper/0 next_pid=0 next_prio=120
          <idle>-0       [001] dnh.  4916.732877: sched_wakeup: comm=thd pid=373 prio=120 target_cpu=001
          <idle>-0       [002] dnh.  4916.732882: sched_wakeup: comm=InputThread pid=565 prio=120 target_cpu=002
          <idle>-0       [001] d...  4916.732895: sched_switch: prev_comm=swapper/1 prev_pid=0 prev_prio=120 prev_state=R ==> next_comm=thd next_pid=373 next_prio=120
          <idle>-0       [002] d...  4916.732902: sched_switch: prev_comm=swapper/2 prev_pid=0 prev_prio=120 prev_state=R ==> next_comm=InputThread next_pid=565 next_prio=120
             thd-373     [001] d...  4916.732966: sched_switch: prev_comm=thd prev_pid=373 prev_prio=120 prev_state=S ==> next_comm=swapper/1 next_pid=0 next_prio=120
     InputThread-565     [002] d...  4916.733089: sched_switch: prev_comm=InputThread prev_pid=565 prev_prio=120 prev_state=D ==> next_comm=swapper/2 next_pid=0 next_prio=120
          <idle>-0       [002] dnh.  4916.733114: sched_wakeup: comm=InputThread pid=565 prio=120 target_cpu=002
          <idle>-0       [002] d...  4916.733133: sched_switch: prev_comm=swapper/2 prev_pid=0 prev_prio=120 prev_state=R ==> next_comm=InputThread next_pid=565 next_prio=120
          <idle>-0       [000] dnh.  4916.733211: sched_wakeup: comm=Xorg pid=549 prio=120 target_cpu=000
     InputThread-565     [002] d...  4916.733229: sched_switch: prev_comm=InputThread prev_pid=565 prev_prio=120 prev_state=S ==> next_comm=swapper/2 next_pid=0 next_prio=120
          <idle>-0       [000] d...  4916.733232: sched_switch: prev_comm=swapper/0 prev_pid=0 prev_prio=120 prev_state=R ==> next_comm=Xorg next_pid=549 next_prio=120
            Xorg-549     [000] dn..  4916.733336: sched_wakeup: comm=pcmanfm pid=701 prio=120 target_cpu=000
            Xorg-549     [000] d...  4916.733349: sched_switch: prev_comm=Xorg prev_pid=549 prev_prio=120 prev_state=R ==> next_comm=pcmanfm next_pid=701 next_prio=120
         pcmanfm-701     [000] d...  4916.733565: sched_switch: prev_comm=pcmanfm prev_pid=701 prev_prio=120 prev_state=S ==> next_comm=Xorg next_pid=549 next_prio=120
            Xorg-549     [000] dn..  4916.733654: sched_wakeup: comm=pcmanfm pid=701 prio=120 target_cpu=000
            Xorg-549     [000] d...  4916.733665: sched_switch: prev_comm=Xorg prev_pid=549 prev_prio=120 prev_state=R ==> next_comm=pcmanfm next_pid=701 next_prio=120
         pcmanfm-701     [000] d...  4916.733887: sched_switch: prev_comm=pcmanfm prev_pid=701 prev_prio=120 prev_state=S ==> next_comm=Xorg next_pid=549 next_prio=120
            Xorg-549     [000] d...  4916.733947: sched_switch: prev_comm=Xorg prev_pid=549 prev_prio=120 prev_state=S ==> next_comm=swapper/0 next_pid=0 next_prio=120
          <idle>-0       [001] dnh.  4916.748879: sched_wakeup: comm=thd pid=373 prio=120 target_cpu=001
          <idle>-0       [002] dnh.  4916.748885: sched_wakeup: comm=InputThread pid=565 prio=120 target_cpu=002
          <idle>-0       [001] d...  4916.748897: sched_switch: prev_comm=swapper/1 prev_pid=0 prev_prio=120 prev_state=R ==> next_comm=thd next_pid=373 next_prio=120
          <idle>-0       [002] d...  4916.748905: sched_switch: prev_comm=swapper/2 prev_pid=0 prev_prio=120 prev_state=R ==> next_comm=InputThread next_pid=565 next_prio=120
             thd-373     [001] d...  4916.748968: sched_switch: prev_comm=thd prev_pid=373 prev_prio=120 prev_state=S ==> next_comm=swapper/1 next_pid=0 next_prio=120
     InputThread-565     [002] d...  4916.749080: sched_switch: prev_comm=InputThread prev_pid=565 prev_prio=120 prev_state=D ==> next_comm=swapper/2 next_pid=0 next_prio=120
          <idle>-0       [002] dnh.  4916.749104: sched_wakeup: comm=InputThread pid=565 prio=120 target_cpu=002
          <idle>-0       [002] d...  4916.749123: sched_switch: prev_comm=swapper/2 prev_pid=0 prev_prio=120 prev_state=R ==> next_comm=InputThread next_pid=565 next_prio=120
          <idle>-0       [000] dnh.  4916.749197: sched_wakeup: comm=Xorg pid=549 prio=120 target_cpu=000
     InputThread-565     [002] d...  4916.749215: sched_switch: prev_comm=InputThread prev_pid=565 prev_prio=120 prev_state=S ==> next_comm=swapper/2 next_pid=0 next_prio=120
          <idle>-0       [000] d...  4916.749219: sched_switch: prev_comm=swapper/0 prev_pid=0 prev_prio=120 prev_state=R ==> next_comm=Xorg next_pid=549 next_prio=120
            Xorg-549     [000] dn..  4916.749323: sched_wakeup: comm=pcmanfm pid=701 prio=120 target_cpu=000
            Xorg-549     [000] d...  4916.749336: sched_switch: prev_comm=Xorg prev_pid=549 prev_prio=120 prev_state=R ==> next_comm=pcmanfm next_pid=701 next_prio=120
         pcmanfm-701     [000] d...  4916.749552: sched_switch: prev_comm=pcmanfm prev_pid=701 prev_prio=120 prev_state=S ==> next_comm=Xorg next_pid=549 next_prio=120
            Xorg-549     [000] dn..  4916.749641: sched_wakeup: comm=pcmanfm pid=701 prio=120 target_cpu=000
            Xorg-549     [000] d...  4916.749652: sched_switch: prev_comm=Xorg prev_pid=549 prev_prio=120 prev_state=R ==> next_comm=pcmanfm next_pid=701 next_prio=120
         pcmanfm-701     [000] d...  4916.749874: sched_switch: prev_comm=pcmanfm prev_pid=701 prev_prio=120 prev_state=S ==> next_comm=Xorg next_pid=549 next_prio=120
            Xorg-549     [000] d...  4916.749935: sched_switch: prev_comm=Xorg prev_pid=549 prev_prio=120 prev_state=S ==> next_comm=swapper/0 next_pid=0 next_prio=120
          <idle>-0       [001] dnh.  4916.764883: sched_wakeup: comm=thd pid=373 prio=120 target_cpu=001
          <idle>-0       [002] dnh.  4916.764886: sched_wakeup: comm=InputThread pid=565 prio=120 target_cpu=002
          <idle>-0       [001] d...  4916.764902: sched_switch: prev_comm=swapper/1 prev_pid=0 prev_prio=120 prev_state=R ==> next_comm=thd next_pid=373 next_prio=120
          <idle>-0       [002] d...  4916.764905: sched_switch: prev_comm=swapper/2 prev_pid=0 prev_prio=120 prev_state=R ==> next_comm=InputThread next_pid=565 next_prio=120
             thd-373     [001] d...  4916.764973: sched_switch: prev_comm=thd prev_pid=373 prev_prio=120 prev_state=S ==> next_comm=swapper/1 next_pid=0 next_prio=120
     InputThread-565     [002] d...  4916.765081: sched_switch: prev_comm=InputThread prev_pid=565 prev_prio=120 prev_state=D ==> next_comm=swapper/2 next_pid=0 next_prio=120
          <idle>-0       [002] dnh.  4916.765105: sched_wakeup: comm=InputThread pid=565 prio=120 target_cpu=002
          <idle>-0       [002] d...  4916.765124: sched_switch: prev_comm=swapper/2 prev_pid=0 prev_prio=120 prev_state=R ==> next_comm=InputThread next_pid=565 next_prio=120
          <idle>-0       [000] dnh.  4916.765199: sched_wakeup: comm=Xorg pid=549 prio=120 target_cpu=000
     InputThread-565     [002] d...  4916.765217: sched_switch: prev_comm=InputThread prev_pid=565 prev_prio=120 prev_state=S ==> next_comm=swapper/2 next_pid=0 next_prio=120
          <idle>-0       [000] d...  4916.765221: sched_switch: prev_comm=swapper/0 prev_pid=0 prev_prio=120 prev_state=R ==> next_comm=Xorg next_pid=549 next_prio=120
            Xorg-549     [000] dn..  4916.765317: sched_wakeup: comm=pcmanfm pid=701 prio=120 target_cpu=000
            Xorg-549     [000] d...  4916.765330: sched_switch: prev_comm=Xorg prev_pid=549 prev_prio=120 prev_state=R ==> next_comm=pcmanfm next_pid=701 next_prio=120
         pcmanfm-701     [000] d...  4916.765533: sched_switch: prev_comm=pcmanfm prev_pid=701 prev_prio=120 prev_state=S ==> next_comm=Xorg next_pid=549 next_prio=120
            Xorg-549     [000] dn..  4916.765621: sched_wakeup: comm=pcmanfm pid=701 prio=120 target_cpu=000
            Xorg-549     [000] d...  4916.765633: sched_switch: prev_comm=Xorg prev_pid=549 prev_prio=120 prev_state=R ==> next_comm=pcmanfm next_pid=701 next_prio=120
         pcmanfm-701     [000] d...  4916.765838: sched_switch: prev_comm=pcmanfm prev_pid=701 prev_prio=120 prev_state=S ==> next_comm=Xorg next_pid=549 next_prio=120
            Xorg-549     [000] d...  4916.765927: sched_switch: prev_comm=Xorg prev_pid=549 prev_prio=120 prev_state=S ==> next_comm=swapper/0 next_pid=0 next_prio=120
          <idle>-0       [001] dnh.  4916.780917: sched_wakeup: comm=thd pid=373 prio=120 target_cpu=001
          <idle>-0       [002] dnh.  4916.780923: sched_wakeup: comm=InputThread pid=565 prio=120 target_cpu=002
          <idle>-0       [001] d...  4916.780935: sched_switch: prev_comm=swapper/1 prev_pid=0 prev_prio=120 prev_state=R ==> next_comm=thd next_pid=373 next_prio=120
          <idle>-0       [002] d...  4916.780943: sched_switch: prev_comm=swapper/2 prev_pid=0 prev_prio=120 prev_state=R ==> next_comm=InputThread next_pid=565 next_prio=120
             thd-373     [001] d...  4916.781006: sched_switch: prev_comm=thd prev_pid=373 prev_prio=120 prev_state=S ==> next_comm=swapper/1 next_pid=0 next_prio=120
     InputThread-565     [002] d...  4916.781116: sched_switch: prev_comm=InputThread prev_pid=565 prev_prio=120 prev_state=D ==> next_comm=swapper/2 next_pid=0 next_prio=120
          <idle>-0       [002] dnh.  4916.781141: sched_wakeup: comm=InputThread pid=565 prio=120 target_cpu=002
          <idle>-0       [002] d...  4916.781160: sched_switch: prev_comm=swapper/2 prev_pid=0 prev_prio=120 prev_state=R ==> next_comm=InputThread next_pid=565 next_prio=120
          <idle>-0       [000] dnh.  4916.781234: sched_wakeup: comm=Xorg pid=549 prio=120 target_cpu=000
          <idle>-0       [000] d...  4916.781249: sched_switch: prev_comm=swapper/0 prev_pid=0 prev_prio=120 prev_state=R ==> next_comm=Xorg next_pid=549 next_prio=120
     InputThread-565     [002] d...  4916.781254: sched_switch: prev_comm=InputThread prev_pid=565 prev_prio=120 prev_state=S ==> next_comm=swapper/2 next_pid=0 next_prio=120
            Xorg-549     [000] dn..  4916.781348: sched_wakeup: comm=pcmanfm pid=701 prio=120 target_cpu=000
            Xorg-549     [000] d...  4916.781361: sched_switch: prev_comm=Xorg prev_pid=549 prev_prio=120 prev_state=R ==> next_comm=pcmanfm next_pid=701 next_prio=120
         pcmanfm-701     [000] d...  4916.781562: sched_switch: prev_comm=pcmanfm prev_pid=701 prev_prio=120 prev_state=S ==> next_comm=Xorg next_pid=549 next_prio=120
            Xorg-549     [000] dn..  4916.781649: sched_wakeup: comm=pcmanfm pid=701 prio=120 target_cpu=000
            Xorg-549     [000] d...  4916.781660: sched_switch: prev_comm=Xorg prev_pid=549 prev_prio=120 prev_state=R ==> next_comm=pcmanfm next_pid=701 next_prio=120
         pcmanfm-701     [000] d...  4916.781868: sched_switch: prev_comm=pcmanfm prev_pid=701 prev_prio=120 prev_state=S ==> next_comm=Xorg next_pid=549 next_prio=120
            Xorg-549     [000] d...  4916.781924: sched_switch: prev_comm=Xorg prev_pid=549 prev_prio=120 prev_state=S ==> next_comm=swapper/0 next_pid=0 next_prio=120
          <idle>-0       [001] dnh.  4916.796921: sched_wakeup: comm=thd pid=373 prio=120 target_cpu=001
          <idle>-0       [002] dnh.  4916.796928: sched_wakeup: comm=InputThread pid=565 prio=120 target_cpu=002
          <idle>-0       [001] d...  4916.796940: sched_switch: prev_comm=swapper/1 prev_pid=0 prev_prio=120 prev_state=R ==> next_comm=thd next_pid=373 next_prio=120
          <idle>-0       [002] d...  4916.796947: sched_switch: prev_comm=swapper/2 prev_pid=0 prev_prio=120 prev_state=R ==> next_comm=InputThread next_pid=565 next_prio=120
             thd-373     [001] d...  4916.797012: sched_switch: prev_comm=thd prev_pid=373 prev_prio=120 prev_state=S ==> next_comm=swapper/1 next_pid=0 next_prio=120
     InputThread-565     [002] d...  4916.797139: sched_switch: prev_comm=InputThread prev_pid=565 prev_prio=120 prev_state=D ==> next_comm=swapper/2 next_pid=0 next_prio=120
          <idle>-0       [002] dnh.  4916.797163: sched_wakeup: comm=InputThread pid=565 prio=120 target_cpu=002
          <idle>-0       [002] d...  4916.797182: sched_switch: prev_comm=swapper/2 prev_pid=0 prev_prio=120 prev_state=R ==> next_comm=InputThread next_pid=565 next_prio=120
          <idle>-0       [000] dnh.  4916.797258: sched_wakeup: comm=Xorg pid=549 prio=120 target_cpu=000
     InputThread-565     [002] d...  4916.797275: sched_switch: prev_comm=InputThread prev_pid=565 prev_prio=120 prev_state=S ==> next_comm=swapper/2 next_pid=0 next_prio=120
          <idle>-0       [000] d...  4916.797279: sched_switch: prev_comm=swapper/0 prev_pid=0 prev_prio=120 prev_state=R ==> next_comm=Xorg next_pid=549 next_prio=120
            Xorg-549     [000] dn..  4916.797373: sched_wakeup: comm=pcmanfm pid=701 prio=120 target_cpu=000
            Xorg-549     [000] d...  4916.797385: sched_switch: prev_comm=Xorg prev_pid=549 prev_prio=120 prev_state=R ==> next_comm=pcmanfm next_pid=701 next_prio=120
         pcmanfm-701     [000] d...  4916.797590: sched_switch: prev_comm=pcmanfm prev_pid=701 prev_prio=120 prev_state=S ==> next_comm=Xorg next_pid=549 next_prio=120
            Xorg-549     [000] dn..  4916.797676: sched_wakeup: comm=pcmanfm pid=701 prio=120 target_cpu=000
            Xorg-549     [000] d...  4916.797688: sched_switch: prev_comm=Xorg prev_pid=549 prev_prio=120 prev_state=R ==> next_comm=pcmanfm next_pid=701 next_prio=120
         pcmanfm-701     [000] d...  4916.797898: sched_switch: prev_comm=pcmanfm prev_pid=701 prev_prio=120 prev_state=S ==> next_comm=Xorg next_pid=549 next_prio=120
            Xorg-549     [000] d...  4916.797960: sched_switch: prev_comm=Xorg prev_pid=549 prev_prio=120 prev_state=S ==> next_comm=swapper/0 next_pid=0 next_prio=120
          <idle>-0       [001] dnh.  4916.812924: sched_wakeup: comm=thd pid=373 prio=120 target_cpu=001
          <idle>-0       [002] dnh.  4916.812929: sched_wakeup: comm=InputThread pid=565 prio=120 target_cpu=002
          <idle>-0       [001] dnh.  4916.812935: sched_wakeup: comm=kworker/1:1 pid=1310 prio=120 target_cpu=001
          <idle>-0       [002] d...  4916.812948: sched_switch: prev_comm=swapper/2 prev_pid=0 prev_prio=120 prev_state=R ==> next_comm=InputThread next_pid=565 next_prio=120
          <idle>-0       [001] d...  4916.812953: sched_switch: prev_comm=swapper/1 prev_pid=0 prev_prio=120 prev_state=R ==> next_comm=kworker/1:1 next_pid=1310 next_prio=120
     kworker/1:1-1310    [001] d...  4916.812977: sched_switch: prev_comm=kworker/1:1 prev_pid=1310 prev_prio=120 prev_state=I ==> next_comm=thd next_pid=373 next_prio=120
             thd-373     [001] d...  4916.813064: sched_switch: prev_comm=thd prev_pid=373 prev_prio=120 prev_state=S ==> next_comm=swapper/1 next_pid=0 next_prio=120
     InputThread-565     [002] d...  4916.813136: sched_switch: prev_comm=InputThread prev_pid=565 prev_prio=120 prev_state=D ==> next_comm=swapper/2 next_pid=0 next_prio=120
          <idle>-0       [002] dnh.  4916.813161: sched_wakeup: comm=InputThread pid=565 prio=120 target_cpu=002
          <idle>-0       [002] d...  4916.813180: sched_switch: prev_comm=swapper/2 prev_pid=0 prev_prio=120 prev_state=R ==> next_comm=InputThread next_pid=565 next_prio=120
          <idle>-0       [000] dnh.  4916.813255: sched_wakeup: comm=Xorg pid=549 prio=120 target_cpu=000
     InputThread-565     [002] d...  4916.813275: sched_switch: prev_comm=InputThread prev_pid=565 prev_prio=120 prev_state=S ==> next_comm=swapper/2 next_pid=0 next_prio=120
          <idle>-0       [000] d...  4916.813276: sched_switch: prev_comm=swapper/0 prev_pid=0 prev_prio=120 prev_state=R ==> next_comm=Xorg next_pid=549 next_prio=120
            Xorg-549     [000] dn..  4916.813384: sched_wakeup: comm=pcmanfm pid=701 prio=120 target_cpu=000
            Xorg-549     [000] d...  4916.813399: sched_switch: prev_comm=Xorg prev_pid=549 prev_prio=120 prev_state=R ==> next_comm=pcmanfm next_pid=701 next_prio=120
         pcmanfm-701     [000] d...  4916.813629: sched_switch: prev_comm=pcmanfm prev_pid=701 prev_prio=120 prev_state=S ==> next_comm=Xorg next_pid=549 next_prio=120
            Xorg-549     [000] d...  4916.813718: sched_wakeup: comm=pcmanfm pid=701 prio=120 target_cpu=000
            Xorg-549     [000] d...  4916.813758: sched_switch: prev_comm=Xorg prev_pid=549 prev_prio=120 prev_state=S ==> next_comm=pcmanfm next_pid=701 next_prio=120
         pcmanfm-701     [000] d...  4916.813984: sched_switch: prev_comm=pcmanfm prev_pid=701 prev_prio=120 prev_state=S ==> next_comm=swapper/0 next_pid=0 next_prio=120
          <idle>-0       [001] dnh.  4916.828931: sched_wakeup: comm=thd pid=373 prio=120 target_cpu=001
          <idle>-0       [002] dnh.  4916.828938: sched_wakeup: comm=InputThread pid=565 prio=120 target_cpu=002
          <idle>-0       [001] d...  4916.828951: sched_switch: prev_comm=swapper/1 prev_pid=0 prev_prio=120 prev_state=R ==> next_comm=thd next_pid=373 next_prio=120
          <idle>-0       [002] d...  4916.828958: sched_switch: prev_comm=swapper/2 prev_pid=0 prev_prio=120 prev_state=R ==> next_comm=InputThread next_pid=565 next_prio=120
             thd-373     [001] d...  4916.829027: sched_switch: prev_comm=thd prev_pid=373 prev_prio=120 prev_state=S ==> next_comm=swapper/1 next_pid=0 next_prio=120
     InputThread-565     [002] d...  4916.829146: sched_switch: prev_comm=InputThread prev_pid=565 prev_prio=120 prev_state=D ==> next_comm=swapper/2 next_pid=0 next_prio=120
          <idle>-0       [002] dnh.  4916.829170: sched_wakeup: comm=InputThread pid=565 prio=120 target_cpu=002
          <idle>-0       [002] d...  4916.829190: sched_switch: prev_comm=swapper/2 prev_pid=0 prev_prio=120 prev_state=R ==> next_comm=InputThread next_pid=565 next_prio=120
          <idle>-0       [000] dnh.  4916.829271: sched_wakeup: comm=Xorg pid=549 prio=120 target_cpu=000
     InputThread-565     [002] d...  4916.829288: sched_switch: prev_comm=InputThread prev_pid=565 prev_prio=120 prev_state=S ==> next_comm=swapper/2 next_pid=0 next_prio=120
          <idle>-0       [000] d...  4916.829292: sched_switch: prev_comm=swapper/0 prev_pid=0 prev_prio=120 prev_state=R ==> next_comm=Xorg next_pid=549 next_prio=120
            Xorg-549     [000] d...  4916.829403: sched_wakeup: comm=pcmanfm pid=701 prio=120 target_cpu=000
            Xorg-549     [000] d...  4916.829452: sched_switch: prev_comm=Xorg prev_pid=549 prev_prio=120 prev_state=S ==> next_comm=pcmanfm next_pid=701 next_prio=120
         pcmanfm-701     [000] d...  4916.829698: sched_wakeup: comm=Xorg pid=549 prio=120 target_cpu=000
         pcmanfm-701     [000] d...  4916.829721: sched_switch: prev_comm=pcmanfm prev_pid=701 prev_prio=120 prev_state=S ==> next_comm=Xorg next_pid=549 next_prio=120
            Xorg-549     [000] d...  4916.829790: sched_wakeup: comm=pcmanfm pid=701 prio=120 target_cpu=000
            Xorg-549     [000] d...  4916.829831: sched_switch: prev_comm=Xorg prev_pid=549 prev_prio=120 prev_state=S ==> next_comm=pcmanfm next_pid=701 next_prio=120
         pcmanfm-701     [000] d...  4916.830069: sched_switch: prev_comm=pcmanfm prev_pid=701 prev_prio=120 prev_state=S ==> next_comm=swapper/0 next_pid=0 next_prio=120
          <idle>-0       [001] dnh.  4916.844967: sched_wakeup: comm=thd pid=373 prio=120 target_cpu=001
          <idle>-0       [002] dnh.  4916.844973: sched_wakeup: comm=InputThread pid=565 prio=120 target_cpu=002
          <idle>-0       [001] d...  4916.844985: sched_switch: prev_comm=swapper/1 prev_pid=0 prev_prio=120 prev_state=R ==> next_comm=thd next_pid=373 next_prio=120
          <idle>-0       [002] d...  4916.844993: sched_switch: prev_comm=swapper/2 prev_pid=0 prev_prio=120 prev_state=R ==> next_comm=InputThread next_pid=565 next_prio=120
             thd-373     [001] d...  4916.845056: sched_switch: prev_comm=thd prev_pid=373 prev_prio=120 prev_state=S ==> next_comm=swapper/1 next_pid=0 next_prio=120
     InputThread-565     [002] d...  4916.845180: sched_switch: prev_comm=InputThread prev_pid=565 prev_prio=120 prev_state=D ==> next_comm=swapper/2 next_pid=0 next_prio=120
          <idle>-0       [002] dnh.  4916.845206: sched_wakeup: comm=InputThread pid=565 prio=120 target_cpu=002
          <idle>-0       [002] d...  4916.845225: sched_switch: prev_comm=swapper/2 prev_pid=0 prev_prio=120 prev_state=R ==> next_comm=InputThread next_pid=565 next_prio=120
          <idle>-0       [000] dnh.  4916.845300: sched_wakeup: comm=Xorg pid=549 prio=120 target_cpu=000
     InputThread-565     [002] d...  4916.845319: sched_switch: prev_comm=InputThread prev_pid=565 prev_prio=120 prev_state=S ==> next_comm=swapper/2 next_pid=0 next_prio=120
          <idle>-0       [000] d...  4916.845321: sched_switch: prev_comm=swapper/0 prev_pid=0 prev_prio=120 prev_state=R ==> next_comm=Xorg next_pid=549 next_prio=120
            Xorg-549     [000] d...  4916.845431: sched_wakeup: comm=pcmanfm pid=701 prio=120 target_cpu=000
            Xorg-549     [000] d...  4916.845481: sched_switch: prev_comm=Xorg prev_pid=549 prev_prio=120 prev_state=S ==> next_comm=pcmanfm next_pid=701 next_prio=120
         pcmanfm-701     [000] d...  4916.845687: sched_wakeup: comm=Xorg pid=549 prio=120 target_cpu=000
         pcmanfm-701     [000] d...  4916.845710: sched_switch: prev_comm=pcmanfm prev_pid=701 prev_prio=120 prev_state=S ==> next_comm=Xorg next_pid=549 next_prio=120
            Xorg-549     [000] d...  4916.845782: sched_wakeup: comm=pcmanfm pid=701 prio=120 target_cpu=000
            Xorg-549     [000] d...  4916.845823: sched_switch: prev_comm=Xorg prev_pid=549 prev_prio=120 prev_state=S ==> next_comm=pcmanfm next_pid=701 next_prio=120
         pcmanfm-701     [000] d...  4916.846055: sched_switch: prev_comm=pcmanfm prev_pid=701 prev_prio=120 prev_state=S ==> next_comm=swapper/0 next_pid=0 next_prio=120
          <idle>-0       [001] dnh.  4916.860937: sched_wakeup: comm=thd pid=373 prio=120 target_cpu=001
          <idle>-0       [002] dnh.  4916.860943: sched_wakeup: comm=InputThread pid=565 prio=120 target_cpu=002
          <idle>-0       [001] d...  4916.860955: sched_switch: prev_comm=swapper/1 prev_pid=0 prev_prio=120 prev_state=R ==> next_comm=thd next_pid=373 next_prio=120
          <idle>-0       [002] d...  4916.860962: sched_switch: prev_comm=swapper/2 prev_pid=0 prev_prio=120 prev_state=R ==> next_comm=InputThread next_pid=565 next_prio=120
             thd-373     [001] d...  4916.861026: sched_switch: prev_comm=thd prev_pid=373 prev_prio=120 prev_state=S ==> next_comm=swapper/1 next_pid=0 next_prio=120
     InputThread-565     [002] d...  4916.861152: sched_switch: prev_comm=InputThread prev_pid=565 prev_prio=120 prev_state=D ==> next_comm=swapper/2 next_pid=0 next_prio=120
          <idle>-0       [002] dnh.  4916.861177: sched_wakeup: comm=InputThread pid=565 prio=120 target_cpu=002
          <idle>-0       [002] d...  4916.861196: sched_switch: prev_comm=swapper/2 prev_pid=0 prev_prio=120 prev_state=R ==> next_comm=InputThread next_pid=565 next_prio=120
          <idle>-0       [000] dnh.  4916.861272: sched_wakeup: comm=Xorg pid=549 prio=120 target_cpu=000
     InputThread-565     [002] d...  4916.861289: sched_switch: prev_comm=InputThread prev_pid=565 prev_prio=120 prev_state=S ==> next_comm=swapper/2 next_pid=0 next_prio=120
          <idle>-0       [000] d...  4916.861293: sched_switch: prev_comm=swapper/0 prev_pid=0 prev_prio=120 prev_state=R ==> next_comm=Xorg next_pid=549 next_prio=120
            Xorg-549     [000] d...  4916.861402: sched_wakeup: comm=pcmanfm pid=701 prio=120 target_cpu=000
            Xorg-549     [000] d...  4916.861450: sched_switch: prev_comm=Xorg prev_pid=549 prev_prio=120 prev_state=S ==> next_comm=pcmanfm next_pid=701 next_prio=120
         pcmanfm-701     [000] d...  4916.861654: sched_wakeup: comm=Xorg pid=549 prio=120 target_cpu=000
         pcmanfm-701     [000] d...  4916.861678: sched_switch: prev_comm=pcmanfm prev_pid=701 prev_prio=120 prev_state=S ==> next_comm=Xorg next_pid=549 next_prio=120
            Xorg-549     [000] d...  4916.861745: sched_wakeup: comm=pcmanfm pid=701 prio=120 target_cpu=000
            Xorg-549     [000] d...  4916.861784: sched_switch: prev_comm=Xorg prev_pid=549 prev_prio=120 prev_state=S ==> next_comm=pcmanfm next_pid=701 next_prio=120
         pcmanfm-701     [000] d...  4916.862018: sched_switch: prev_comm=pcmanfm prev_pid=701 prev_prio=120 prev_state=S ==> next_comm=swapper/0 next_pid=0 next_prio=120
          <idle>-0       [000] dns.  4916.874863: sched_wakeup: comm=kcompactd0 pid=39 prio=120 target_cpu=000
