          <idle>-0       [003] d...  3711.689671: sched_switch: prev_comm=swapper/3 prev_pid=0 prev_prio=120 prev_state=R ==> next_comm=dbus-daemon next_pid=676 next_prio=120
          <idle>-0       [000] dnh.  3711.689824: sched_wakeup: comm=Xorg pid=553 prio=120 target_cpu=000
          <idle>-0       [000] d...  3711.689843: sched_switch: prev_comm=swapper/0 prev_pid=0 prev_prio=120 prev_state=R ==> next_comm=Xorg next_pid=553 next_prio=120
          <idle>-0       [002] dnh.  3711.689852: sched_wakeup: comm=gdbus pid=1030 prio=120 target_cpu=002
          <idle>-0       [002] d...  3711.689871: sched_switch: prev_comm=swapper/2 prev_pid=0 prev_prio=120 prev_state=R ==> next_comm=gdbus next_pid=1030 next_prio=120
     dbus-daemon-676     [003] d...  3711.689877: sched_switch: prev_comm=dbus-daemon prev_pid=676 prev_prio=120 prev_state=S ==> next_comm=swapper/3 next_pid=0 next_prio=120
           fcitx-666     [001] d...  3711.689896: sched_switch: prev_comm=fcitx prev_pid=666 prev_prio=120 prev_state=S ==> next_comm=swapper/1 next_pid=0 next_prio=120
            Xorg-553     [000] dn..  3711.689939: sched_wakeup: comm=lxpanel pid=704 prio=120 target_cpu=000
            Xorg-553     [000] d...  3711.689952: sched_switch: prev_comm=Xorg prev_pid=553 prev_prio=120 prev_state=R ==> next_comm=lxpanel next_pid=704 next_prio=120
         lxpanel-704     [000] d...  3711.690135: sched_switch: prev_comm=lxpanel prev_pid=704 prev_prio=120 prev_state=S ==> next_comm=Xorg next_pid=553 next_prio=120
            Xorg-553     [000] dn..  3711.690176: sched_wakeup: comm=lxsession pid=606 prio=120 target_cpu=000
            Xorg-553     [000] d...  3711.690188: sched_switch: prev_comm=Xorg prev_pid=553 prev_prio=120 prev_state=R ==> next_comm=lxsession next_pid=606 next_prio=120
           gdbus-1030    [002] d...  3711.690288: sched_switch: prev_comm=gdbus prev_pid=1030 prev_prio=120 prev_state=S ==> next_comm=swapper/2 next_pid=0 next_prio=120
       lxsession-606     [000] d...  3711.690315: sched_switch: prev_comm=lxsession prev_pid=606 prev_prio=120 prev_state=S ==> next_comm=Xorg next_pid=553 next_prio=120
            Xorg-553     [000] d...  3711.690393: sched_switch: prev_comm=Xorg prev_pid=553 prev_prio=120 prev_state=S ==> next_comm=swapper/0 next_pid=0 next_prio=120
          <idle>-0       [003] dnh.  3711.703105: sched_wakeup: comm=lxterminal pid=1024 prio=120 target_cpu=003
          <idle>-0       [003] d...  3711.703128: sched_switch: prev_comm=swapper/3 prev_pid=0 prev_prio=120 prev_state=R ==> next_comm=lxterminal next_pid=1024 next_prio=120
          <idle>-0       [000] dnh.  3711.704108: sched_wakeup: comm=Xorg pid=553 prio=120 target_cpu=000
          <idle>-0       [000] d...  3711.704132: sched_switch: prev_comm=swapper/0 prev_pid=0 prev_prio=120 prev_state=R ==> next_comm=Xorg next_pid=553 next_prio=120
      lxterminal-1024    [003] d...  3711.704170: sched_switch: prev_comm=lxterminal prev_pid=1024 prev_prio=120 prev_state=S ==> next_comm=swapper/3 next_pid=0 next_prio=120
          <idle>-0       [001] dns.  3711.705828: sched_wakeup: comm=rcu_sched pid=12 prio=120 target_cpu=001
          <idle>-0       [001] d...  3711.705868: sched_switch: prev_comm=swapper/1 prev_pid=0 prev_prio=120 prev_state=R ==> next_comm=rcu_sched next_pid=12 next_prio=120
       rcu_sched-12      [001] d...  3711.705903: sched_switch: prev_comm=rcu_sched prev_pid=12 prev_prio=120 prev_state=I ==> next_comm=swapper/1 next_pid=0 next_prio=120
            Xorg-553     [000] d...  3711.706356: sched_switch: prev_comm=Xorg prev_pid=553 prev_prio=120 prev_state=D ==> next_comm=swapper/0 next_pid=0 next_prio=120
          <idle>-0       [000] d.h.  3711.709172: signal_generate: sig=14 errno=0 code=128 comm=Xorg pid=553 grp=1 res=0
          <idle>-0       [000] dnh.  3711.709574: sched_wakeup: comm=Xorg pid=553 prio=120 target_cpu=000
          <idle>-0       [000] d...  3711.709595: sched_switch: prev_comm=swapper/0 prev_pid=0 prev_prio=120 prev_state=R ==> next_comm=Xorg next_pid=553 next_prio=120
            Xorg-553     [000] d...  3711.709650: sched_switch: prev_comm=Xorg prev_pid=553 prev_prio=120 prev_state=D ==> next_comm=swapper/0 next_pid=0 next_prio=120
          <idle>-0       [000] dnh.  3711.709675: sched_wakeup: comm=Xorg pid=553 prio=120 target_cpu=000
          <idle>-0       [000] d...  3711.709695: sched_switch: prev_comm=swapper/0 prev_pid=0 prev_prio=120 prev_state=R ==> next_comm=Xorg next_pid=553 next_prio=120
          <idle>-0       [002] dnh.  3711.709771: sched_wakeup: comm=v3d_bin pid=230 prio=98 target_cpu=002
          <idle>-0       [001] dnh.  3711.709775: sched_wakeup: comm=v3d_render pid=235 prio=98 target_cpu=001
          <idle>-0       [001] d...  3711.709793: sched_switch: prev_comm=swapper/1 prev_pid=0 prev_prio=120 prev_state=R ==> next_comm=v3d_render next_pid=235 next_prio=98
          <idle>-0       [002] d...  3711.709794: sched_switch: prev_comm=swapper/2 prev_pid=0 prev_prio=120 prev_state=R ==> next_comm=v3d_bin next_pid=230 next_prio=98
            Xorg-553     [000] d...  3711.709801: signal_deliver: sig=14 errno=0 code=128 sa_handler=1af488 sa_flags=14000000
      v3d_render-235     [001] d...  3711.709839: sched_switch: prev_comm=v3d_render prev_pid=235 prev_prio=98 prev_state=S ==> next_comm=swapper/1 next_pid=0 next_prio=120
          <idle>-0       [001] dnh.  3711.709861: sched_wakeup: comm=v3d_render pid=235 prio=98 target_cpu=001
          <idle>-0       [001] d...  3711.709875: sched_switch: prev_comm=swapper/1 prev_pid=0 prev_prio=120 prev_state=R ==> next_comm=v3d_render next_pid=235 next_prio=98
         v3d_bin-230     [002] d...  3711.709880: sched_switch: prev_comm=v3d_bin prev_pid=230 prev_prio=98 prev_state=S ==> next_comm=swapper/2 next_pid=0 next_prio=120
      v3d_render-235     [001] d...  3711.709925: sched_switch: prev_comm=v3d_render prev_pid=235 prev_prio=98 prev_state=S ==> next_comm=swapper/1 next_pid=0 next_prio=120
          <idle>-0       [001] dnh.  3711.710027: sched_wakeup: comm=v3d_render pid=235 prio=98 target_cpu=001
          <idle>-0       [001] d...  3711.710041: sched_switch: prev_comm=swapper/1 prev_pid=0 prev_prio=120 prev_state=R ==> next_comm=v3d_render next_pid=235 next_prio=98
      v3d_render-235     [001] d...  3711.710081: sched_switch: prev_comm=v3d_render prev_pid=235 prev_prio=98 prev_state=S ==> next_comm=swapper/1 next_pid=0 next_prio=120
          <idle>-0       [002] dnh.  3711.710196: sched_wakeup: comm=v3d_bin pid=230 prio=98 target_cpu=002
          <idle>-0       [001] dnh.  3711.710206: sched_wakeup: comm=v3d_render pid=235 prio=98 target_cpu=001
          <idle>-0       [002] d...  3711.710210: sched_switch: prev_comm=swapper/2 prev_pid=0 prev_prio=120 prev_state=R ==> next_comm=v3d_bin next_pid=230 next_prio=98
          <idle>-0       [001] d...  3711.710220: sched_switch: prev_comm=swapper/1 prev_pid=0 prev_prio=120 prev_state=R ==> next_comm=v3d_render next_pid=235 next_prio=98
      v3d_render-235     [001] d...  3711.710255: sched_switch: prev_comm=v3d_render prev_pid=235 prev_prio=98 prev_state=S ==> next_comm=swapper/1 next_pid=0 next_prio=120
         v3d_bin-230     [002] d...  3711.710268: sched_switch: prev_comm=v3d_bin prev_pid=230 prev_prio=98 prev_state=S ==> next_comm=swapper/2 next_pid=0 next_prio=120
            Xorg-553     [000] d...  3711.710274: sched_switch: prev_comm=Xorg prev_pid=553 prev_prio=120 prev_state=S ==> next_comm=swapper/0 next_pid=0 next_prio=120
          <idle>-0       [001] dnh.  3711.710361: sched_wakeup: comm=v3d_render pid=235 prio=98 target_cpu=001
          <idle>-0       [002] dnh.  3711.710364: sched_wakeup: comm=v3d_bin pid=230 prio=98 target_cpu=002
          <idle>-0       [001] d...  3711.710374: sched_switch: prev_comm=swapper/1 prev_pid=0 prev_prio=120 prev_state=R ==> next_comm=v3d_render next_pid=235 next_prio=98
          <idle>-0       [002] d...  3711.710377: sched_switch: prev_comm=swapper/2 prev_pid=0 prev_prio=120 prev_state=R ==> next_comm=v3d_bin next_pid=230 next_prio=98
         v3d_bin-230     [002] d...  3711.710410: sched_switch: prev_comm=v3d_bin prev_pid=230 prev_prio=98 prev_state=S ==> next_comm=swapper/2 next_pid=0 next_prio=120
      v3d_render-235     [001] d...  3711.710422: sched_switch: prev_comm=v3d_render prev_pid=235 prev_prio=98 prev_state=S ==> next_comm=swapper/1 next_pid=0 next_prio=120
          <idle>-0       [000] dnh.  3711.711064: sched_wakeup: comm=Xorg pid=553 prio=120 target_cpu=000
          <idle>-0       [001] dnh.  3711.711074: sched_wakeup: comm=v3d_render pid=235 prio=98 target_cpu=001
          <idle>-0       [000] d...  3711.711085: sched_switch: prev_comm=swapper/0 prev_pid=0 prev_prio=120 prev_state=R ==> next_comm=Xorg next_pid=553 next_prio=120
          <idle>-0       [001] d...  3711.711088: sched_switch: prev_comm=swapper/1 prev_pid=0 prev_prio=120 prev_state=R ==> next_comm=v3d_render next_pid=235 next_prio=98
      v3d_render-235     [001] d...  3711.711127: sched_switch: prev_comm=v3d_render prev_pid=235 prev_prio=98 prev_state=S ==> next_comm=swapper/1 next_pid=0 next_prio=120
          <idle>-0       [002] dnh.  3711.711265: sched_wakeup: comm=v3d_bin pid=230 prio=98 target_cpu=002
          <idle>-0       [001] dnh.  3711.711274: sched_wakeup: comm=v3d_render pid=235 prio=98 target_cpu=001
          <idle>-0       [002] d...  3711.711279: sched_switch: prev_comm=swapper/2 prev_pid=0 prev_prio=120 prev_state=R ==> next_comm=v3d_bin next_pid=230 next_prio=98
          <idle>-0       [001] d...  3711.711287: sched_switch: prev_comm=swapper/1 prev_pid=0 prev_prio=120 prev_state=R ==> next_comm=v3d_render next_pid=235 next_prio=98
      v3d_render-235     [001] d...  3711.711323: sched_switch: prev_comm=v3d_render prev_pid=235 prev_prio=98 prev_state=S ==> next_comm=swapper/1 next_pid=0 next_prio=120
         v3d_bin-230     [002] d...  3711.711336: sched_switch: prev_comm=v3d_bin prev_pid=230 prev_prio=98 prev_state=S ==> next_comm=swapper/2 next_pid=0 next_prio=120
            Xorg-553     [000] d...  3711.711437: sched_switch: prev_comm=Xorg prev_pid=553 prev_prio=120 prev_state=S ==> next_comm=swapper/0 next_pid=0 next_prio=120
          <idle>-0       [001] dnh.  3711.711457: sched_wakeup: comm=v3d_render pid=235 prio=98 target_cpu=001
          <idle>-0       [002] dnh.  3711.711460: sched_wakeup: comm=v3d_bin pid=230 prio=98 target_cpu=002
          <idle>-0       [001] d...  3711.711471: sched_switch: prev_comm=swapper/1 prev_pid=0 prev_prio=120 prev_state=R ==> next_comm=v3d_render next_pid=235 next_prio=98
          <idle>-0       [002] d...  3711.711477: sched_switch: prev_comm=swapper/2 prev_pid=0 prev_prio=120 prev_state=R ==> next_comm=v3d_bin next_pid=230 next_prio=98
         v3d_bin-230     [002] d...  3711.711510: sched_switch: prev_comm=v3d_bin prev_pid=230 prev_prio=98 prev_state=S ==> next_comm=swapper/2 next_pid=0 next_prio=120
      v3d_render-235     [001] d...  3711.711519: sched_switch: prev_comm=v3d_render prev_pid=235 prev_prio=98 prev_state=S ==> next_comm=swapper/1 next_pid=0 next_prio=120
          <idle>-0       [001] dnh.  3711.712164: sched_wakeup: comm=v3d_render pid=235 prio=98 target_cpu=001
          <idle>-0       [001] d...  3711.712178: sched_switch: prev_comm=swapper/1 prev_pid=0 prev_prio=120 prev_state=R ==> next_comm=v3d_render next_pid=235 next_prio=98
      v3d_render-235     [001] d...  3711.712216: sched_switch: prev_comm=v3d_render prev_pid=235 prev_prio=98 prev_state=S ==> next_comm=swapper/1 next_pid=0 next_prio=120
          <idle>-0       [001] dnh.  3711.715848: sched_wakeup: comm=rcu_sched pid=12 prio=120 target_cpu=001
          <idle>-0       [001] d...  3711.715863: sched_switch: prev_comm=swapper/1 prev_pid=0 prev_prio=120 prev_state=R ==> next_comm=rcu_sched next_pid=12 next_prio=120
       rcu_sched-12      [001] d...  3711.715902: sched_switch: prev_comm=rcu_sched prev_pid=12 prev_prio=120 prev_state=I ==> next_comm=swapper/1 next_pid=0 next_prio=120
          <idle>-0       [003] dnh.  3711.734181: sched_wakeup: comm=lxterminal pid=1024 prio=120 target_cpu=003
          <idle>-0       [003] d...  3711.734204: sched_switch: prev_comm=swapper/3 prev_pid=0 prev_prio=120 prev_state=R ==> next_comm=lxterminal next_pid=1024 next_prio=120
      lxterminal-1024    [003] d...  3711.734354: sched_switch: prev_comm=lxterminal prev_pid=1024 prev_prio=120 prev_state=S ==> next_comm=swapper/3 next_pid=0 next_prio=120
          <idle>-0       [000] dns.  3711.735817: sched_wakeup: comm=kworker/0:1 pid=1079 prio=120 target_cpu=000
          <idle>-0       [001] dns.  3711.735818: sched_wakeup: comm=rcu_sched pid=12 prio=120 target_cpu=001
          <idle>-0       [001] d...  3711.735846: sched_switch: prev_comm=swapper/1 prev_pid=0 prev_prio=120 prev_state=R ==> next_comm=rcu_sched next_pid=12 next_prio=120
          <idle>-0       [000] d...  3711.735852: sched_switch: prev_comm=swapper/0 prev_pid=0 prev_prio=120 prev_state=R ==> next_comm=kworker/0:1 next_pid=1079 next_prio=120
     kworker/0:1-1079    [000] d...  3711.735875: sched_switch: prev_comm=kworker/0:1 prev_pid=1079 prev_prio=120 prev_state=I ==> next_comm=swapper/0 next_pid=0 next_prio=120
       rcu_sched-12      [001] d...  3711.735878: sched_switch: prev_comm=rcu_sched prev_pid=12 prev_prio=120 prev_state=I ==> next_comm=swapper/1 next_pid=0 next_prio=120
          <idle>-0       [002] dns.  3711.745819: sched_wakeup: comm=kworker/2:1 pid=34 prio=120 target_cpu=002
          <idle>-0       [001] dnH.  3711.745833: sched_wakeup: comm=rcu_sched pid=12 prio=120 target_cpu=001
          <idle>-0       [002] d...  3711.745864: sched_switch: prev_comm=swapper/2 prev_pid=0 prev_prio=120 prev_state=R ==> next_comm=kworker/2:1 next_pid=34 next_prio=120
          <idle>-0       [001] d...  3711.745865: sched_switch: prev_comm=swapper/1 prev_pid=0 prev_prio=120 prev_state=R ==> next_comm=rcu_sched next_pid=12 next_prio=120
     kworker/2:1-34      [002] d...  3711.745886: sched_switch: prev_comm=kworker/2:1 prev_pid=34 prev_prio=120 prev_state=I ==> next_comm=swapper/2 next_pid=0 next_prio=120
       rcu_sched-12      [001] d...  3711.745891: sched_switch: prev_comm=rcu_sched prev_pid=12 prev_prio=120 prev_state=I ==> next_comm=swapper/1 next_pid=0 next_prio=120
          <idle>-0       [001] dns.  3711.765821: sched_wakeup: comm=rcu_sched pid=12 prio=120 target_cpu=001
          <idle>-0       [001] d...  3711.765858: sched_switch: prev_comm=swapper/1 prev_pid=0 prev_prio=120 prev_state=R ==> next_comm=rcu_sched next_pid=12 next_prio=120
       rcu_sched-12      [001] d...  3711.765911: sched_switch: prev_comm=rcu_sched prev_pid=12 prev_prio=120 prev_state=I ==> next_comm=swapper/1 next_pid=0 next_prio=120
          <idle>-0       [000] dnh.  3711.774212: sched_wakeup: comm=lxpanel pid=704 prio=120 target_cpu=000
          <idle>-0       [000] dnh.  3711.774223: sched_wakeup: comm=kworker/0:1 pid=1079 prio=120 target_cpu=000
          <idle>-0       [000] d...  3711.774240: sched_switch: prev_comm=swapper/0 prev_pid=0 prev_prio=120 prev_state=R ==> next_comm=lxpanel next_pid=704 next_prio=120
         lxpanel-704     [000] d...  3711.774348: sched_switch: prev_comm=lxpanel prev_pid=704 prev_prio=120 prev_state=S ==> next_comm=kworker/0:1 next_pid=1079 next_prio=120
     kworker/0:1-1079    [000] d...  3711.774428: sched_switch: prev_comm=kworker/0:1 prev_pid=1079 prev_prio=120 prev_state=D ==> next_comm=swapper/0 next_pid=0 next_prio=120
          <idle>-0       [000] dnh.  3711.774439: sched_wakeup: comm=kworker/0:1 pid=1079 prio=120 target_cpu=000
          <idle>-0       [000] d...  3711.774448: sched_switch: prev_comm=swapper/0 prev_pid=0 prev_prio=120 prev_state=R ==> next_comm=kworker/0:1 next_pid=1079 next_prio=120
     kworker/0:1-1079    [000] d...  3711.774509: sched_switch: prev_comm=kworker/0:1 prev_pid=1079 prev_prio=120 prev_state=D ==> next_comm=swapper/0 next_pid=0 next_prio=120
          <idle>-0       [000] dns.  3711.775838: sched_wakeup: comm=kworker/0:3 pid=1101 prio=120 target_cpu=000
          <idle>-0       [000] d...  3711.775859: sched_switch: prev_comm=swapper/0 prev_pid=0 prev_prio=120 prev_state=R ==> next_comm=kworker/0:3 next_pid=1101 next_prio=120
     kworker/0:3-1101    [000] d...  3711.775886: sched_switch: prev_comm=kworker/0:3 prev_pid=1101 prev_prio=120 prev_state=I ==> next_comm=swapper/0 next_pid=0 next_prio=120
          <idle>-0       [000] dnh.  3711.777546: sched_wakeup: comm=kworker/0:1 pid=1079 prio=120 target_cpu=000
          <idle>-0       [000] d...  3711.777563: sched_switch: prev_comm=swapper/0 prev_pid=0 prev_prio=120 prev_state=R ==> next_comm=kworker/0:1 next_pid=1079 next_prio=120
     kworker/0:1-1079    [000] d...  3711.777608: sched_switch: prev_comm=kworker/0:1 prev_pid=1079 prev_prio=120 prev_state=D ==> next_comm=swapper/0 next_pid=0 next_prio=120
          <idle>-0       [000] dnh.  3711.777628: sched_wakeup: comm=kworker/0:1 pid=1079 prio=120 target_cpu=000
          <idle>-0       [000] d...  3711.777645: sched_switch: prev_comm=swapper/0 prev_pid=0 prev_prio=120 prev_state=R ==> next_comm=kworker/0:1 next_pid=1079 next_prio=120
     kworker/0:1-1079    [000] d...  3711.777671: sched_switch: prev_comm=kworker/0:1 prev_pid=1079 prev_prio=120 prev_state=I ==> next_comm=swapper/0 next_pid=0 next_prio=120
          <idle>-0       [001] dns.  3711.785820: sched_wakeup: comm=rcu_sched pid=12 prio=120 target_cpu=001
          <idle>-0       [001] d...  3711.785851: sched_switch: prev_comm=swapper/1 prev_pid=0 prev_prio=120 prev_state=R ==> next_comm=rcu_sched next_pid=12 next_prio=120
       rcu_sched-12      [001] d...  3711.785877: sched_switch: prev_comm=rcu_sched prev_pid=12 prev_prio=120 prev_state=I ==> next_comm=swapper/1 next_pid=0 next_prio=120
          <idle>-0       [000] dns.  3711.788581: sched_wakeup: comm=kworker/0:1 pid=1079 prio=120 target_cpu=000
          <idle>-0       [000] dns.  3711.788601: sched_wakeup: comm=InputThread pid=571 prio=120 target_cpu=000
          <idle>-0       [000] dns.  3711.788627: sched_wakeup: comm=ksoftirqd/0 pid=11 prio=120 target_cpu=000
          <idle>-0       [000] d...  3711.788645: sched_switch: prev_comm=swapper/0 prev_pid=0 prev_prio=120 prev_state=R ==> next_comm=ksoftirqd/0 next_pid=11 next_prio=120
     ksoftirqd/0-11      [000] d...  3711.788664: sched_switch: prev_comm=ksoftirqd/0 prev_pid=11 prev_prio=120 prev_state=S ==> next_comm=kworker/0:1 next_pid=1079 next_prio=120
     kworker/0:1-1079    [000] d...  3711.788689: sched_switch: prev_comm=kworker/0:1 prev_pid=1079 prev_prio=120 prev_state=I ==> next_comm=InputThread next_pid=571 next_prio=120
     InputThread-571     [000] d...  3711.788818: sched_wakeup: comm=Xorg pid=553 prio=120 target_cpu=000
     InputThread-571     [000] d...  3711.788849: sched_switch: prev_comm=InputThread prev_pid=571 prev_prio=120 prev_state=S ==> next_comm=Xorg next_pid=553 next_prio=120
          <idle>-0       [003] dnh.  3711.788978: sched_wakeup: comm=lxterminal pid=1024 prio=120 target_cpu=003
          <idle>-0       [003] d...  3711.788995: sched_switch: prev_comm=swapper/3 prev_pid=0 prev_prio=120 prev_state=R ==> next_comm=lxterminal next_pid=1024 next_prio=120
            Xorg-553     [000] d...  3711.789031: sched_switch: prev_comm=Xorg prev_pid=553 prev_prio=120 prev_state=S ==> next_comm=swapper/0 next_pid=0 next_prio=120
          <idle>-0       [002] dnh.  3711.789542: sched_wakeup: comm=gdbus pid=1030 prio=120 target_cpu=002
          <idle>-0       [002] d...  3711.789556: sched_switch: prev_comm=swapper/2 prev_pid=0 prev_prio=120 prev_state=R ==> next_comm=gdbus next_pid=1030 next_prio=120
      lxterminal-1024    [003] d...  3711.789603: sched_switch: prev_comm=lxterminal prev_pid=1024 prev_prio=120 prev_state=S ==> next_comm=swapper/3 next_pid=0 next_prio=120
          <idle>-0       [003] dnh.  3711.789638: sched_wakeup: comm=dbus-daemon pid=676 prio=120 target_cpu=003
          <idle>-0       [003] d...  3711.789657: sched_switch: prev_comm=swapper/3 prev_pid=0 prev_prio=120 prev_state=R ==> next_comm=dbus-daemon next_pid=676 next_prio=120
           gdbus-1030    [002] d...  3711.789708: sched_switch: prev_comm=gdbus prev_pid=1030 prev_prio=120 prev_state=S ==> next_comm=swapper/2 next_pid=0 next_prio=120
          <idle>-0       [001] dnh.  3711.789886: sched_wakeup: comm=fcitx pid=666 prio=120 target_cpu=001
          <idle>-0       [001] d...  3711.789902: sched_switch: prev_comm=swapper/1 prev_pid=0 prev_prio=120 prev_state=R ==> next_comm=fcitx next_pid=666 next_prio=120
     dbus-daemon-676     [003] d...  3711.789918: sched_switch: prev_comm=dbus-daemon prev_pid=676 prev_prio=120 prev_state=S ==> next_comm=swapper/3 next_pid=0 next_prio=120
          <idle>-0       [003] dnh.  3711.790115: sched_wakeup: comm=dbus-daemon pid=676 prio=120 target_cpu=003
          <idle>-0       [003] d...  3711.790131: sched_switch: prev_comm=swapper/3 prev_pid=0 prev_prio=120 prev_state=R ==> next_comm=dbus-daemon next_pid=676 next_prio=120
           fcitx-666     [001] d...  3711.790212: sched_switch: prev_comm=fcitx prev_pid=666 prev_prio=120 prev_state=S ==> next_comm=swapper/1 next_pid=0 next_prio=120
          <idle>-0       [002] dnh.  3711.790271: sched_wakeup: comm=gdbus pid=1030 prio=120 target_cpu=002
          <idle>-0       [002] d...  3711.790284: sched_switch: prev_comm=swapper/2 prev_pid=0 prev_prio=120 prev_state=R ==> next_comm=gdbus next_pid=1030 next_prio=120
     dbus-daemon-676     [003] d...  3711.790291: sched_switch: prev_comm=dbus-daemon prev_pid=676 prev_prio=120 prev_state=S ==> next_comm=swapper/3 next_pid=0 next_prio=120
          <idle>-0       [003] dnh.  3711.790573: sched_wakeup: comm=lxterminal pid=1024 prio=120 target_cpu=003
          <idle>-0       [003] d...  3711.790590: sched_switch: prev_comm=swapper/3 prev_pid=0 prev_prio=120 prev_state=R ==> next_comm=lxterminal next_pid=1024 next_prio=120
           gdbus-1030    [002] d...  3711.790657: sched_switch: prev_comm=gdbus prev_pid=1030 prev_prio=120 prev_state=S ==> next_comm=swapper/2 next_pid=0 next_prio=120
      lxterminal-1024    [003] d...  3711.790952: sched_switch: prev_comm=lxterminal prev_pid=1024 prev_prio=120 prev_state=S ==> next_comm=swapper/3 next_pid=0 next_prio=120
          <idle>-0       [001] dns.  3711.795845: sched_wakeup: comm=rcu_sched pid=12 prio=120 target_cpu=001
          <idle>-0       [002] dns.  3711.795851: sched_wakeup: comm=kworker/2:1 pid=34 prio=120 target_cpu=002
          <idle>-0       [001] d...  3711.795861: sched_switch: prev_comm=swapper/1 prev_pid=0 prev_prio=120 prev_state=R ==> next_comm=rcu_sched next_pid=12 next_prio=120
          <idle>-0       [002] d...  3711.795870: sched_switch: prev_comm=swapper/2 prev_pid=0 prev_prio=120 prev_state=R ==> next_comm=kworker/2:1 next_pid=34 next_prio=120
       rcu_sched-12      [001] d...  3711.795887: sched_switch: prev_comm=rcu_sched prev_pid=12 prev_prio=120 prev_state=I ==> next_comm=swapper/1 next_pid=0 next_prio=120
     kworker/2:1-34      [002] d...  3711.795893: sched_switch: prev_comm=kworker/2:1 prev_pid=34 prev_prio=120 prev_state=I ==> next_comm=swapper/2 next_pid=0 next_prio=120
          <idle>-0       [001] dns.  3711.815823: sched_wakeup: comm=rcu_sched pid=12 prio=120 target_cpu=001
          <idle>-0       [001] dns.  3711.815831: sched_wakeup: comm=kworker/1:2 pid=89 prio=120 target_cpu=001
          <idle>-0       [001] d...  3711.815854: sched_switch: prev_comm=swapper/1 prev_pid=0 prev_prio=120 prev_state=R ==> next_comm=rcu_sched next_pid=12 next_prio=120
       rcu_sched-12      [001] d...  3711.815883: sched_switch: prev_comm=rcu_sched prev_pid=12 prev_prio=120 prev_state=I ==> next_comm=kworker/1:2 next_pid=89 next_prio=120
     kworker/1:2-89      [001] d...  3711.815959: sched_switch: prev_comm=kworker/1:2 prev_pid=89 prev_prio=120 prev_state=D ==> next_comm=swapper/1 next_pid=0 next_prio=120
          <idle>-0       [001] dnh.  3711.818753: sched_wakeup: comm=kworker/1:2 pid=89 prio=120 target_cpu=001
          <idle>-0       [001] d...  3711.818765: sched_switch: prev_comm=swapper/1 prev_pid=0 prev_prio=120 prev_state=R ==> next_comm=kworker/1:2 next_pid=89 next_prio=120
     kworker/1:2-89      [001] d...  3711.818812: sched_switch: prev_comm=kworker/1:2 prev_pid=89 prev_prio=120 prev_state=D ==> next_comm=swapper/1 next_pid=0 next_prio=120
          <idle>-0       [001] dnh.  3711.818835: sched_wakeup: comm=kworker/1:2 pid=89 prio=120 target_cpu=001
          <idle>-0       [001] d...  3711.818847: sched_switch: prev_comm=swapper/1 prev_pid=0 prev_prio=120 prev_state=R ==> next_comm=kworker/1:2 next_pid=89 next_prio=120
     kworker/1:2-89      [001] d...  3711.818865: sched_switch: prev_comm=kworker/1:2 prev_pid=89 prev_prio=120 prev_state=I ==> next_comm=swapper/1 next_pid=0 next_prio=120
          <idle>-0       [003] dns.  3711.865835: sched_wakeup: comm=kcompactd0 pid=39 prio=120 target_cpu=003
          <idle>-0       [003] d...  3711.865873: sched_switch: prev_comm=swapper/3 prev_pid=0 prev_prio=120 prev_state=R ==> next_comm=kcompactd0 next_pid=39 next_prio=120
      kcompactd0-39      [003] d...  3711.865943: sched_switch: prev_comm=kcompactd0 prev_pid=39 prev_prio=120 prev_state=S ==> next_comm=swapper/3 next_pid=0 next_prio=120
          <idle>-0       [003] dns.  3712.115859: sched_wakeup: comm=kworker/3:1 pid=1175 prio=120 target_cpu=003
          <idle>-0       [003] d...  3712.115894: sched_switch: prev_comm=swapper/3 prev_pid=0 prev_prio=120 prev_state=R ==> next_comm=kworker/3:1 next_pid=1175 next_prio=120
     kworker/3:1-1175    [003] d...  3712.115939: sched_wakeup: comm=kworker/3:0 pid=1141 prio=120 target_cpu=003
     kworker/3:1-1175    [003] d...  3712.115948: sched_switch: prev_comm=kworker/3:1 prev_pid=1175 prev_prio=120 prev_state=R ==> next_comm=kworker/3:0 next_pid=1141 next_prio=120
     kworker/3:0-1141    [003] d.h.  3712.115959: sched_wakeup: comm=kworker/3:1 pid=1175 prio=120 target_cpu=003
     kworker/3:0-1141    [003] d...  3712.115979: sched_switch: prev_comm=kworker/3:0 prev_pid=1141 prev_prio=120 prev_state=I ==> next_comm=kworker/3:1 next_pid=1175 next_prio=120
     kworker/3:1-1175    [003] d...  3712.116015: sched_switch: prev_comm=kworker/3:1 prev_pid=1175 prev_prio=120 prev_state=I ==> next_comm=swapper/3 next_pid=0 next_prio=120
          <idle>-0       [000] dns.  3712.128667: sched_wakeup: comm=kworker/0:1 pid=1079 prio=120 target_cpu=000
          <idle>-0       [000] dns.  3712.128687: sched_wakeup: comm=InputThread pid=571 prio=120 target_cpu=000
          <idle>-0       [000] dns.  3712.128715: sched_wakeup: comm=ksoftirqd/0 pid=11 prio=120 target_cpu=000
          <idle>-0       [000] d...  3712.128733: sched_switch: prev_comm=swapper/0 prev_pid=0 prev_prio=120 prev_state=R ==> next_comm=kworker/0:1 next_pid=1079 next_prio=120
     kworker/0:1-1079    [000] d...  3712.128760: sched_switch: prev_comm=kworker/0:1 prev_pid=1079 prev_prio=120 prev_state=I ==> next_comm=ksoftirqd/0 next_pid=11 next_prio=120
     ksoftirqd/0-11      [000] d...  3712.128779: sched_switch: prev_comm=ksoftirqd/0 prev_pid=11 prev_prio=120 prev_state=S ==> next_comm=InputThread next_pid=571 next_prio=120
     InputThread-571     [000] d...  3712.128903: sched_wakeup: comm=Xorg pid=553 prio=120 target_cpu=000
     InputThread-571     [000] d...  3712.128931: sched_switch: prev_comm=InputThread prev_pid=571 prev_prio=120 prev_state=S ==> next_comm=Xorg next_pid=553 next_prio=120
          <idle>-0       [003] dnh.  3712.129188: sched_wakeup: comm=lxterminal pid=1024 prio=120 target_cpu=003
          <idle>-0       [003] d...  3712.129205: sched_switch: prev_comm=swapper/3 prev_pid=0 prev_prio=120 prev_state=R ==> next_comm=lxterminal next_pid=1024 next_prio=120
          <idle>-0       [001] dnh.  3712.129225: sched_wakeup: comm=fcitx pid=666 prio=120 target_cpu=001
          <idle>-0       [001] d...  3712.129243: sched_switch: prev_comm=swapper/1 prev_pid=0 prev_prio=120 prev_state=R ==> next_comm=fcitx next_pid=666 next_prio=120
            Xorg-553     [000] d...  3712.129284: sched_switch: prev_comm=Xorg prev_pid=553 prev_prio=120 prev_state=S ==> next_comm=swapper/0 next_pid=0 next_prio=120
           fcitx-666     [001] d...  3712.129421: sched_switch: prev_comm=fcitx prev_pid=666 prev_prio=120 prev_state=S ==> next_comm=swapper/1 next_pid=0 next_prio=120
          <idle>-0       [002] dnh.  3712.129759: sched_wakeup: comm=gdbus pid=1030 prio=120 target_cpu=002
          <idle>-0       [002] d...  3712.129777: sched_switch: prev_comm=swapper/2 prev_pid=0 prev_prio=120 prev_state=R ==> next_comm=gdbus next_pid=1030 next_prio=120
      lxterminal-1024    [003] dnh.  3712.129870: sched_wakeup: comm=dbus-daemon pid=676 prio=120 target_cpu=003
      lxterminal-1024    [003] d...  3712.129882: sched_switch: prev_comm=lxterminal prev_pid=1024 prev_prio=120 prev_state=R ==> next_comm=dbus-daemon next_pid=676 next_prio=120
           gdbus-1030    [002] d...  3712.129949: sched_switch: prev_comm=gdbus prev_pid=1030 prev_prio=120 prev_state=S ==> next_comm=swapper/2 next_pid=0 next_prio=120
          <idle>-0       [001] dnh.  3712.130173: sched_wakeup: comm=fcitx pid=666 prio=120 target_cpu=001
          <idle>-0       [001] d...  3712.130186: sched_switch: prev_comm=swapper/1 prev_pid=0 prev_prio=120 prev_state=R ==> next_comm=fcitx next_pid=666 next_prio=120
     dbus-daemon-676     [003] d...  3712.130207: sched_switch: prev_comm=dbus-daemon prev_pid=676 prev_prio=120 prev_state=S ==> next_comm=lxterminal next_pid=1024 next_prio=120
          <idle>-0       [000] dnh.  3712.130281: sched_wakeup: comm=Xorg pid=553 prio=120 target_cpu=000
          <idle>-0       [000] d...  3712.130299: sched_switch: prev_comm=swapper/0 prev_pid=0 prev_prio=120 prev_state=R ==> next_comm=Xorg next_pid=553 next_prio=120
      lxterminal-1024    [003] d...  3712.130336: sched_switch: prev_comm=lxterminal prev_pid=1024 prev_prio=120 prev_state=S ==> next_comm=swapper/3 next_pid=0 next_prio=120
          <idle>-0       [003] dnh.  3712.130413: sched_wakeup: comm=lxterminal pid=1024 prio=120 target_cpu=003
            Xorg-553     [000] dn..  3712.130429: sched_wakeup: comm=lxpanel pid=704 prio=120 target_cpu=000
          <idle>-0       [003] d...  3712.130433: sched_switch: prev_comm=swapper/3 prev_pid=0 prev_prio=120 prev_state=R ==> next_comm=lxterminal next_pid=1024 next_prio=120
            Xorg-553     [000] d...  3712.130441: sched_switch: prev_comm=Xorg prev_pid=553 prev_prio=120 prev_state=R ==> next_comm=lxpanel next_pid=704 next_prio=120
      lxterminal-1024    [003] dnh.  3712.130455: sched_wakeup: comm=dbus-daemon pid=676 prio=120 target_cpu=003
      lxterminal-1024    [003] d...  3712.130471: sched_switch: prev_comm=lxterminal prev_pid=1024 prev_prio=120 prev_state=R ==> next_comm=dbus-daemon next_pid=676 next_prio=120
           fcitx-666     [001] d...  3712.130573: sched_switch: prev_comm=fcitx prev_pid=666 prev_prio=120 prev_state=S ==> next_comm=swapper/1 next_pid=0 next_prio=120
         lxpanel-704     [000] d...  3712.130617: sched_switch: prev_comm=lxpanel prev_pid=704 prev_prio=120 prev_state=S ==> next_comm=Xorg next_pid=553 next_prio=120
          <idle>-0       [002] dnh.  3712.130647: sched_wakeup: comm=gdbus pid=1030 prio=120 target_cpu=002
            Xorg-553     [000] dn..  3712.130650: sched_wakeup: comm=openbox pid=696 prio=120 target_cpu=000
            Xorg-553     [000] d...  3712.130662: sched_switch: prev_comm=Xorg prev_pid=553 prev_prio=120 prev_state=R ==> next_comm=openbox next_pid=696 next_prio=120
          <idle>-0       [002] d...  3712.130664: sched_switch: prev_comm=swapper/2 prev_pid=0 prev_prio=120 prev_state=R ==> next_comm=gdbus next_pid=1030 next_prio=120
     dbus-daemon-676     [003] d...  3712.130670: sched_switch: prev_comm=dbus-daemon prev_pid=676 prev_prio=120 prev_state=S ==> next_comm=lxterminal next_pid=1024 next_prio=120
         openbox-696     [000] d...  3712.130790: sched_switch: prev_comm=openbox prev_pid=696 prev_prio=120 prev_state=S ==> next_comm=Xorg next_pid=553 next_prio=120
      lxterminal-1024    [003] d...  3712.130818: sched_switch: prev_comm=lxterminal prev_pid=1024 prev_prio=120 prev_state=S ==> next_comm=swapper/3 next_pid=0 next_prio=120
            Xorg-553     [000] dn..  3712.130885: sched_wakeup: comm=openbox pid=696 prio=120 target_cpu=000
            Xorg-553     [000] d...  3712.130896: sched_switch: prev_comm=Xorg prev_pid=553 prev_prio=120 prev_state=R ==> next_comm=openbox next_pid=696 next_prio=120
         openbox-696     [000] d...  3712.130977: sched_switch: prev_comm=openbox prev_pid=696 prev_prio=120 prev_state=S ==> next_comm=Xorg next_pid=553 next_prio=120
          <idle>-0       [003] dnh.  3712.131007: sched_wakeup: comm=lxterminal pid=1024 prio=120 target_cpu=003
            Xorg-553     [000] dn..  3712.131019: sched_wakeup: comm=openbox pid=696 prio=120 target_cpu=000
          <idle>-0       [003] d...  3712.131025: sched_switch: prev_comm=swapper/3 prev_pid=0 prev_prio=120 prev_state=R ==> next_comm=lxterminal next_pid=1024 next_prio=120
            Xorg-553     [000] d...  3712.131029: sched_switch: prev_comm=Xorg prev_pid=553 prev_prio=120 prev_state=R ==> next_comm=openbox next_pid=696 next_prio=120
         openbox-696     [000] d...  3712.131067: sched_switch: prev_comm=openbox prev_pid=696 prev_prio=120 prev_state=S ==> next_comm=Xorg next_pid=553 next_prio=120
            Xorg-553     [000] dn..  3712.131087: sched_wakeup: comm=openbox pid=696 prio=120 target_cpu=000
            Xorg-553     [000] d...  3712.131096: sched_switch: prev_comm=Xorg prev_pid=553 prev_prio=120 prev_state=R ==> next_comm=openbox next_pid=696 next_prio=120
           gdbus-1030    [002] d...  3712.131116: sched_switch: prev_comm=gdbus prev_pid=1030 prev_prio=120 prev_state=S ==> next_comm=swapper/2 next_pid=0 next_prio=120
         openbox-696     [000] d...  3712.131193: sched_switch: prev_comm=openbox prev_pid=696 prev_prio=120 prev_state=S ==> next_comm=Xorg next_pid=553 next_prio=120
            Xorg-553     [000] d...  3712.131249: sched_switch: prev_comm=Xorg prev_pid=553 prev_prio=120 prev_state=S ==> next_comm=swapper/0 next_pid=0 next_prio=120
      lxterminal-1024    [003] d...  3712.131519: sched_switch: prev_comm=lxterminal prev_pid=1024 prev_prio=120 prev_state=S ==> next_comm=swapper/3 next_pid=0 next_prio=120
          <idle>-0       [001] dns.  3712.135882: sched_wakeup: comm=rcu_sched pid=12 prio=120 target_cpu=001
          <idle>-0       [001] d...  3712.135899: sched_switch: prev_comm=swapper/1 prev_pid=0 prev_prio=120 prev_state=R ==> next_comm=rcu_sched next_pid=12 next_prio=120
       rcu_sched-12      [001] d...  3712.135926: sched_switch: prev_comm=rcu_sched prev_pid=12 prev_prio=120 prev_state=I ==> next_comm=swapper/1 next_pid=0 next_prio=120
          <idle>-0       [001] dns.  3712.155859: sched_wakeup: comm=rcu_sched pid=12 prio=120 target_cpu=001
          <idle>-0       [001] d...  3712.155883: sched_switch: prev_comm=swapper/1 prev_pid=0 prev_prio=120 prev_state=R ==> next_comm=rcu_sched next_pid=12 next_prio=120
       rcu_sched-12      [001] d...  3712.155910: sched_switch: prev_comm=rcu_sched prev_pid=12 prev_prio=120 prev_state=I ==> next_comm=swapper/1 next_pid=0 next_prio=120
          <idle>-0       [000] dnh.  3712.196114: sched_wakeup: comm=wpa_supplicant pid=549 prio=120 target_cpu=000
          <idle>-0       [000] d...  3712.196132: sched_switch: prev_comm=swapper/0 prev_pid=0 prev_prio=120 prev_state=R ==> next_comm=wpa_supplicant next_pid=549 next_prio=120
  wpa_supplicant-549     [000] d...  3712.196285: sched_switch: prev_comm=wpa_supplicant prev_pid=549 prev_prio=120 prev_state=S ==> next_comm=swapper/0 next_pid=0 next_prio=120
          <idle>-0       [000] dnh.  3712.334449: sched_wakeup: comm=Xorg pid=553 prio=120 target_cpu=000
          <idle>-0       [000] dnh.  3712.334462: sched_wakeup: comm=kworker/0:1 pid=1079 prio=120 target_cpu=000
          <idle>-0       [000] d...  3712.334480: sched_switch: prev_comm=swapper/0 prev_pid=0 prev_prio=120 prev_state=R ==> next_comm=kworker/0:1 next_pid=1079 next_prio=120
     kworker/0:1-1079    [000] d...  3712.334555: sched_switch: prev_comm=kworker/0:1 prev_pid=1079 prev_prio=120 prev_state=D ==> next_comm=Xorg next_pid=553 next_prio=120
            Xorg-553     [000] dnh.  3712.334575: sched_wakeup: comm=kworker/0:1 pid=1079 prio=120 target_cpu=000
            Xorg-553     [000] d...  3712.334582: sched_switch: prev_comm=Xorg prev_pid=553 prev_prio=120 prev_state=R ==> next_comm=kworker/0:1 next_pid=1079 next_prio=120
     kworker/0:1-1079    [000] d...  3712.334636: sched_switch: prev_comm=kworker/0:1 prev_pid=1079 prev_prio=120 prev_state=D ==> next_comm=Xorg next_pid=553 next_prio=120
            Xorg-553     [000] d...  3712.334691: sched_switch: prev_comm=Xorg prev_pid=553 prev_prio=120 prev_state=S ==> next_comm=swapper/0 next_pid=0 next_prio=120
          <idle>-0       [000] dnh.  3712.337579: sched_wakeup: comm=kworker/0:1 pid=1079 prio=120 target_cpu=000
          <idle>-0       [000] d...  3712.337598: sched_switch: prev_comm=swapper/0 prev_pid=0 prev_prio=120 prev_state=R ==> next_comm=kworker/0:1 next_pid=1079 next_prio=120
     kworker/0:1-1079    [000] d...  3712.337655: sched_switch: prev_comm=kworker/0:1 prev_pid=1079 prev_prio=120 prev_state=D ==> next_comm=swapper/0 next_pid=0 next_prio=120
          <idle>-0       [000] dnh.  3712.337664: sched_wakeup: comm=kworker/0:1 pid=1079 prio=120 target_cpu=000
          <idle>-0       [000] d...  3712.337672: sched_switch: prev_comm=swapper/0 prev_pid=0 prev_prio=120 prev_state=R ==> next_comm=kworker/0:1 next_pid=1079 next_prio=120
     kworker/0:1-1079    [000] d...  3712.337706: sched_switch: prev_comm=kworker/0:1 prev_pid=1079 prev_prio=120 prev_state=I ==> next_comm=swapper/0 next_pid=0 next_prio=120
          <idle>-0       [000] dnh.  3712.346016: sched_wakeup: comm=wpa_supplicant pid=431 prio=120 target_cpu=000
          <idle>-0       [000] d...  3712.346037: sched_switch: prev_comm=swapper/0 prev_pid=0 prev_prio=120 prev_state=R ==> next_comm=wpa_supplicant next_pid=431 next_prio=120
  wpa_supplicant-431     [000] d...  3712.346093: sched_switch: prev_comm=wpa_supplicant prev_pid=431 prev_prio=120 prev_state=S ==> next_comm=swapper/0 next_pid=0 next_prio=120
          <idle>-0       [000] dnh.  3712.374868: sched_wakeup: comm=lxpanel pid=704 prio=120 target_cpu=000
          <idle>-0       [000] d...  3712.374889: sched_switch: prev_comm=swapper/0 prev_pid=0 prev_prio=120 prev_state=R ==> next_comm=lxpanel next_pid=704 next_prio=120
         lxpanel-704     [000] d...  3712.374987: sched_switch: prev_comm=lxpanel prev_pid=704 prev_prio=120 prev_state=S ==> next_comm=swapper/0 next_pid=0 next_prio=120
          <idle>-0       [003] dns.  3712.375895: sched_wakeup: comm=kcompactd0 pid=39 prio=120 target_cpu=003
          <idle>-0       [003] d...  3712.375937: sched_switch: prev_comm=swapper/3 prev_pid=0 prev_prio=120 prev_state=R ==> next_comm=kcompactd0 next_pid=39 next_prio=120
      kcompactd0-39      [003] d...  3712.375974: sched_switch: prev_comm=kcompactd0 prev_pid=39 prev_prio=120 prev_state=S ==> next_comm=swapper/3 next_pid=0 next_prio=120
          <idle>-0       [000] dns.  3712.385902: sched_wakeup: comm=kworker/0:1 pid=1079 prio=120 target_cpu=000
          <idle>-0       [000] dns.  3712.385921: sched_wakeup: comm=InputThread pid=571 prio=120 target_cpu=000
          <idle>-0       [000] dns.  3712.385953: sched_wakeup: comm=ksoftirqd/0 pid=11 prio=120 target_cpu=000
          <idle>-0       [000] d...  3712.385973: sched_switch: prev_comm=swapper/0 prev_pid=0 prev_prio=120 prev_state=R ==> next_comm=ksoftirqd/0 next_pid=11 next_prio=120
     ksoftirqd/0-11      [000] d...  3712.385995: sched_switch: prev_comm=ksoftirqd/0 prev_pid=11 prev_prio=120 prev_state=S ==> next_comm=kworker/0:1 next_pid=1079 next_prio=120
     kworker/0:1-1079    [000] d...  3712.386024: sched_switch: prev_comm=kworker/0:1 prev_pid=1079 prev_prio=120 prev_state=I ==> next_comm=InputThread next_pid=571 next_prio=120
     InputThread-571     [000] d...  3712.386120: sched_wakeup: comm=Xorg pid=553 prio=120 target_cpu=000
     InputThread-571     [000] d...  3712.386154: sched_switch: prev_comm=InputThread prev_pid=571 prev_prio=120 prev_state=S ==> next_comm=Xorg next_pid=553 next_prio=120
            Xorg-553     [000] d...  3712.386224: sched_switch: prev_comm=Xorg prev_pid=553 prev_prio=120 prev_state=S ==> next_comm=swapper/0 next_pid=0 next_prio=120
          <idle>-0       [000] dns.  3712.435895: sched_wakeup: comm=kworker/0:1 pid=1079 prio=120 target_cpu=000
          <idle>-0       [000] dns.  3712.435907: sched_wakeup: comm=InputThread pid=571 prio=120 target_cpu=000
          <idle>-0       [000] dns.  3712.435938: sched_wakeup: comm=ksoftirqd/0 pid=11 prio=120 target_cpu=000
          <idle>-0       [000] d...  3712.435957: sched_switch: prev_comm=swapper/0 prev_pid=0 prev_prio=120 prev_state=R ==> next_comm=ksoftirqd/0 next_pid=11 next_prio=120
     ksoftirqd/0-11      [000] d...  3712.435976: sched_switch: prev_comm=ksoftirqd/0 prev_pid=11 prev_prio=120 prev_state=S ==> next_comm=kworker/0:1 next_pid=1079 next_prio=120
     kworker/0:1-1079    [000] d...  3712.436009: sched_switch: prev_comm=kworker/0:1 prev_pid=1079 prev_prio=120 prev_state=I ==> next_comm=InputThread next_pid=571 next_prio=120
     InputThread-571     [000] d...  3712.436076: sched_wakeup: comm=Xorg pid=553 prio=120 target_cpu=000
     InputThread-571     [000] d...  3712.436105: sched_switch: prev_comm=InputThread prev_pid=571 prev_prio=120 prev_state=S ==> next_comm=Xorg next_pid=553 next_prio=120
          <idle>-0       [001] dnh.  3712.436111: sched_wakeup: comm=thd pid=435 prio=120 target_cpu=001
          <idle>-0       [001] d...  3712.436135: sched_switch: prev_comm=swapper/1 prev_pid=0 prev_prio=120 prev_state=R ==> next_comm=thd next_pid=435 next_prio=120
            Xorg-553     [000] d...  3712.436164: sched_switch: prev_comm=Xorg prev_pid=553 prev_prio=120 prev_state=S ==> next_comm=swapper/0 next_pid=0 next_prio=120
             thd-435     [001] d...  3712.436177: sched_switch: prev_comm=thd prev_pid=435 prev_prio=120 prev_state=S ==> next_comm=swapper/1 next_pid=0 next_prio=120
          <idle>-0       [000] dns.  3712.467722: sched_wakeup: comm=kworker/0:1 pid=1079 prio=120 target_cpu=000
          <idle>-0       [000] dns.  3712.467736: sched_wakeup: comm=InputThread pid=571 prio=120 target_cpu=000
          <idle>-0       [000] dns.  3712.467818: sched_wakeup: comm=ksoftirqd/0 pid=11 prio=120 target_cpu=000
          <idle>-0       [000] d...  3712.467838: sched_switch: prev_comm=swapper/0 prev_pid=0 prev_prio=120 prev_state=R ==> next_comm=kworker/0:1 next_pid=1079 next_prio=120
     kworker/0:1-1079    [000] d...  3712.467862: sched_switch: prev_comm=kworker/0:1 prev_pid=1079 prev_prio=120 prev_state=I ==> next_comm=ksoftirqd/0 next_pid=11 next_prio=120
     ksoftirqd/0-11      [000] d...  3712.467882: sched_switch: prev_comm=ksoftirqd/0 prev_pid=11 prev_prio=120 prev_state=S ==> next_comm=InputThread next_pid=571 next_prio=120
     InputThread-571     [000] d...  3712.467996: sched_wakeup: comm=Xorg pid=553 prio=120 target_cpu=000
     InputThread-571     [000] d...  3712.468027: sched_switch: prev_comm=InputThread prev_pid=571 prev_prio=120 prev_state=S ==> next_comm=Xorg next_pid=553 next_prio=120
          <idle>-0       [003] dnh.  3712.468317: sched_wakeup: comm=lxterminal pid=1024 prio=120 target_cpu=003
          <idle>-0       [003] d...  3712.468337: sched_switch: prev_comm=swapper/3 prev_pid=0 prev_prio=120 prev_state=R ==> next_comm=lxterminal next_pid=1024 next_prio=120
            Xorg-553     [000] d...  3712.468371: sched_switch: prev_comm=Xorg prev_pid=553 prev_prio=120 prev_state=S ==> next_comm=swapper/0 next_pid=0 next_prio=120
          <idle>-0       [002] dnh.  3712.468956: sched_wakeup: comm=gdbus pid=1030 prio=120 target_cpu=002
          <idle>-0       [002] d...  3712.468980: sched_switch: prev_comm=swapper/2 prev_pid=0 prev_prio=120 prev_state=R ==> next_comm=gdbus next_pid=1030 next_prio=120
          <idle>-0       [000] dnh.  3712.469061: sched_wakeup: comm=Xorg pid=553 prio=120 target_cpu=000
      lxterminal-1024    [003] dnh.  3712.469078: sched_wakeup: comm=dbus-daemon pid=676 prio=120 target_cpu=003
          <idle>-0       [000] d...  3712.469085: sched_switch: prev_comm=swapper/0 prev_pid=0 prev_prio=120 prev_state=R ==> next_comm=Xorg next_pid=553 next_prio=120
      lxterminal-1024    [003] d...  3712.469091: sched_switch: prev_comm=lxterminal prev_pid=1024 prev_prio=120 prev_state=R ==> next_comm=dbus-daemon next_pid=676 next_prio=120
           gdbus-1030    [002] d...  3712.469177: sched_switch: prev_comm=gdbus prev_pid=1030 prev_prio=120 prev_state=S ==> next_comm=swapper/2 next_pid=0 next_prio=120
            Xorg-553     [000] dn..  3712.469220: sched_wakeup: comm=lxpanel pid=704 prio=120 target_cpu=000
            Xorg-553     [000] d...  3712.469233: sched_switch: prev_comm=Xorg prev_pid=553 prev_prio=120 prev_state=R ==> next_comm=lxpanel next_pid=704 next_prio=120
          <idle>-0       [001] dnh.  3712.469383: sched_wakeup: comm=fcitx pid=666 prio=120 target_cpu=001
          <idle>-0       [001] d...  3712.469403: sched_switch: prev_comm=swapper/1 prev_pid=0 prev_prio=120 prev_state=R ==> next_comm=fcitx next_pid=666 next_prio=120
         lxpanel-704     [000] d...  3712.469420: sched_switch: prev_comm=lxpanel prev_pid=704 prev_prio=120 prev_state=S ==> next_comm=Xorg next_pid=553 next_prio=120
     dbus-daemon-676     [003] d...  3712.469422: sched_switch: prev_comm=dbus-daemon prev_pid=676 prev_prio=120 prev_state=S ==> next_comm=lxterminal next_pid=1024 next_prio=120
            Xorg-553     [000] dn..  3712.469463: sched_wakeup: comm=openbox pid=696 prio=120 target_cpu=000
            Xorg-553     [000] d...  3712.469476: sched_switch: prev_comm=Xorg prev_pid=553 prev_prio=120 prev_state=R ==> next_comm=openbox next_pid=696 next_prio=120
         openbox-696     [000] d...  3712.469623: sched_switch: prev_comm=openbox prev_pid=696 prev_prio=120 prev_state=S ==> next_comm=Xorg next_pid=553 next_prio=120
      lxterminal-1024    [003] d...  3712.469635: sched_switch: prev_comm=lxterminal prev_pid=1024 prev_prio=120 prev_state=S ==> next_comm=swapper/3 next_pid=0 next_prio=120
            Xorg-553     [000] dn..  3712.469734: sched_wakeup: comm=openbox pid=696 prio=120 target_cpu=000
            Xorg-553     [000] d...  3712.469746: sched_switch: prev_comm=Xorg prev_pid=553 prev_prio=120 prev_state=R ==> next_comm=openbox next_pid=696 next_prio=120
          <idle>-0       [003] dnh.  3712.469760: sched_wakeup: comm=dbus-daemon pid=676 prio=120 target_cpu=003
          <idle>-0       [003] d...  3712.469780: sched_switch: prev_comm=swapper/3 prev_pid=0 prev_prio=120 prev_state=R ==> next_comm=dbus-daemon next_pid=676 next_prio=120
         openbox-696     [000] d...  3712.469841: sched_switch: prev_comm=openbox prev_pid=696 prev_prio=120 prev_state=S ==> next_comm=Xorg next_pid=553 next_prio=120
            Xorg-553     [000] dn..  3712.469891: sched_wakeup: comm=openbox pid=696 prio=120 target_cpu=000
            Xorg-553     [000] d...  3712.469902: sched_switch: prev_comm=Xorg prev_pid=553 prev_prio=120 prev_state=R ==> next_comm=openbox next_pid=696 next_prio=120
         openbox-696     [000] d...  3712.469943: sched_switch: prev_comm=openbox prev_pid=696 prev_prio=120 prev_state=S ==> next_comm=Xorg next_pid=553 next_prio=120
            Xorg-553     [000] dn..  3712.469967: sched_wakeup: comm=openbox pid=696 prio=120 target_cpu=000
            Xorg-553     [000] d...  3712.469978: sched_switch: prev_comm=Xorg prev_pid=553 prev_prio=120 prev_state=R ==> next_comm=openbox next_pid=696 next_prio=120
          <idle>-0       [002] dnh.  3712.469980: sched_wakeup: comm=gdbus pid=1030 prio=120 target_cpu=002
          <idle>-0       [002] d...  3712.470000: sched_switch: prev_comm=swapper/2 prev_pid=0 prev_prio=120 prev_state=R ==> next_comm=gdbus next_pid=1030 next_prio=120
           fcitx-666     [001] d...  3712.470000: sched_switch: prev_comm=fcitx prev_pid=666 prev_prio=120 prev_state=S ==> next_comm=swapper/1 next_pid=0 next_prio=120
     dbus-daemon-676     [003] d...  3712.470019: sched_switch: prev_comm=dbus-daemon prev_pid=676 prev_prio=120 prev_state=S ==> next_comm=swapper/3 next_pid=0 next_prio=120
         openbox-696     [000] d...  3712.470091: sched_switch: prev_comm=openbox prev_pid=696 prev_prio=120 prev_state=S ==> next_comm=Xorg next_pid=553 next_prio=120
            Xorg-553     [000] d...  3712.470209: sched_switch: prev_comm=Xorg prev_pid=553 prev_prio=120 prev_state=S ==> next_comm=swapper/0 next_pid=0 next_prio=120
          <idle>-0       [003] dnh.  3712.470395: sched_wakeup: comm=lxterminal pid=1024 prio=120 target_cpu=003
          <idle>-0       [003] d...  3712.470416: sched_switch: prev_comm=swapper/3 prev_pid=0 prev_prio=120 prev_state=R ==> next_comm=lxterminal next_pid=1024 next_prio=120
           gdbus-1030    [002] d...  3712.470494: sched_switch: prev_comm=gdbus prev_pid=1030 prev_prio=120 prev_state=S ==> next_comm=swapper/2 next_pid=0 next_prio=120
          <idle>-0       [002] dnh.  3712.470909: sched_wakeup: comm=kworker/u8:1 pid=1103 prio=120 target_cpu=002
          <idle>-0       [002] d...  3712.470929: sched_switch: prev_comm=swapper/2 prev_pid=0 prev_prio=120 prev_state=R ==> next_comm=kworker/u8:1 next_pid=1103 next_prio=120
    kworker/u8:1-1103    [002] d...  3712.470961: sched_wakeup: comm=bash pid=1041 prio=120 target_cpu=002
