          <idle>-0       [000] dnh.  4913.951606: sched_wakeup: comm=InputThread pid=565 prio=120 target_cpu=000
     kworker/2:0-1292    [002] d...  4913.951621: sched_switch: prev_comm=kworker/2:0 prev_pid=1292 prev_prio=120 prev_state=I ==> next_comm=swapper/2 next_pid=0 next_prio=120
          <idle>-0       [000] d...  4913.951624: sched_switch: prev_comm=swapper/0 prev_pid=0 prev_prio=120 prev_state=R ==> next_comm=InputThread next_pid=565 next_prio=120
     InputThread-565     [000] d...  4913.951662: sched_switch: prev_comm=InputThread prev_pid=565 prev_prio=120 prev_state=D ==> next_comm=swapper/0 next_pid=0 next_prio=120
          <idle>-0       [000] dnh.  4913.951685: sched_wakeup: comm=InputThread pid=565 prio=120 target_cpu=000
          <idle>-0       [000] d...  4913.951705: sched_switch: prev_comm=swapper/0 prev_pid=0 prev_prio=120 prev_state=R ==> next_comm=InputThread next_pid=565 next_prio=120
          <idle>-0       [003] dnh.  4913.951789: sched_wakeup: comm=Xorg pid=549 prio=120 target_cpu=003
          <idle>-0       [003] d...  4913.951808: sched_switch: prev_comm=swapper/3 prev_pid=0 prev_prio=120 prev_state=R ==> next_comm=Xorg next_pid=549 next_prio=120
     InputThread-565     [000] d...  4913.951811: sched_switch: prev_comm=InputThread prev_pid=565 prev_prio=120 prev_state=S ==> next_comm=swapper/0 next_pid=0 next_prio=120
            Xorg-549     [003] dn..  4913.951916: sched_wakeup: comm=pcmanfm pid=701 prio=120 target_cpu=003
            Xorg-549     [003] d...  4913.951928: sched_switch: prev_comm=Xorg prev_pid=549 prev_prio=120 prev_state=R ==> next_comm=pcmanfm next_pid=701 next_prio=120
         pcmanfm-701     [003] d...  4913.952162: sched_switch: prev_comm=pcmanfm prev_pid=701 prev_prio=120 prev_state=S ==> next_comm=Xorg next_pid=549 next_prio=120
            Xorg-549     [003] dn..  4913.952292: sched_wakeup: comm=pcmanfm pid=701 prio=120 target_cpu=003
            Xorg-549     [003] d...  4913.952303: sched_switch: prev_comm=Xorg prev_pid=549 prev_prio=120 prev_state=R ==> next_comm=pcmanfm next_pid=701 next_prio=120
         pcmanfm-701     [003] d...  4913.952519: sched_switch: prev_comm=pcmanfm prev_pid=701 prev_prio=120 prev_state=S ==> next_comm=Xorg next_pid=549 next_prio=120
            Xorg-549     [003] d...  4913.952571: sched_switch: prev_comm=Xorg prev_pid=549 prev_prio=120 prev_state=S ==> next_comm=swapper/3 next_pid=0 next_prio=120
          <idle>-0       [002] dnh.  4913.964490: sched_wakeup: comm=thd pid=373 prio=120 target_cpu=002
          <idle>-0       [000] dns.  4913.964491: sched_wakeup: comm=InputThread pid=565 prio=120 target_cpu=000
          <idle>-0       [002] d...  4913.964508: sched_switch: prev_comm=swapper/2 prev_pid=0 prev_prio=120 prev_state=R ==> next_comm=thd next_pid=373 next_prio=120
          <idle>-0       [000] d...  4913.964532: sched_switch: prev_comm=swapper/0 prev_pid=0 prev_prio=120 prev_state=R ==> next_comm=InputThread next_pid=565 next_prio=120
             thd-373     [002] d...  4913.964582: sched_switch: prev_comm=thd prev_pid=373 prev_prio=120 prev_state=S ==> next_comm=swapper/2 next_pid=0 next_prio=120
     InputThread-565     [000] d...  4913.964722: sched_switch: prev_comm=InputThread prev_pid=565 prev_prio=120 prev_state=D ==> next_comm=swapper/0 next_pid=0 next_prio=120
          <idle>-0       [000] dnh.  4913.964735: sched_wakeup: comm=InputThread pid=565 prio=120 target_cpu=000
          <idle>-0       [000] d...  4913.964744: sched_switch: prev_comm=swapper/0 prev_pid=0 prev_prio=120 prev_state=R ==> next_comm=InputThread next_pid=565 next_prio=120
          <idle>-0       [003] dnh.  4913.964821: sched_wakeup: comm=Xorg pid=549 prio=120 target_cpu=003
     InputThread-565     [000] d...  4913.964838: sched_switch: prev_comm=InputThread prev_pid=565 prev_prio=120 prev_state=S ==> next_comm=swapper/0 next_pid=0 next_prio=120
          <idle>-0       [003] d...  4913.964840: sched_switch: prev_comm=swapper/3 prev_pid=0 prev_prio=120 prev_state=R ==> next_comm=Xorg next_pid=549 next_prio=120
            Xorg-549     [003] dn..  4913.964936: sched_wakeup: comm=pcmanfm pid=701 prio=120 target_cpu=003
            Xorg-549     [003] d...  4913.964948: sched_switch: prev_comm=Xorg prev_pid=549 prev_prio=120 prev_state=R ==> next_comm=pcmanfm next_pid=701 next_prio=120
         pcmanfm-701     [003] d...  4913.965144: sched_switch: prev_comm=pcmanfm prev_pid=701 prev_prio=120 prev_state=S ==> next_comm=Xorg next_pid=549 next_prio=120
          <idle>-0       [000] dns.  4913.965230: sched_wakeup: comm=kworker/0:1 pid=1458 prio=120 target_cpu=000
            Xorg-549     [003] dns.  4913.965247: sched_wakeup: comm=kworker/3:0 pid=1206 prio=120 target_cpu=003
          <idle>-0       [000] d...  4913.965266: sched_switch: prev_comm=swapper/0 prev_pid=0 prev_prio=120 prev_state=R ==> next_comm=kworker/0:1 next_pid=1458 next_prio=120
            Xorg-549     [003] d...  4913.965270: sched_switch: prev_comm=Xorg prev_pid=549 prev_prio=120 prev_state=R ==> next_comm=kworker/3:0 next_pid=1206 next_prio=120
     kworker/0:1-1458    [000] d.h.  4913.965293: sched_wakeup: comm=kworker/0:1 pid=1458 prio=120 target_cpu=000
     kworker/3:0-1206    [003] d...  4913.965306: sched_switch: prev_comm=kworker/3:0 prev_pid=1206 prev_prio=120 prev_state=I ==> next_comm=Xorg next_pid=549 next_prio=120
     kworker/0:1-1458    [000] d...  4913.965323: sched_wakeup: comm=kworker/0:0 pid=1330 prio=120 target_cpu=000
     kworker/0:1-1458    [000] d.h.  4913.965330: sched_wakeup: comm=kworker/0:1 pid=1458 prio=120 target_cpu=000
            Xorg-549     [003] dn..  4913.965340: sched_wakeup: comm=pcmanfm pid=701 prio=120 target_cpu=003
     kworker/0:1-1458    [000] d...  4913.965340: sched_switch: prev_comm=kworker/0:1 prev_pid=1458 prev_prio=120 prev_state=R ==> next_comm=kworker/0:0 next_pid=1330 next_prio=120
            Xorg-549     [003] d...  4913.965351: sched_switch: prev_comm=Xorg prev_pid=549 prev_prio=120 prev_state=R ==> next_comm=pcmanfm next_pid=701 next_prio=120
     kworker/0:0-1330    [000] d.h.  4913.965405: sched_wakeup: comm=kworker/0:0 pid=1330 prio=120 target_cpu=000
     kworker/0:0-1330    [000] d.h.  4913.965485: sched_wakeup: comm=kworker/0:0 pid=1330 prio=120 target_cpu=000
     kworker/0:0-1330    [000] d...  4913.965495: sched_switch: prev_comm=kworker/0:0 prev_pid=1330 prev_prio=120 prev_state=R ==> next_comm=kworker/0:1 next_pid=1458 next_prio=120
     kworker/0:1-1458    [000] d.h.  4913.965520: sched_wakeup: comm=kworker/0:1 pid=1458 prio=120 target_cpu=000
     kworker/0:1-1458    [000] d.h.  4913.965549: sched_wakeup: comm=kworker/0:1 pid=1458 prio=120 target_cpu=000
     kworker/0:1-1458    [000] d...  4913.965559: sched_switch: prev_comm=kworker/0:1 prev_pid=1458 prev_prio=120 prev_state=R ==> next_comm=kworker/0:0 next_pid=1330 next_prio=120
         pcmanfm-701     [003] d...  4913.965571: sched_switch: prev_comm=pcmanfm prev_pid=701 prev_prio=120 prev_state=S ==> next_comm=Xorg next_pid=549 next_prio=120
     kworker/0:0-1330    [000] d...  4913.965585: sched_switch: prev_comm=kworker/0:0 prev_pid=1330 prev_prio=120 prev_state=I ==> next_comm=kworker/0:1 next_pid=1458 next_prio=120
     kworker/0:1-1458    [000] d.h.  4913.965609: sched_wakeup: comm=kworker/0:1 pid=1458 prio=120 target_cpu=000
            Xorg-549     [003] d...  4913.965631: sched_switch: prev_comm=Xorg prev_pid=549 prev_prio=120 prev_state=S ==> next_comm=swapper/3 next_pid=0 next_prio=120
     kworker/0:1-1458    [000] d...  4913.965636: sched_switch: prev_comm=kworker/0:1 prev_pid=1458 prev_prio=120 prev_state=I ==> next_comm=swapper/0 next_pid=0 next_prio=120
          <idle>-0       [002] dnh.  4913.980498: sched_wakeup: comm=thd pid=373 prio=120 target_cpu=002
          <idle>-0       [000] dns.  4913.980499: sched_wakeup: comm=InputThread pid=565 prio=120 target_cpu=000
          <idle>-0       [002] d...  4913.980517: sched_switch: prev_comm=swapper/2 prev_pid=0 prev_prio=120 prev_state=R ==> next_comm=thd next_pid=373 next_prio=120
          <idle>-0       [000] d...  4913.980540: sched_switch: prev_comm=swapper/0 prev_pid=0 prev_prio=120 prev_state=R ==> next_comm=InputThread next_pid=565 next_prio=120
             thd-373     [002] d...  4913.980590: sched_switch: prev_comm=thd prev_pid=373 prev_prio=120 prev_state=S ==> next_comm=swapper/2 next_pid=0 next_prio=120
     InputThread-565     [000] d...  4913.980730: sched_switch: prev_comm=InputThread prev_pid=565 prev_prio=120 prev_state=D ==> next_comm=swapper/0 next_pid=0 next_prio=120
          <idle>-0       [000] dnh.  4913.980743: sched_wakeup: comm=InputThread pid=565 prio=120 target_cpu=000
          <idle>-0       [000] d...  4913.980752: sched_switch: prev_comm=swapper/0 prev_pid=0 prev_prio=120 prev_state=R ==> next_comm=InputThread next_pid=565 next_prio=120
          <idle>-0       [003] dnh.  4913.980831: sched_wakeup: comm=Xorg pid=549 prio=120 target_cpu=003
     InputThread-565     [000] d...  4913.980850: sched_switch: prev_comm=InputThread prev_pid=565 prev_prio=120 prev_state=S ==> next_comm=swapper/0 next_pid=0 next_prio=120
          <idle>-0       [003] d...  4913.980850: sched_switch: prev_comm=swapper/3 prev_pid=0 prev_prio=120 prev_state=R ==> next_comm=Xorg next_pid=549 next_prio=120
            Xorg-549     [003] dn..  4913.980947: sched_wakeup: comm=pcmanfm pid=701 prio=120 target_cpu=003
            Xorg-549     [003] d...  4913.980959: sched_switch: prev_comm=Xorg prev_pid=549 prev_prio=120 prev_state=R ==> next_comm=pcmanfm next_pid=701 next_prio=120
         pcmanfm-701     [003] d...  4913.981165: sched_switch: prev_comm=pcmanfm prev_pid=701 prev_prio=120 prev_state=S ==> next_comm=Xorg next_pid=549 next_prio=120
            Xorg-549     [003] dn..  4913.981253: sched_wakeup: comm=pcmanfm pid=701 prio=120 target_cpu=003
            Xorg-549     [003] d...  4913.981265: sched_switch: prev_comm=Xorg prev_pid=549 prev_prio=120 prev_state=R ==> next_comm=pcmanfm next_pid=701 next_prio=120
         pcmanfm-701     [003] d...  4913.981470: sched_switch: prev_comm=pcmanfm prev_pid=701 prev_prio=120 prev_state=S ==> next_comm=Xorg next_pid=549 next_prio=120
            Xorg-549     [003] d...  4913.981532: sched_switch: prev_comm=Xorg prev_pid=549 prev_prio=120 prev_state=S ==> next_comm=swapper/3 next_pid=0 next_prio=120
          <idle>-0       [002] dnh.  4913.996536: sched_wakeup: comm=thd pid=373 prio=120 target_cpu=002
          <idle>-0       [000] dns.  4913.996538: sched_wakeup: comm=InputThread pid=565 prio=120 target_cpu=000
          <idle>-0       [002] d...  4913.996556: sched_switch: prev_comm=swapper/2 prev_pid=0 prev_prio=120 prev_state=R ==> next_comm=thd next_pid=373 next_prio=120
          <idle>-0       [000] d...  4913.996581: sched_switch: prev_comm=swapper/0 prev_pid=0 prev_prio=120 prev_state=R ==> next_comm=InputThread next_pid=565 next_prio=120
             thd-373     [002] d...  4913.996629: sched_switch: prev_comm=thd prev_pid=373 prev_prio=120 prev_state=S ==> next_comm=swapper/2 next_pid=0 next_prio=120
     InputThread-565     [000] d...  4913.996775: sched_switch: prev_comm=InputThread prev_pid=565 prev_prio=120 prev_state=D ==> next_comm=swapper/0 next_pid=0 next_prio=120
          <idle>-0       [000] dnh.  4913.996791: sched_wakeup: comm=InputThread pid=565 prio=120 target_cpu=000
          <idle>-0       [000] d...  4913.996803: sched_switch: prev_comm=swapper/0 prev_pid=0 prev_prio=120 prev_state=R ==> next_comm=InputThread next_pid=565 next_prio=120
          <idle>-0       [003] dnh.  4913.996885: sched_wakeup: comm=Xorg pid=549 prio=120 target_cpu=003
          <idle>-0       [003] d...  4913.996904: sched_switch: prev_comm=swapper/3 prev_pid=0 prev_prio=120 prev_state=R ==> next_comm=Xorg next_pid=549 next_prio=120
     InputThread-565     [000] d...  4913.996905: sched_switch: prev_comm=InputThread prev_pid=565 prev_prio=120 prev_state=S ==> next_comm=swapper/0 next_pid=0 next_prio=120
            Xorg-549     [003] dn..  4913.997008: sched_wakeup: comm=pcmanfm pid=701 prio=120 target_cpu=003
            Xorg-549     [003] d...  4913.997020: sched_switch: prev_comm=Xorg prev_pid=549 prev_prio=120 prev_state=R ==> next_comm=pcmanfm next_pid=701 next_prio=120
         pcmanfm-701     [003] d...  4913.997233: sched_switch: prev_comm=pcmanfm prev_pid=701 prev_prio=120 prev_state=S ==> next_comm=Xorg next_pid=549 next_prio=120
            Xorg-549     [003] dn..  4913.997320: sched_wakeup: comm=pcmanfm pid=701 prio=120 target_cpu=003
            Xorg-549     [003] d...  4913.997331: sched_switch: prev_comm=Xorg prev_pid=549 prev_prio=120 prev_state=R ==> next_comm=pcmanfm next_pid=701 next_prio=120
         pcmanfm-701     [003] d...  4913.997531: sched_switch: prev_comm=pcmanfm prev_pid=701 prev_prio=120 prev_state=S ==> next_comm=Xorg next_pid=549 next_prio=120
            Xorg-549     [003] d...  4913.997591: sched_switch: prev_comm=Xorg prev_pid=549 prev_prio=120 prev_state=S ==> next_comm=swapper/3 next_pid=0 next_prio=120
          <idle>-0       [002] dnh.  4914.012533: sched_wakeup: comm=thd pid=373 prio=120 target_cpu=002
          <idle>-0       [000] dns.  4914.012535: sched_wakeup: comm=InputThread pid=565 prio=120 target_cpu=000
          <idle>-0       [002] d...  4914.012551: sched_switch: prev_comm=swapper/2 prev_pid=0 prev_prio=120 prev_state=R ==> next_comm=thd next_pid=373 next_prio=120
          <idle>-0       [000] d...  4914.012578: sched_switch: prev_comm=swapper/0 prev_pid=0 prev_prio=120 prev_state=R ==> next_comm=InputThread next_pid=565 next_prio=120
             thd-373     [002] d...  4914.012625: sched_switch: prev_comm=thd prev_pid=373 prev_prio=120 prev_state=S ==> next_comm=swapper/2 next_pid=0 next_prio=120
     InputThread-565     [000] d...  4914.012775: sched_switch: prev_comm=InputThread prev_pid=565 prev_prio=120 prev_state=D ==> next_comm=swapper/0 next_pid=0 next_prio=120
          <idle>-0       [000] dnh.  4914.012789: sched_wakeup: comm=InputThread pid=565 prio=120 target_cpu=000
          <idle>-0       [000] d...  4914.012797: sched_switch: prev_comm=swapper/0 prev_pid=0 prev_prio=120 prev_state=R ==> next_comm=InputThread next_pid=565 next_prio=120
          <idle>-0       [003] dnh.  4914.012875: sched_wakeup: comm=Xorg pid=549 prio=120 target_cpu=003
     InputThread-565     [000] d...  4914.012892: sched_switch: prev_comm=InputThread prev_pid=565 prev_prio=120 prev_state=S ==> next_comm=swapper/0 next_pid=0 next_prio=120
          <idle>-0       [003] d...  4914.012895: sched_switch: prev_comm=swapper/3 prev_pid=0 prev_prio=120 prev_state=R ==> next_comm=Xorg next_pid=549 next_prio=120
            Xorg-549     [003] dn..  4914.012997: sched_wakeup: comm=pcmanfm pid=701 prio=120 target_cpu=003
            Xorg-549     [003] d...  4914.013009: sched_switch: prev_comm=Xorg prev_pid=549 prev_prio=120 prev_state=R ==> next_comm=pcmanfm next_pid=701 next_prio=120
         pcmanfm-701     [003] d...  4914.013221: sched_switch: prev_comm=pcmanfm prev_pid=701 prev_prio=120 prev_state=S ==> next_comm=Xorg next_pid=549 next_prio=120
            Xorg-549     [003] dn..  4914.013308: sched_wakeup: comm=pcmanfm pid=701 prio=120 target_cpu=003
            Xorg-549     [003] d...  4914.013320: sched_switch: prev_comm=Xorg prev_pid=549 prev_prio=120 prev_state=R ==> next_comm=pcmanfm next_pid=701 next_prio=120
         pcmanfm-701     [003] d...  4914.013533: sched_switch: prev_comm=pcmanfm prev_pid=701 prev_prio=120 prev_state=S ==> next_comm=Xorg next_pid=549 next_prio=120
            Xorg-549     [003] d...  4914.013592: sched_switch: prev_comm=Xorg prev_pid=549 prev_prio=120 prev_state=S ==> next_comm=swapper/3 next_pid=0 next_prio=120
          <idle>-0       [002] dnh.  4914.028534: sched_wakeup: comm=thd pid=373 prio=120 target_cpu=002
          <idle>-0       [000] dns.  4914.028537: sched_wakeup: comm=InputThread pid=565 prio=120 target_cpu=000
          <idle>-0       [002] d...  4914.028553: sched_switch: prev_comm=swapper/2 prev_pid=0 prev_prio=120 prev_state=R ==> next_comm=thd next_pid=373 next_prio=120
          <idle>-0       [000] d...  4914.028577: sched_switch: prev_comm=swapper/0 prev_pid=0 prev_prio=120 prev_state=R ==> next_comm=InputThread next_pid=565 next_prio=120
             thd-373     [002] d...  4914.028607: sched_switch: prev_comm=thd prev_pid=373 prev_prio=120 prev_state=S ==> next_comm=swapper/2 next_pid=0 next_prio=120
     InputThread-565     [000] d...  4914.028761: sched_switch: prev_comm=InputThread prev_pid=565 prev_prio=120 prev_state=D ==> next_comm=swapper/0 next_pid=0 next_prio=120
          <idle>-0       [000] dnh.  4914.028774: sched_wakeup: comm=InputThread pid=565 prio=120 target_cpu=000
          <idle>-0       [000] d...  4914.028783: sched_switch: prev_comm=swapper/0 prev_pid=0 prev_prio=120 prev_state=R ==> next_comm=InputThread next_pid=565 next_prio=120
          <idle>-0       [003] dnh.  4914.028862: sched_wakeup: comm=Xorg pid=549 prio=120 target_cpu=003
     InputThread-565     [000] d...  4914.028879: sched_switch: prev_comm=InputThread prev_pid=565 prev_prio=120 prev_state=S ==> next_comm=swapper/0 next_pid=0 next_prio=120
          <idle>-0       [003] d...  4914.028881: sched_switch: prev_comm=swapper/3 prev_pid=0 prev_prio=120 prev_state=R ==> next_comm=Xorg next_pid=549 next_prio=120
            Xorg-549     [003] dn..  4914.028986: sched_wakeup: comm=pcmanfm pid=701 prio=120 target_cpu=003
            Xorg-549     [003] d...  4914.028999: sched_switch: prev_comm=Xorg prev_pid=549 prev_prio=120 prev_state=R ==> next_comm=pcmanfm next_pid=701 next_prio=120
         pcmanfm-701     [003] d...  4914.029218: sched_switch: prev_comm=pcmanfm prev_pid=701 prev_prio=120 prev_state=S ==> next_comm=Xorg next_pid=549 next_prio=120
            Xorg-549     [003] dn..  4914.029308: sched_wakeup: comm=pcmanfm pid=701 prio=120 target_cpu=003
            Xorg-549     [003] d...  4914.029320: sched_switch: prev_comm=Xorg prev_pid=549 prev_prio=120 prev_state=R ==> next_comm=pcmanfm next_pid=701 next_prio=120
         pcmanfm-701     [003] d...  4914.029535: sched_switch: prev_comm=pcmanfm prev_pid=701 prev_prio=120 prev_state=S ==> next_comm=Xorg next_pid=549 next_prio=120
            Xorg-549     [003] d...  4914.029594: sched_switch: prev_comm=Xorg prev_pid=549 prev_prio=120 prev_state=S ==> next_comm=swapper/3 next_pid=0 next_prio=120
          <idle>-0       [002] dnh.  4914.044502: sched_wakeup: comm=thd pid=373 prio=120 target_cpu=002
          <idle>-0       [000] dns.  4914.044504: sched_wakeup: comm=InputThread pid=565 prio=120 target_cpu=000
          <idle>-0       [002] d...  4914.044520: sched_switch: prev_comm=swapper/2 prev_pid=0 prev_prio=120 prev_state=R ==> next_comm=thd next_pid=373 next_prio=120
          <idle>-0       [000] d...  4914.044547: sched_switch: prev_comm=swapper/0 prev_pid=0 prev_prio=120 prev_state=R ==> next_comm=InputThread next_pid=565 next_prio=120
             thd-373     [002] d...  4914.044576: sched_switch: prev_comm=thd prev_pid=373 prev_prio=120 prev_state=S ==> next_comm=swapper/2 next_pid=0 next_prio=120
     InputThread-565     [000] d...  4914.044730: sched_switch: prev_comm=InputThread prev_pid=565 prev_prio=120 prev_state=D ==> next_comm=swapper/0 next_pid=0 next_prio=120
          <idle>-0       [000] dnh.  4914.044743: sched_wakeup: comm=InputThread pid=565 prio=120 target_cpu=000
          <idle>-0       [000] d...  4914.044752: sched_switch: prev_comm=swapper/0 prev_pid=0 prev_prio=120 prev_state=R ==> next_comm=InputThread next_pid=565 next_prio=120
          <idle>-0       [003] dnh.  4914.044828: sched_wakeup: comm=Xorg pid=549 prio=120 target_cpu=003
     InputThread-565     [000] d...  4914.044847: sched_switch: prev_comm=InputThread prev_pid=565 prev_prio=120 prev_state=S ==> next_comm=swapper/0 next_pid=0 next_prio=120
          <idle>-0       [003] d...  4914.044848: sched_switch: prev_comm=swapper/3 prev_pid=0 prev_prio=120 prev_state=R ==> next_comm=Xorg next_pid=549 next_prio=120
            Xorg-549     [003] dn..  4914.044945: sched_wakeup: comm=pcmanfm pid=701 prio=120 target_cpu=003
            Xorg-549     [003] d...  4914.044958: sched_switch: prev_comm=Xorg prev_pid=549 prev_prio=120 prev_state=R ==> next_comm=pcmanfm next_pid=701 next_prio=120
         pcmanfm-701     [003] d...  4914.045190: sched_switch: prev_comm=pcmanfm prev_pid=701 prev_prio=120 prev_state=S ==> next_comm=Xorg next_pid=549 next_prio=120
            Xorg-549     [003] dn..  4914.045322: sched_wakeup: comm=pcmanfm pid=701 prio=120 target_cpu=003
            Xorg-549     [003] d...  4914.045334: sched_switch: prev_comm=Xorg prev_pid=549 prev_prio=120 prev_state=R ==> next_comm=pcmanfm next_pid=701 next_prio=120
         pcmanfm-701     [003] d...  4914.045548: sched_switch: prev_comm=pcmanfm prev_pid=701 prev_prio=120 prev_state=S ==> next_comm=Xorg next_pid=549 next_prio=120
            Xorg-549     [003] d...  4914.045609: sched_switch: prev_comm=Xorg prev_pid=549 prev_prio=120 prev_state=S ==> next_comm=swapper/3 next_pid=0 next_prio=120
          <idle>-0       [002] dnh.  4914.072970: sched_wakeup: comm=lxpanel pid=700 prio=120 target_cpu=002
          <idle>-0       [002] dnh.  4914.072985: sched_wakeup: comm=kworker/2:0 pid=1292 prio=120 target_cpu=002
          <idle>-0       [002] d...  4914.073005: sched_switch: prev_comm=swapper/2 prev_pid=0 prev_prio=120 prev_state=R ==> next_comm=kworker/2:0 next_pid=1292 next_prio=120
     kworker/2:0-1292    [002] d...  4914.073029: sched_switch: prev_comm=kworker/2:0 prev_pid=1292 prev_prio=120 prev_state=I ==> next_comm=lxpanel next_pid=700 next_prio=120
         lxpanel-700     [002] d...  4914.073156: sched_switch: prev_comm=lxpanel prev_pid=700 prev_prio=120 prev_state=S ==> next_comm=swapper/2 next_pid=0 next_prio=120
          <idle>-0       [002] dnh.  4914.236569: sched_wakeup: comm=thd pid=373 prio=120 target_cpu=002
          <idle>-0       [000] dns.  4914.236570: sched_wakeup: comm=InputThread pid=565 prio=120 target_cpu=000
          <idle>-0       [002] dnh.  4914.236578: sched_wakeup: comm=kworker/2:0 pid=1292 prio=120 target_cpu=002
          <idle>-0       [002] d...  4914.236599: sched_switch: prev_comm=swapper/2 prev_pid=0 prev_prio=120 prev_state=R ==> next_comm=kworker/2:0 next_pid=1292 next_prio=120
          <idle>-0       [000] d...  4914.236614: sched_switch: prev_comm=swapper/0 prev_pid=0 prev_prio=120 prev_state=R ==> next_comm=InputThread next_pid=565 next_prio=120
     kworker/2:0-1292    [002] d...  4914.236620: sched_switch: prev_comm=kworker/2:0 prev_pid=1292 prev_prio=120 prev_state=I ==> next_comm=thd next_pid=373 next_prio=120
             thd-373     [002] d...  4914.236718: sched_switch: prev_comm=thd prev_pid=373 prev_prio=120 prev_state=S ==> next_comm=swapper/2 next_pid=0 next_prio=120
     InputThread-565     [000] d...  4914.236828: sched_switch: prev_comm=InputThread prev_pid=565 prev_prio=120 prev_state=D ==> next_comm=swapper/0 next_pid=0 next_prio=120
          <idle>-0       [000] dnh.  4914.236855: sched_wakeup: comm=InputThread pid=565 prio=120 target_cpu=000
          <idle>-0       [000] d...  4914.236874: sched_switch: prev_comm=swapper/0 prev_pid=0 prev_prio=120 prev_state=R ==> next_comm=InputThread next_pid=565 next_prio=120
          <idle>-0       [003] dnh.  4914.236959: sched_wakeup: comm=Xorg pid=549 prio=120 target_cpu=003
     InputThread-565     [000] d...  4914.236978: sched_switch: prev_comm=InputThread prev_pid=565 prev_prio=120 prev_state=S ==> next_comm=swapper/0 next_pid=0 next_prio=120
          <idle>-0       [003] d...  4914.236979: sched_switch: prev_comm=swapper/3 prev_pid=0 prev_prio=120 prev_state=R ==> next_comm=Xorg next_pid=549 next_prio=120
            Xorg-549     [003] dn..  4914.237089: sched_wakeup: comm=pcmanfm pid=701 prio=120 target_cpu=003
            Xorg-549     [003] d...  4914.237101: sched_switch: prev_comm=Xorg prev_pid=549 prev_prio=120 prev_state=R ==> next_comm=pcmanfm next_pid=701 next_prio=120
         pcmanfm-701     [003] d...  4914.237328: sched_switch: prev_comm=pcmanfm prev_pid=701 prev_prio=120 prev_state=S ==> next_comm=Xorg next_pid=549 next_prio=120
            Xorg-549     [003] dn..  4914.237420: sched_wakeup: comm=pcmanfm pid=701 prio=120 target_cpu=003
            Xorg-549     [003] d...  4914.237431: sched_switch: prev_comm=Xorg prev_pid=549 prev_prio=120 prev_state=R ==> next_comm=pcmanfm next_pid=701 next_prio=120
         pcmanfm-701     [003] d...  4914.237652: sched_switch: prev_comm=pcmanfm prev_pid=701 prev_prio=120 prev_state=S ==> next_comm=Xorg next_pid=549 next_prio=120
            Xorg-549     [003] d...  4914.237705: sched_switch: prev_comm=Xorg prev_pid=549 prev_prio=120 prev_state=S ==> next_comm=swapper/3 next_pid=0 next_prio=120
          <idle>-0       [002] dnh.  4914.252507: sched_wakeup: comm=thd pid=373 prio=120 target_cpu=002
          <idle>-0       [000] dns.  4914.252508: sched_wakeup: comm=InputThread pid=565 prio=120 target_cpu=000
          <idle>-0       [002] d...  4914.252526: sched_switch: prev_comm=swapper/2 prev_pid=0 prev_prio=120 prev_state=R ==> next_comm=thd next_pid=373 next_prio=120
          <idle>-0       [000] d...  4914.252549: sched_switch: prev_comm=swapper/0 prev_pid=0 prev_prio=120 prev_state=R ==> next_comm=InputThread next_pid=565 next_prio=120
             thd-373     [002] d...  4914.252602: sched_switch: prev_comm=thd prev_pid=373 prev_prio=120 prev_state=S ==> next_comm=swapper/2 next_pid=0 next_prio=120
     InputThread-565     [000] d...  4914.252744: sched_switch: prev_comm=InputThread prev_pid=565 prev_prio=120 prev_state=D ==> next_comm=swapper/0 next_pid=0 next_prio=120
          <idle>-0       [000] dnh.  4914.254194: sched_wakeup: comm=InputThread pid=565 prio=120 target_cpu=000
          <idle>-0       [000] d...  4914.254214: sched_switch: prev_comm=swapper/0 prev_pid=0 prev_prio=120 prev_state=R ==> next_comm=InputThread next_pid=565 next_prio=120
          <idle>-0       [003] dnh.  4914.254296: sched_wakeup: comm=Xorg pid=549 prio=120 target_cpu=003
     InputThread-565     [000] d...  4914.254314: sched_switch: prev_comm=InputThread prev_pid=565 prev_prio=120 prev_state=S ==> next_comm=swapper/0 next_pid=0 next_prio=120
          <idle>-0       [003] d...  4914.254315: sched_switch: prev_comm=swapper/3 prev_pid=0 prev_prio=120 prev_state=R ==> next_comm=Xorg next_pid=549 next_prio=120
            Xorg-549     [003] dn..  4914.254421: sched_wakeup: comm=pcmanfm pid=701 prio=120 target_cpu=003
            Xorg-549     [003] d...  4914.254433: sched_switch: prev_comm=Xorg prev_pid=549 prev_prio=120 prev_state=R ==> next_comm=pcmanfm next_pid=701 next_prio=120
         pcmanfm-701     [003] d...  4914.254651: sched_switch: prev_comm=pcmanfm prev_pid=701 prev_prio=120 prev_state=S ==> next_comm=Xorg next_pid=549 next_prio=120
            Xorg-549     [003] dn..  4914.254738: sched_wakeup: comm=pcmanfm pid=701 prio=120 target_cpu=003
            Xorg-549     [003] d...  4914.254750: sched_switch: prev_comm=Xorg prev_pid=549 prev_prio=120 prev_state=R ==> next_comm=pcmanfm next_pid=701 next_prio=120
         pcmanfm-701     [003] d...  4914.254967: sched_switch: prev_comm=pcmanfm prev_pid=701 prev_prio=120 prev_state=S ==> next_comm=Xorg next_pid=549 next_prio=120
            Xorg-549     [003] d...  4914.255028: sched_switch: prev_comm=Xorg prev_pid=549 prev_prio=120 prev_state=S ==> next_comm=swapper/3 next_pid=0 next_prio=120
          <idle>-0       [002] dnh.  4914.268536: sched_wakeup: comm=thd pid=373 prio=120 target_cpu=002
          <idle>-0       [000] dns.  4914.268538: sched_wakeup: comm=InputThread pid=565 prio=120 target_cpu=000
          <idle>-0       [002] d...  4914.268555: sched_switch: prev_comm=swapper/2 prev_pid=0 prev_prio=120 prev_state=R ==> next_comm=thd next_pid=373 next_prio=120
          <idle>-0       [000] d...  4914.268577: sched_switch: prev_comm=swapper/0 prev_pid=0 prev_prio=120 prev_state=R ==> next_comm=InputThread next_pid=565 next_prio=120
             thd-373     [002] d...  4914.268610: sched_switch: prev_comm=thd prev_pid=373 prev_prio=120 prev_state=S ==> next_comm=swapper/2 next_pid=0 next_prio=120
     InputThread-565     [000] d...  4914.268766: sched_switch: prev_comm=InputThread prev_pid=565 prev_prio=120 prev_state=D ==> next_comm=swapper/0 next_pid=0 next_prio=120
          <idle>-0       [000] dnh.  4914.268793: sched_wakeup: comm=InputThread pid=565 prio=120 target_cpu=000
          <idle>-0       [000] d...  4914.268812: sched_switch: prev_comm=swapper/0 prev_pid=0 prev_prio=120 prev_state=R ==> next_comm=InputThread next_pid=565 next_prio=120
     InputThread-565     [000] d...  4914.268890: sched_wakeup: comm=Xorg pid=549 prio=120 target_cpu=000
     InputThread-565     [000] d...  4914.268922: sched_switch: prev_comm=InputThread prev_pid=565 prev_prio=120 prev_state=S ==> next_comm=Xorg next_pid=549 next_prio=120
            Xorg-549     [000] dn..  4914.269031: sched_wakeup: comm=pcmanfm pid=701 prio=120 target_cpu=000
            Xorg-549     [000] d...  4914.269044: sched_switch: prev_comm=Xorg prev_pid=549 prev_prio=120 prev_state=R ==> next_comm=pcmanfm next_pid=701 next_prio=120
         pcmanfm-701     [000] d...  4914.269282: sched_switch: prev_comm=pcmanfm prev_pid=701 prev_prio=120 prev_state=S ==> next_comm=Xorg next_pid=549 next_prio=120
            Xorg-549     [000] dn..  4914.269378: sched_wakeup: comm=pcmanfm pid=701 prio=120 target_cpu=000
            Xorg-549     [000] d...  4914.269390: sched_switch: prev_comm=Xorg prev_pid=549 prev_prio=120 prev_state=R ==> next_comm=pcmanfm next_pid=701 next_prio=120
         pcmanfm-701     [000] d...  4914.269615: sched_switch: prev_comm=pcmanfm prev_pid=701 prev_prio=120 prev_state=S ==> next_comm=Xorg next_pid=549 next_prio=120
            Xorg-549     [000] d...  4914.269684: sched_switch: prev_comm=Xorg prev_pid=549 prev_prio=120 prev_state=S ==> next_comm=swapper/0 next_pid=0 next_prio=120
          <idle>-0       [002] dnh.  4914.284539: sched_wakeup: comm=thd pid=373 prio=120 target_cpu=002
          <idle>-0       [000] dns.  4914.284541: sched_wakeup: comm=InputThread pid=565 prio=120 target_cpu=000
          <idle>-0       [002] d...  4914.284558: sched_switch: prev_comm=swapper/2 prev_pid=0 prev_prio=120 prev_state=R ==> next_comm=thd next_pid=373 next_prio=120
          <idle>-0       [000] d...  4914.284586: sched_switch: prev_comm=swapper/0 prev_pid=0 prev_prio=120 prev_state=R ==> next_comm=InputThread next_pid=565 next_prio=120
             thd-373     [002] d...  4914.284632: sched_switch: prev_comm=thd prev_pid=373 prev_prio=120 prev_state=S ==> next_comm=swapper/2 next_pid=0 next_prio=120
     InputThread-565     [000] d...  4914.284797: sched_switch: prev_comm=InputThread prev_pid=565 prev_prio=120 prev_state=D ==> next_comm=swapper/0 next_pid=0 next_prio=120
          <idle>-0       [000] dnh.  4914.284812: sched_wakeup: comm=InputThread pid=565 prio=120 target_cpu=000
          <idle>-0       [000] d...  4914.284822: sched_switch: prev_comm=swapper/0 prev_pid=0 prev_prio=120 prev_state=R ==> next_comm=InputThread next_pid=565 next_prio=120
     InputThread-565     [000] d...  4914.284900: sched_wakeup: comm=Xorg pid=549 prio=120 target_cpu=000
     InputThread-565     [000] d...  4914.284933: sched_switch: prev_comm=InputThread prev_pid=565 prev_prio=120 prev_state=S ==> next_comm=Xorg next_pid=549 next_prio=120
            Xorg-549     [000] dn..  4914.285061: sched_wakeup: comm=pcmanfm pid=701 prio=120 target_cpu=000
            Xorg-549     [000] d...  4914.285074: sched_switch: prev_comm=Xorg prev_pid=549 prev_prio=120 prev_state=R ==> next_comm=pcmanfm next_pid=701 next_prio=120
         pcmanfm-701     [000] d.s.  4914.285209: sched_wakeup: comm=kworker/0:1 pid=1458 prio=120 target_cpu=000
         pcmanfm-701     [000] d...  4914.285384: sched_switch: prev_comm=pcmanfm prev_pid=701 prev_prio=120 prev_state=S ==> next_comm=kworker/0:1 next_pid=1458 next_prio=120
     kworker/0:1-1458    [000] d...  4914.285416: sched_switch: prev_comm=kworker/0:1 prev_pid=1458 prev_prio=120 prev_state=I ==> next_comm=Xorg next_pid=549 next_prio=120
            Xorg-549     [000] dn..  4914.285510: sched_wakeup: comm=pcmanfm pid=701 prio=120 target_cpu=000
            Xorg-549     [000] d...  4914.285523: sched_switch: prev_comm=Xorg prev_pid=549 prev_prio=120 prev_state=R ==> next_comm=pcmanfm next_pid=701 next_prio=120
         pcmanfm-701     [000] d...  4914.285758: sched_switch: prev_comm=pcmanfm prev_pid=701 prev_prio=120 prev_state=S ==> next_comm=Xorg next_pid=549 next_prio=120
            Xorg-549     [000] d...  4914.285813: sched_switch: prev_comm=Xorg prev_pid=549 prev_prio=120 prev_state=S ==> next_comm=swapper/0 next_pid=0 next_prio=120
          <idle>-0       [002] dnh.  4914.300539: sched_wakeup: comm=thd pid=373 prio=120 target_cpu=002
          <idle>-0       [000] dns.  4914.300543: sched_wakeup: comm=InputThread pid=565 prio=120 target_cpu=000
          <idle>-0       [002] d...  4914.300558: sched_switch: prev_comm=swapper/2 prev_pid=0 prev_prio=120 prev_state=R ==> next_comm=thd next_pid=373 next_prio=120
          <idle>-0       [000] d...  4914.300584: sched_switch: prev_comm=swapper/0 prev_pid=0 prev_prio=120 prev_state=R ==> next_comm=InputThread next_pid=565 next_prio=120
             thd-373     [002] d...  4914.300633: sched_switch: prev_comm=thd prev_pid=373 prev_prio=120 prev_state=S ==> next_comm=swapper/2 next_pid=0 next_prio=120
     InputThread-565     [000] d...  4914.300790: sched_switch: prev_comm=InputThread prev_pid=565 prev_prio=120 prev_state=D ==> next_comm=swapper/0 next_pid=0 next_prio=120
          <idle>-0       [000] dnh.  4914.300808: sched_wakeup: comm=InputThread pid=565 prio=120 target_cpu=000
          <idle>-0       [000] d...  4914.300819: sched_switch: prev_comm=swapper/0 prev_pid=0 prev_prio=120 prev_state=R ==> next_comm=InputThread next_pid=565 next_prio=120
     InputThread-565     [000] d...  4914.300898: sched_wakeup: comm=Xorg pid=549 prio=120 target_cpu=000
     InputThread-565     [000] d...  4914.300932: sched_switch: prev_comm=InputThread prev_pid=565 prev_prio=120 prev_state=S ==> next_comm=Xorg next_pid=549 next_prio=120
            Xorg-549     [000] dn..  4914.301036: sched_wakeup: comm=pcmanfm pid=701 prio=120 target_cpu=000
            Xorg-549     [000] d...  4914.301049: sched_switch: prev_comm=Xorg prev_pid=549 prev_prio=120 prev_state=R ==> next_comm=pcmanfm next_pid=701 next_prio=120
         pcmanfm-701     [000] d...  4914.301276: sched_switch: prev_comm=pcmanfm prev_pid=701 prev_prio=120 prev_state=S ==> next_comm=Xorg next_pid=549 next_prio=120
            Xorg-549     [000] dn..  4914.301368: sched_wakeup: comm=pcmanfm pid=701 prio=120 target_cpu=000
            Xorg-549     [000] d...  4914.301380: sched_switch: prev_comm=Xorg prev_pid=549 prev_prio=120 prev_state=R ==> next_comm=pcmanfm next_pid=701 next_prio=120
         pcmanfm-701     [000] d...  4914.301610: sched_switch: prev_comm=pcmanfm prev_pid=701 prev_prio=120 prev_state=S ==> next_comm=Xorg next_pid=549 next_prio=120
            Xorg-549     [000] d...  4914.301676: sched_switch: prev_comm=Xorg prev_pid=549 prev_prio=120 prev_state=S ==> next_comm=swapper/0 next_pid=0 next_prio=120
          <idle>-0       [002] dnh.  4914.316581: sched_wakeup: comm=thd pid=373 prio=120 target_cpu=002
          <idle>-0       [000] dns.  4914.316583: sched_wakeup: comm=InputThread pid=565 prio=120 target_cpu=000
          <idle>-0       [002] d...  4914.316599: sched_switch: prev_comm=swapper/2 prev_pid=0 prev_prio=120 prev_state=R ==> next_comm=thd next_pid=373 next_prio=120
          <idle>-0       [000] d...  4914.316626: sched_switch: prev_comm=swapper/0 prev_pid=0 prev_prio=120 prev_state=R ==> next_comm=InputThread next_pid=565 next_prio=120
             thd-373     [002] d...  4914.316671: sched_switch: prev_comm=thd prev_pid=373 prev_prio=120 prev_state=S ==> next_comm=swapper/2 next_pid=0 next_prio=120
     InputThread-565     [000] d...  4914.316836: sched_switch: prev_comm=InputThread prev_pid=565 prev_prio=120 prev_state=D ==> next_comm=swapper/0 next_pid=0 next_prio=120
          <idle>-0       [000] dnh.  4914.316872: sched_wakeup: comm=InputThread pid=565 prio=120 target_cpu=000
          <idle>-0       [000] d...  4914.316890: sched_switch: prev_comm=swapper/0 prev_pid=0 prev_prio=120 prev_state=R ==> next_comm=InputThread next_pid=565 next_prio=120
     InputThread-565     [000] d...  4914.316970: sched_wakeup: comm=Xorg pid=549 prio=120 target_cpu=000
     InputThread-565     [000] d...  4914.317002: sched_switch: prev_comm=InputThread prev_pid=565 prev_prio=120 prev_state=S ==> next_comm=Xorg next_pid=549 next_prio=120
            Xorg-549     [000] dn..  4914.317103: sched_wakeup: comm=pcmanfm pid=701 prio=120 target_cpu=000
            Xorg-549     [000] d...  4914.317115: sched_switch: prev_comm=Xorg prev_pid=549 prev_prio=120 prev_state=R ==> next_comm=pcmanfm next_pid=701 next_prio=120
         pcmanfm-701     [000] d...  4914.317343: sched_switch: prev_comm=pcmanfm prev_pid=701 prev_prio=120 prev_state=S ==> next_comm=Xorg next_pid=549 next_prio=120
            Xorg-549     [000] dn..  4914.317436: sched_wakeup: comm=pcmanfm pid=701 prio=120 target_cpu=000
            Xorg-549     [000] d...  4914.317447: sched_switch: prev_comm=Xorg prev_pid=549 prev_prio=120 prev_state=R ==> next_comm=pcmanfm next_pid=701 next_prio=120
         pcmanfm-701     [000] d...  4914.317673: sched_switch: prev_comm=pcmanfm prev_pid=701 prev_prio=120 prev_state=S ==> next_comm=Xorg next_pid=549 next_prio=120
            Xorg-549     [000] d...  4914.317739: sched_switch: prev_comm=Xorg prev_pid=549 prev_prio=120 prev_state=S ==> next_comm=swapper/0 next_pid=0 next_prio=120
          <idle>-0       [000] dns.  4914.325193: sched_wakeup: comm=kcompactd0 pid=39 prio=120 target_cpu=000
          <idle>-0       [000] d...  4914.325224: sched_switch: prev_comm=swapper/0 prev_pid=0 prev_prio=120 prev_state=R ==> next_comm=kcompactd0 next_pid=39 next_prio=120
           <...>-39      [000] d...  4914.325252: sched_switch: prev_comm=kcompactd0 prev_pid=39 prev_prio=120 prev_state=S ==> next_comm=swapper/0 next_pid=0 next_prio=120
          <idle>-0       [002] dnh.  4914.332513: sched_wakeup: comm=thd pid=373 prio=120 target_cpu=002
          <idle>-0       [000] dns.  4914.332514: sched_wakeup: comm=InputThread pid=565 prio=120 target_cpu=000
          <idle>-0       [002] d...  4914.332530: sched_switch: prev_comm=swapper/2 prev_pid=0 prev_prio=120 prev_state=R ==> next_comm=thd next_pid=373 next_prio=120
          <idle>-0       [000] d...  4914.332554: sched_switch: prev_comm=swapper/0 prev_pid=0 prev_prio=120 prev_state=R ==> next_comm=InputThread next_pid=565 next_prio=120
             thd-373     [002] d...  4914.332603: sched_switch: prev_comm=thd prev_pid=373 prev_prio=120 prev_state=S ==> next_comm=swapper/2 next_pid=0 next_prio=120
     InputThread-565     [000] d...  4914.332761: sched_switch: prev_comm=InputThread prev_pid=565 prev_prio=120 prev_state=D ==> next_comm=swapper/0 next_pid=0 next_prio=120
          <idle>-0       [000] dnh.  4914.332780: sched_wakeup: comm=InputThread pid=565 prio=120 target_cpu=000
          <idle>-0       [000] d...  4914.332791: sched_switch: prev_comm=swapper/0 prev_pid=0 prev_prio=120 prev_state=R ==> next_comm=InputThread next_pid=565 next_prio=120
     InputThread-565     [000] d...  4914.332867: sched_wakeup: comm=Xorg pid=549 prio=120 target_cpu=000
     InputThread-565     [000] d...  4914.332900: sched_switch: prev_comm=InputThread prev_pid=565 prev_prio=120 prev_state=S ==> next_comm=Xorg next_pid=549 next_prio=120
            Xorg-549     [000] dn..  4914.333002: sched_wakeup: comm=pcmanfm pid=701 prio=120 target_cpu=000
            Xorg-549     [000] d...  4914.333015: sched_switch: prev_comm=Xorg prev_pid=549 prev_prio=120 prev_state=R ==> next_comm=pcmanfm next_pid=701 next_prio=120
         pcmanfm-701     [000] d...  4914.333249: sched_switch: prev_comm=pcmanfm prev_pid=701 prev_prio=120 prev_state=S ==> next_comm=Xorg next_pid=549 next_prio=120
            Xorg-549     [000] dn..  4914.333338: sched_wakeup: comm=pcmanfm pid=701 prio=120 target_cpu=000
            Xorg-549     [000] d...  4914.333350: sched_switch: prev_comm=Xorg prev_pid=549 prev_prio=120 prev_state=R ==> next_comm=pcmanfm next_pid=701 next_prio=120
         pcmanfm-701     [000] d...  4914.333578: sched_switch: prev_comm=pcmanfm prev_pid=701 prev_prio=120 prev_state=S ==> next_comm=Xorg next_pid=549 next_prio=120
            Xorg-549     [000] d...  4914.333638: sched_switch: prev_comm=Xorg prev_pid=549 prev_prio=120 prev_state=S ==> next_comm=swapper/0 next_pid=0 next_prio=120
          <idle>-0       [002] dnh.  4914.348515: sched_wakeup: comm=thd pid=373 prio=120 target_cpu=002
          <idle>-0       [000] dns.  4914.348516: sched_wakeup: comm=InputThread pid=565 prio=120 target_cpu=000
          <idle>-0       [002] dnh.  4914.348525: sched_wakeup: comm=kworker/2:0 pid=1292 prio=120 target_cpu=002
          <idle>-0       [002] d...  4914.348554: sched_switch: prev_comm=swapper/2 prev_pid=0 prev_prio=120 prev_state=R ==> next_comm=kworker/2:0 next_pid=1292 next_prio=120
          <idle>-0       [000] d...  4914.348585: sched_switch: prev_comm=swapper/0 prev_pid=0 prev_prio=120 prev_state=R ==> next_comm=InputThread next_pid=565 next_prio=120
     kworker/2:0-1292    [002] d...  4914.348642: sched_switch: prev_comm=kworker/2:0 prev_pid=1292 prev_prio=120 prev_state=D ==> next_comm=thd next_pid=373 next_prio=120
             thd-373     [002] dnh.  4914.348664: sched_wakeup: comm=kworker/2:0 pid=1292 prio=120 target_cpu=002
             thd-373     [002] d...  4914.348675: sched_switch: prev_comm=thd prev_pid=373 prev_prio=120 prev_state=R ==> next_comm=kworker/2:0 next_pid=1292 next_prio=120
     kworker/2:0-1292    [002] d...  4914.348738: sched_switch: prev_comm=kworker/2:0 prev_pid=1292 prev_prio=120 prev_state=D ==> next_comm=thd next_pid=373 next_prio=120
     InputThread-565     [000] d...  4914.348785: sched_switch: prev_comm=InputThread prev_pid=565 prev_prio=120 prev_state=D ==> next_comm=swapper/0 next_pid=0 next_prio=120
             thd-373     [002] d...  4914.348806: sched_switch: prev_comm=thd prev_pid=373 prev_prio=120 prev_state=S ==> next_comm=swapper/2 next_pid=0 next_prio=120
          <idle>-0       [002] dnh.  4914.351967: sched_wakeup: comm=kworker/2:0 pid=1292 prio=120 target_cpu=002
          <idle>-0       [002] d...  4914.351982: sched_switch: prev_comm=swapper/2 prev_pid=0 prev_prio=120 prev_state=R ==> next_comm=kworker/2:0 next_pid=1292 next_prio=120
     kworker/2:0-1292    [002] d...  4914.352001: sched_wakeup: comm=InputThread pid=565 prio=120 target_cpu=002
     kworker/2:0-1292    [002] d...  4914.352043: sched_switch: prev_comm=kworker/2:0 prev_pid=1292 prev_prio=120 prev_state=D ==> next_comm=InputThread next_pid=565 next_prio=120
     InputThread-565     [002] d...  4914.352061: sched_switch: prev_comm=InputThread prev_pid=565 prev_prio=120 prev_state=D ==> next_comm=swapper/2 next_pid=0 next_prio=120
          <idle>-0       [002] dnh.  4914.352069: sched_wakeup: comm=kworker/2:0 pid=1292 prio=120 target_cpu=002
          <idle>-0       [002] d...  4914.352074: sched_switch: prev_comm=swapper/2 prev_pid=0 prev_prio=120 prev_state=R ==> next_comm=kworker/2:0 next_pid=1292 next_prio=120
     kworker/2:0-1292    [002] d...  4914.352087: sched_wakeup: comm=InputThread pid=565 prio=120 target_cpu=002
     kworker/2:0-1292    [002] d...  4914.352110: sched_switch: prev_comm=kworker/2:0 prev_pid=1292 prev_prio=120 prev_state=I ==> next_comm=InputThread next_pid=565 next_prio=120
     InputThread-565     [002] d...  4914.352146: sched_switch: prev_comm=InputThread prev_pid=565 prev_prio=120 prev_state=D ==> next_comm=swapper/2 next_pid=0 next_prio=120
          <idle>-0       [002] dnh.  4914.352167: sched_wakeup: comm=InputThread pid=565 prio=120 target_cpu=002
          <idle>-0       [002] d...  4914.352183: sched_switch: prev_comm=swapper/2 prev_pid=0 prev_prio=120 prev_state=R ==> next_comm=InputThread next_pid=565 next_prio=120
          <idle>-0       [000] dnh.  4914.352277: sched_wakeup: comm=Xorg pid=549 prio=120 target_cpu=000
     InputThread-565     [002] d...  4914.352293: sched_switch: prev_comm=InputThread prev_pid=565 prev_prio=120 prev_state=S ==> next_comm=swapper/2 next_pid=0 next_prio=120
          <idle>-0       [000] d...  4914.352294: sched_switch: prev_comm=swapper/0 prev_pid=0 prev_prio=120 prev_state=R ==> next_comm=Xorg next_pid=549 next_prio=120
            Xorg-549     [000] dn..  4914.352386: sched_wakeup: comm=pcmanfm pid=701 prio=120 target_cpu=000
            Xorg-549     [000] d...  4914.352398: sched_switch: prev_comm=Xorg prev_pid=549 prev_prio=120 prev_state=R ==> next_comm=pcmanfm next_pid=701 next_prio=120
         pcmanfm-701     [000] d...  4914.352679: sched_switch: prev_comm=pcmanfm prev_pid=701 prev_prio=120 prev_state=S ==> next_comm=Xorg next_pid=549 next_prio=120
            Xorg-549     [000] dn..  4914.352724: sched_wakeup: comm=openbox pid=694 prio=120 target_cpu=000
            Xorg-549     [000] d...  4914.352735: sched_switch: prev_comm=Xorg prev_pid=549 prev_prio=120 prev_state=R ==> next_comm=openbox next_pid=694 next_prio=120
         openbox-694     [000] d...  4914.352888: sched_switch: prev_comm=openbox prev_pid=694 prev_prio=120 prev_state=S ==> next_comm=Xorg next_pid=549 next_prio=120
            Xorg-549     [000] dn..  4914.352921: sched_wakeup: comm=openbox pid=694 prio=120 target_cpu=000
            Xorg-549     [000] d...  4914.352930: sched_switch: prev_comm=Xorg prev_pid=549 prev_prio=120 prev_state=R ==> next_comm=openbox next_pid=694 next_prio=120
         openbox-694     [000] d...  4914.353032: sched_switch: prev_comm=openbox prev_pid=694 prev_prio=120 prev_state=S ==> next_comm=Xorg next_pid=549 next_prio=120
            Xorg-549     [000] d...  4914.353324: sched_switch: prev_comm=Xorg prev_pid=549 prev_prio=120 prev_state=D ==> next_comm=swapper/0 next_pid=0 next_prio=120
          <idle>-0       [000] dnh.  4914.353337: sched_wakeup: comm=Xorg pid=549 prio=120 target_cpu=000
          <idle>-0       [000] d...  4914.353346: sched_switch: prev_comm=swapper/0 prev_pid=0 prev_prio=120 prev_state=R ==> next_comm=Xorg next_pid=549 next_prio=120
            Xorg-549     [000] d...  4914.353449: sched_switch: prev_comm=Xorg prev_pid=549 prev_prio=120 prev_state=D ==> next_comm=swapper/0 next_pid=0 next_prio=120
          <idle>-0       [000] dnh.  4914.353536: sched_wakeup: comm=Xorg pid=549 prio=120 target_cpu=000
          <idle>-0       [000] d...  4914.353554: sched_switch: prev_comm=swapper/0 prev_pid=0 prev_prio=120 prev_state=R ==> next_comm=Xorg next_pid=549 next_prio=120
            Xorg-549     [000] dn..  4914.353616: sched_wakeup: comm=openbox pid=694 prio=120 target_cpu=000
            Xorg-549     [000] d...  4914.353626: sched_switch: prev_comm=Xorg prev_pid=549 prev_prio=120 prev_state=R ==> next_comm=openbox next_pid=694 next_prio=120
         openbox-694     [000] d...  4914.353751: sched_switch: prev_comm=openbox prev_pid=694 prev_prio=120 prev_state=S ==> next_comm=Xorg next_pid=549 next_prio=120
            Xorg-549     [000] d...  4914.353810: sched_switch: prev_comm=Xorg prev_pid=549 prev_prio=120 prev_state=S ==> next_comm=swapper/0 next_pid=0 next_prio=120
          <idle>-0       [002] dnh.  4914.364548: sched_wakeup: comm=thd pid=373 prio=120 target_cpu=002
          <idle>-0       [002] dnh.  4914.364555: sched_wakeup: comm=InputThread pid=565 prio=120 target_cpu=002
          <idle>-0       [002] d...  4914.364571: sched_switch: prev_comm=swapper/2 prev_pid=0 prev_prio=120 prev_state=R ==> next_comm=InputThread next_pid=565 next_prio=120
     InputThread-565     [002] d...  4914.364737: sched_switch: prev_comm=InputThread prev_pid=565 prev_prio=120 prev_state=D ==> next_comm=thd next_pid=373 next_prio=120
             thd-373     [002] dnh.  4914.364753: sched_wakeup: comm=InputThread pid=565 prio=120 target_cpu=002
             thd-373     [002] d...  4914.364763: sched_switch: prev_comm=thd prev_pid=373 prev_prio=120 prev_state=R+ ==> next_comm=InputThread next_pid=565 next_prio=120
          <idle>-0       [000] dnh.  4914.364839: sched_wakeup: comm=Xorg pid=549 prio=120 target_cpu=000
     InputThread-565     [002] d...  4914.364855: sched_switch: prev_comm=InputThread prev_pid=565 prev_prio=120 prev_state=S ==> next_comm=thd next_pid=373 next_prio=120
          <idle>-0       [000] d...  4914.364857: sched_switch: prev_comm=swapper/0 prev_pid=0 prev_prio=120 prev_state=R ==> next_comm=Xorg next_pid=549 next_prio=120
             thd-373     [002] d...  4914.364934: sched_switch: prev_comm=thd prev_pid=373 prev_prio=120 prev_state=S ==> next_comm=swapper/2 next_pid=0 next_prio=120
            Xorg-549     [000] dn..  4914.364972: sched_wakeup: comm=openbox pid=694 prio=120 target_cpu=000
            Xorg-549     [000] d...  4914.364983: sched_switch: prev_comm=Xorg prev_pid=549 prev_prio=120 prev_state=R ==> next_comm=openbox next_pid=694 next_prio=120
         openbox-694     [000] d...  4914.365106: sched_switch: prev_comm=openbox prev_pid=694 prev_prio=120 prev_state=S ==> next_comm=Xorg next_pid=549 next_prio=120
            Xorg-549     [000] dn..  4914.365137: sched_wakeup: comm=openbox pid=694 prio=120 target_cpu=000
            Xorg-549     [000] d...  4914.365147: sched_switch: prev_comm=Xorg prev_pid=549 prev_prio=120 prev_state=R ==> next_comm=openbox next_pid=694 next_prio=120
